05-28 13:37:18.563 I/chatty  ( 3250): uid=10029(u0_a29) com.iflytek.xiri identical 1 line
05-28 13:37:18.569 D/XiriAccessibilityService( 3250): [2] onAccessibilityEvent
05-28 13:37:18.596 W/vf_audio_hw( 2366): data chan socket @/data/misc/bluedroid/.voice_data connect errno=[111], err=[Connection refused]
05-28 13:37:18.662 D/XiriAccessibilityService( 3250): [2] onAccessibilityEvent
05-28 13:37:18.912 I/chatty  ( 3250): uid=10029(u0_a29) com.iflytek.xiri identical 6 lines
05-28 13:37:18.913 D/XiriAccessibilityService( 3250): [2] onAccessibilityEvent
05-28 13:37:18.967 W/bmaudio_hw_default( 2366): data chan socket /data/misc/bluedroid/.le_data connect errno=[111], err=[Connection refused]
05-28 13:37:18.978 D/XiriAccessibilityService( 3250): [2] onAccessibilityEvent
05-28 13:37:19.145 I/chatty  ( 3250): uid=10029(u0_a29) com.iflytek.xiri identical 6 lines
05-28 13:37:19.178 D/XiriAccessibilityService( 3250): [2] onAccessibilityEvent
05-28 13:37:19.204 D/WifiStateMachine( 2338):  ConnectedState !CMD_RSSI_POLL rt=110956710/110956710 18 0 "TP-LINK_6458" 30:fc:68:8f:64:58 rssi=-40 f=2437 sc=60 link=72 tx=192.0, 0.0, 0.0  rx=266.8 bcn=0 [on:0 tx:0 rx:0 period:3002] from screen [on:0 period:1506339684] score=60
05-28 13:37:19.205 D/WifiStateMachine( 2338):  L2ConnectedState !CMD_RSSI_POLL rt=110956711/110956711 18 0 "TP-LINK_6458" 30:fc:68:8f:64:58 rssi=-40 f=2437 sc=60 link=72 tx=192.0, 0.0, 0.0  rx=266.8 bcn=0 [on:0 tx:0 rx:0 period:1] from screen [on:0 period:1506339685] score=60
05-28 13:37:19.205 D/WifiStateMachine( 2338):  get link layer stats 0
05-28 13:37:19.206 D/WifiStateMachine( 2338): fetchRssiLinkSpeedAndFrequencyNative rssi=-40 linkspeed=72 freq=2437
05-28 13:37:19.207 V/WifiConfigManager 2018.2.28( 2338): Updating scan detail cache freq=2437 BSSID=30:fc:68:8f:64:58 RSSI=-39 for "TP-LINK_6458"WPA_PSK
05-28 13:37:20.520 W/vf_audio_hw( 2366): ctrl chan socket @/data/misc/bluedroid/.voice_ctrl connect errno=[111], err=[Connection refused]
05-28 13:37:20.596 W/vf_audio_hw( 2366): data chan socket @/data/misc/bluedroid/.voice_data connect errno=[111], err=[Connection refused]
05-28 13:37:20.967 W/bmaudio_hw_default( 2366): data chan socket /data/misc/bluedroid/.le_data connect errno=[111], err=[Connection refused]
05-28 13:37:21.329 D/XiriAccessibilityService( 3250): [2] onAccessibilityEvent
05-28 13:37:21.946 I/chatty  ( 3250): uid=10029(u0_a29) com.iflytek.xiri identical 16 lines
05-28 13:37:21.994 D/XiriAccessibilityService( 3250): [2] onAccessibilityEvent
05-28 13:37:22.037 D/ControlCenterWorkThread( 7269): refreshDevices...
05-28 13:37:22.041 D/ControlCenterWorkThread( 7269): Mcontroller controlCenterWorkThread MCstartSearch
05-28 13:37:22.045 D/XiriAccessibilityService( 3250): [2] onAccessibilityEvent
05-28 13:37:22.146 I/chatty  ( 3250): uid=10029(u0_a29) com.iflytek.xiri identical 3 lines
05-28 13:37:22.194 D/XiriAccessibilityService( 3250): [2] onAccessibilityEvent
05-28 13:37:22.210 D/WifiStateMachine( 2338):  ConnectedState !CMD_RSSI_POLL rt=110959716/110959716 18 0 "TP-LINK_6458" 30:fc:68:8f:64:58 rssi=-40 f=2437 sc=60 link=72 tx=189.5, 0.0, 0.0  rx=226.4 bcn=0 [on:0 tx:0 rx:0 period:3001] from screen [on:0 period:1506342690] score=60
05-28 13:37:22.211 D/WifiStateMachine( 2338):  L2ConnectedState !CMD_RSSI_POLL rt=110959717/110959717 18 0 "TP-LINK_6458" 30:fc:68:8f:64:58 rssi=-40 f=2437 sc=60 link=72 tx=189.5, 0.0, 0.0  rx=226.4 bcn=0 [on:0 tx:0 rx:0 period:1] from screen [on:0 period:1506342691] score=60
05-28 13:37:22.211 D/WifiStateMachine( 2338):  get link layer stats 0
05-28 13:37:22.212 D/WifiStateMachine( 2338): fetchRssiLinkSpeedAndFrequencyNative rssi=-40 linkspeed=72 freq=2437
05-28 13:37:22.212 V/WifiConfigManager 2018.2.28( 2338): Updating scan detail cache freq=2437 BSSID=30:fc:68:8f:64:58 RSSI=-39 for "TP-LINK_6458"WPA_PSK
05-28 13:37:22.520 W/vf_audio_hw( 2366): ctrl chan socket @/data/misc/bluedroid/.voice_ctrl connect errno=[111], err=[Connection refused]
05-28 13:37:22.596 W/vf_audio_hw( 2366): data chan socket @/data/misc/bluedroid/.voice_data connect errno=[111], err=[Connection refused]
05-28 13:37:22.927 D/vf_audio_hw( 2366): heart beat sended to xiri
05-28 13:37:22.928 D/LocalSocketTransmitVoice( 3250): [91] read string=heart_beat
05-28 13:37:22.950 D/XiriTopActivityManager( 3250): [2] setTopActivityClsName = com.smart.changhong.smartipptv.MainActivity
05-28 13:37:22.968 W/bmaudio_hw_default( 2366): data chan socket /data/misc/bluedroid/.le_data connect errno=[111], err=[Connection refused]
05-28 13:37:23.060 D/CH_NTP NtpTrustedTime 2018.9.21( 2338): currentTimeMillis() cache hit
05-28 13:37:23.071 D/CH_NTP NtpTrustedTime 2018.9.21( 2338): currentTimeMillis() cache hit
05-28 13:37:23.072 D/CH_NTP NtpTrustedTime 2018.9.21( 2338): currentTimeMillis() cache hit
05-28 13:37:23.072 D/CH_NTP NtpTrustedTime 2018.9.21( 2338): currentTimeMillis() cache hit
05-28 13:37:23.285 V/IPP3.4  ( 1806): Client:recv 12 from 192.168.1.165:17958
05-28 13:37:24.337 D/XiriAccessibilityService( 3250): [2] onAccessibilityEvent
05-28 13:37:24.466 I/chatty  ( 3250): uid=10029(u0_a29) com.iflytek.xiri identical 3 lines
05-28 13:37:24.467 D/XiriAccessibilityService( 3250): [2] onAccessibilityEvent
05-28 13:37:24.520 W/vf_audio_hw( 2366): ctrl chan socket @/data/misc/bluedroid/.voice_ctrl connect errno=[111], err=[Connection refused]
05-28 13:37:24.552 D/XiriAccessibilityService( 3250): [2] onAccessibilityEvent
05-28 13:37:24.594 I/chatty  ( 3250): uid=10029(u0_a29) com.iflytek.xiri identical 1 line
05-28 13:37:24.594 D/XiriAccessibilityService( 3250): [2] onAccessibilityEvent
05-28 13:37:24.597 W/vf_audio_hw( 2366): data chan socket @/data/misc/bluedroid/.voice_data connect errno=[111], err=[Connection refused]
05-28 13:37:24.659 D/XiriAccessibilityService( 3250): [2] onAccessibilityEvent
05-28 13:37:24.928 I/chatty  ( 3250): uid=10029(u0_a29) com.iflytek.xiri identical 7 lines
05-28 13:37:24.946 D/XiriAccessibilityService( 3250): [2] onAccessibilityEvent
05-28 13:37:24.968 W/bmaudio_hw_default( 2366): data chan socket /data/misc/bluedroid/.le_data connect errno=[111], err=[Connection refused]
05-28 13:37:24.981 D/XiriAccessibilityService( 3250): [2] onAccessibilityEvent
05-28 13:37:25.179 I/chatty  ( 3250): uid=10029(u0_a29) com.iflytek.xiri identical 7 lines
05-28 13:37:25.210 D/XiriAccessibilityService( 3250): [2] onAccessibilityEvent
05-28 13:37:25.213 D/WifiStateMachine( 2338):  ConnectedState !CMD_RSSI_POLL rt=110962720/110962720 18 0 "TP-LINK_6458" 30:fc:68:8f:64:58 rssi=-40 f=2437 sc=60 link=72 tx=238.8, 0.0, 0.0  rx=261.7 bcn=0 [on:0 tx:0 rx:0 period:3000] from screen [on:0 period:1506345693] score=60
05-28 13:37:25.214 D/WifiStateMachine( 2338):  L2ConnectedState !CMD_RSSI_POLL rt=110962720/110962720 18 0 "TP-LINK_6458" 30:fc:68:8f:64:58 rssi=-40 f=2437 sc=60 link=72 tx=238.8, 0.0, 0.0  rx=261.7 bcn=0 [on:0 tx:0 rx:0 period:1] from screen [on:0 period:1506345694] score=60
05-28 13:37:25.214 D/WifiStateMachine( 2338):  get link layer stats 0
05-28 13:37:25.215 D/WifiStateMachine( 2338): fetchRssiLinkSpeedAndFrequencyNative rssi=-40 linkspeed=72 freq=2437
05-28 13:37:25.215 V/WifiConfigManager 2018.2.28( 2338): Updating scan detail cache freq=2437 BSSID=30:fc:68:8f:64:58 RSSI=-39 for "TP-LINK_6458"WPA_PSK
05-28 13:37:26.520 W/vf_audio_hw( 2366): ctrl chan socket @/data/misc/bluedroid/.voice_ctrl connect errno=[111], err=[Connection refused]
05-28 13:37:26.598 W/vf_audio_hw( 2366): data chan socket @/data/misc/bluedroid/.voice_data connect errno=[111], err=[Connection refused]
05-28 13:37:26.968 W/bmaudio_hw_default( 2366): data chan socket /data/misc/bluedroid/.le_data connect errno=[111], err=[Connection refused]
05-28 13:37:27.344 D/XiriAccessibilityService( 3250): [2] onAccessibilityEvent
05-28 13:37:27.458 I/chatty  ( 3250): uid=10029(u0_a29) com.iflytek.xiri identical 2 lines
05-28 13:37:27.463 D/XiriAccessibilityService( 3250): [2] onAccessibilityEvent
05-28 13:37:27.484 V/IPP3.4  ( 1806): Client:recv 12 from 192.168.1.187:17702
05-28 13:37:27.502 D/XiriAccessibilityService( 3250): [2] onAccessibilityEvent
05-28 13:37:27.847 I/chatty  ( 3250): uid=10029(u0_a29) com.iflytek.xiri identical 9 lines
05-28 13:37:27.897 D/XiriAccessibilityService( 3250): [2] onAccessibilityEvent
05-28 13:37:27.931 D/vf_audio_hw( 2366): heart beat sended to xiri
05-28 13:37:27.932 D/LocalSocketTransmitVoice( 3250): [91] read string=heart_beat
05-28 13:37:27.955 D/XiriAccessibilityService( 3250): [2] onAccessibilityEvent
05-28 13:37:27.968 D/XiriAccessibilityService( 3250): [2] onAccessibilityEvent
05-28 13:37:27.977 D/XiriTopActivityManager( 3250): [2] setTopActivityClsName = com.smart.changhong.smartipptv.MainActivity
05-28 13:37:28.012 D/XiriAccessibilityService( 3250): [2] onAccessibilityEvent
05-28 13:37:28.151 I/chatty  ( 3250): uid=10029(u0_a29) com.iflytek.xiri identical 4 lines
05-28 13:37:28.213 D/XiriAccessibilityService( 3250): [2] onAccessibilityEvent
05-28 13:37:28.218 D/WifiStateMachine( 2338):  ConnectedState !CMD_RSSI_POLL rt=110965724/110965724 18 0 "TP-LINK_6458" 30:fc:68:8f:64:58 rssi=-40 f=2437 sc=60 link=72 tx=269.9, 0.0, 0.0  rx=289.8 bcn=0 [on:0 tx:0 rx:0 period:3002] from screen [on:0 period:1506348698] score=60
05-28 13:37:28.219 D/WifiStateMachine( 2338):  L2ConnectedState !CMD_RSSI_POLL rt=110965725/110965725 18 0 "TP-LINK_6458" 30:fc:68:8f:64:58 rssi=-40 f=2437 sc=60 link=72 tx=269.9, 0.0, 0.0  rx=289.8 bcn=0 [on:0 tx:0 rx:0 period:1] from screen [on:0 period:1506348699] score=60
05-28 13:37:28.219 D/WifiStateMachine( 2338):  get link layer stats 0
05-28 13:37:28.220 D/WifiStateMachine( 2338): fetchRssiLinkSpeedAndFrequencyNative rssi=-40 linkspeed=72 freq=2437
05-28 13:37:28.220 V/WifiConfigManager 2018.2.28( 2338): Updating scan detail cache freq=2437 BSSID=30:fc:68:8f:64:58 RSSI=-39 for "TP-LINK_6458"WPA_PSK
05-28 13:37:28.521 W/vf_audio_hw( 2366): ctrl chan socket @/data/misc/bluedroid/.voice_ctrl connect errno=[111], err=[Connection refused]
05-28 13:37:28.598 W/vf_audio_hw( 2366): data chan socket @/data/misc/bluedroid/.voice_data connect errno=[111], err=[Connection refused]
05-28 13:37:28.968 W/bmaudio_hw_default( 2366): data chan socket /data/misc/bluedroid/.le_data connect errno=[111], err=[Connection refused]
05-28 13:37:30.209 D/CH_NTP NtpTrustedTime 2018.9.21( 2338): currentTimeMillis() cache hit
05-28 13:37:30.227 D/CH_NTP NtpTrustedTime 2018.9.21( 2338): currentTimeMillis() cache hit
05-28 13:37:30.229 D/CH_NTP NtpTrustedTime 2018.9.21( 2338): currentTimeMillis() cache hit
05-28 13:37:30.229 D/CH_NTP NtpTrustedTime 2018.9.21( 2338): currentTimeMillis() cache hit
05-28 13:37:30.352 D/XiriAccessibilityService( 3250): [2] onAccessibilityEvent
05-28 13:37:30.485 I/chatty  ( 3250): uid=10029(u0_a29) com.iflytek.xiri identical 3 lines
05-28 13:37:30.488 D/XiriAccessibilityService( 3250): [2] onAccessibilityEvent
05-28 13:37:30.521 W/vf_audio_hw( 2366): ctrl chan socket @/data/misc/bluedroid/.voice_ctrl connect errno=[111], err=[Connection refused]
05-28 13:37:30.563 D/XiriAccessibilityService( 3250): [2] onAccessibilityEvent
05-28 13:37:30.598 W/vf_audio_hw( 2366): data chan socket @/data/misc/bluedroid/.voice_data connect errno=[111], err=[Connection refused]
05-28 13:37:30.610 D/XiriAccessibilityService( 3250): [2] onAccessibilityEvent
05-28 13:37:30.852 I/chatty  ( 3250): uid=10029(u0_a29) com.iflytek.xiri identical 7 lines
05-28 13:37:30.878 D/XiriAccessibilityService( 3250): [2] onAccessibilityEvent
05-28 13:37:30.969 W/bmaudio_hw_default( 2366): data chan socket /data/misc/bluedroid/.le_data connect errno=[111], err=[Connection refused]
05-28 13:37:30.970 D/XiriAccessibilityService( 3250): [2] onAccessibilityEvent
05-28 13:37:31.166 I/chatty  ( 3250): uid=10029(u0_a29) com.iflytek.xiri identical 6 lines
05-28 13:37:31.182 D/XiriAccessibilityService( 3250): [2] onAccessibilityEvent
05-28 13:37:31.224 D/WifiStateMachine( 2338):  ConnectedState !CMD_RSSI_POLL rt=110968730/110968730 18 0 "TP-LINK_6458" 30:fc:68:8f:64:58 rssi=-40 f=2437 sc=60 link=72 tx=312.9, 0.0, 0.0  rx=317.9 bcn=0 [on:0 tx:0 rx:0 period:3003] from screen [on:0 period:1506351704] score=60
05-28 13:37:31.224 D/WifiStateMachine( 2338):  L2ConnectedState !CMD_RSSI_POLL rt=110968731/110968731 18 0 "TP-LINK_6458" 30:fc:68:8f:64:58 rssi=-40 f=2437 sc=60 link=72 tx=312.9, 0.0, 0.0  rx=317.9 bcn=0 [on:0 tx:0 rx:0 period:0] from screen [on:0 period:1506351704] score=60
05-28 13:37:31.224 D/WifiStateMachine( 2338):  get link layer stats 0
05-28 13:37:31.225 D/WifiStateMachine( 2338): fetchRssiLinkSpeedAndFrequencyNative rssi=-40 linkspeed=72 freq=2437
05-28 13:37:31.225 V/WifiConfigManager 2018.2.28( 2338): Updating scan detail cache freq=2437 BSSID=30:fc:68:8f:64:58 RSSI=-39 for "TP-LINK_6458"WPA_PSK
05-28 13:37:31.228 D/XiriAccessibilityService( 3250): [2] onAccessibilityEvent
05-28 13:37:31.426 D/CH_NTP NtpTrustedTime 2018.9.21( 2338): currentTimeMillis() cache hit
05-28 13:37:31.440 D/CH_NTP NtpTrustedTime 2018.9.21( 2338): currentTimeMillis() cache hit
05-28 13:37:31.441 D/CH_NTP NtpTrustedTime 2018.9.21( 2338): currentTimeMillis() cache hit
05-28 13:37:31.441 D/CH_NTP NtpTrustedTime 2018.9.21( 2338): currentTimeMillis() cache hit
05-28 13:37:32.081 D/ControlCenterWorkThread( 7269): refreshDevices...
05-28 13:37:32.082 D/ControlCenterWorkThread( 7269): Mcontroller controlCenterWorkThread MCstartSearch
05-28 13:37:32.521 W/vf_audio_hw( 2366): ctrl chan socket @/data/misc/bluedroid/.voice_ctrl connect errno=[111], err=[Connection refused]
05-28 13:37:32.598 W/vf_audio_hw( 2366): data chan socket @/data/misc/bluedroid/.voice_data connect errno=[111], err=[Connection refused]
05-28 13:37:32.832 D/CH_NTP NtpTrustedTime 2018.9.21( 2338): currentTimeMillis() cache hit
05-28 13:37:32.843 D/CH_NTP NtpTrustedTime 2018.9.21( 2338): currentTimeMillis() cache hit
05-28 13:37:32.844 D/CH_NTP NtpTrustedTime 2018.9.21( 2338): currentTimeMillis() cache hit
05-28 13:37:32.844 D/CH_NTP NtpTrustedTime 2018.9.21( 2338): currentTimeMillis() cache hit
05-28 13:37:32.936 D/vf_audio_hw( 2366): heart beat sended to xiri
05-28 13:37:32.936 D/LocalSocketTransmitVoice( 3250): [91] read string=heart_beat
05-28 13:37:32.961 E/MediaPlayerService( 2377): onvif_get_addaddr time out to find camera
05-28 13:37:32.961 E/CameraService( 2367): func:waitForOnvifEvent line:209 url= ch_ipcamera_num=0 mNumberOfCameras=0 g_sleep_time=9 g_camera_url=
05-28 13:37:32.969 W/bmaudio_hw_default( 2366): data chan socket /data/misc/bluedroid/.le_data connect errno=[111], err=[Connection refused]
05-28 13:37:32.994 D/XiriTopActivityManager( 3250): [2] setTopActivityClsName = com.smart.changhong.smartipptv.MainActivity
05-28 13:37:33.363 D/XiriAccessibilityService( 3250): [2] onAccessibilityEvent
05-28 13:37:34.181 I/chatty  ( 3250): uid=10029(u0_a29) com.iflytek.xiri identical 28 lines
05-28 13:37:34.228 D/XiriAccessibilityService( 3250): [2] onAccessibilityEvent
05-28 13:37:34.229 D/WifiStateMachine( 2338):  ConnectedState !CMD_RSSI_POLL rt=110971735/110971735 18 0 "TP-LINK_6458" 30:fc:68:8f:64:58 rssi=-40 f=2437 sc=60 link=72 tx=594.5, 0.0, 0.0  rx=715.5 bcn=0 [on:0 tx:0 rx:0 period:3003] from screen [on:0 period:1506354709] score=60
05-28 13:37:34.229 D/WifiStateMachine( 2338):  L2ConnectedState !CMD_RSSI_POLL rt=110971736/110971736 18 0 "TP-LINK_6458" 30:fc:68:8f:64:58 rssi=-40 f=2437 sc=60 link=72 tx=594.5, 0.0, 0.0  rx=715.5 bcn=0 [on:0 tx:0 rx:0 period:0] from screen [on:0 period:1506354709] score=60
05-28 13:37:34.229 D/WifiStateMachine( 2338):  get link layer stats 0
05-28 13:37:34.230 D/WifiStateMachine( 2338): fetchRssiLinkSpeedAndFrequencyNative rssi=-41 linkspeed=72 freq=2437
05-28 13:37:34.230 V/WifiConfigManager 2018.2.28( 2338): Updating scan detail cache freq=2437 BSSID=30:fc:68:8f:64:58 RSSI=-40 for "TP-LINK_6458"WPA_PSK
05-28 13:37:34.521 W/vf_audio_hw( 2366): ctrl chan socket @/data/misc/bluedroid/.voice_ctrl connect errno=[111], err=[Connection refused]
05-28 13:37:34.599 W/vf_audio_hw( 2366): data chan socket @/data/misc/bluedroid/.voice_data connect errno=[111], err=[Connection refused]
05-28 13:37:34.642 D/CH_NTP NtpTrustedTime 2018.9.21( 2338): currentTimeMillis() cache hit
05-28 13:37:34.656 D/CH_NTP NtpTrustedTime 2018.9.21( 2338): currentTimeMillis() cache hit
05-28 13:37:34.657 D/CH_NTP NtpTrustedTime 2018.9.21( 2338): currentTimeMillis() cache hit
05-28 13:37:34.657 D/CH_NTP NtpTrustedTime 2018.9.21( 2338): currentTimeMillis() cache hit
05-28 13:37:34.969 W/bmaudio_hw_default( 2366): data chan socket /data/misc/bluedroid/.le_data connect errno=[111], err=[Connection refused]
05-28 13:37:35.053 I/hpplay-java( 8440): [main]:LelinkCastWrapper:getOption  option: OPTION_SERVERINFO
05-28 13:37:35.053 I/hpplay-java( 8440): [main]:LelinkCastImpl:getOption option: OPTION_SERVERINFO
05-28 13:37:35.056 I/hpplay-java( 8440): [main]:LelinkCastWrapper:getOption  option: OPTION_SERVERINFO
05-28 13:37:35.056 I/hpplay-java( 8440): [main]:LelinkCastImpl:getOption option: OPTION_SERVERINFO
05-28 13:37:36.198 D/CH_NTP NtpTrustedTime 2018.9.21( 2338): currentTimeMillis() cache hit
05-28 13:37:36.209 D/CH_NTP NtpTrustedTime 2018.9.21( 2338): currentTimeMillis() cache hit
05-28 13:37:36.210 D/CH_NTP NtpTrustedTime 2018.9.21( 2338): currentTimeMillis() cache hit
05-28 13:37:36.210 D/CH_NTP NtpTrustedTime 2018.9.21( 2338): currentTimeMillis() cache hit
05-28 13:37:36.376 D/XiriAccessibilityService( 3250): [2] onAccessibilityEvent
05-28 13:37:36.482 I/chatty  ( 3250): uid=10029(u0_a29) com.iflytek.xiri identical 2 lines
05-28 13:37:36.487 D/XiriAccessibilityService( 3250): [2] onAccessibilityEvent
05-28 13:37:36.521 W/vf_audio_hw( 2366): ctrl chan socket @/data/misc/bluedroid/.voice_ctrl connect errno=[111], err=[Connection refused]
05-28 13:37:36.542 D/XiriAccessibilityService( 3250): [2] onAccessibilityEvent
05-28 13:37:36.582 D/XiriAccessibilityService( 3250): [2] onAccessibilityEvent
05-28 13:37:36.599 W/vf_audio_hw( 2366): data chan socket @/data/misc/bluedroid/.voice_data connect errno=[111], err=[Connection refused]
05-28 13:37:36.626 D/XiriAccessibilityService( 3250): [2] onAccessibilityEvent
05-28 13:37:36.913 I/chatty  ( 3250): uid=10029(u0_a29) com.iflytek.xiri identical 7 lines
05-28 13:37:36.918 D/XiriAccessibilityService( 3250): [2] onAccessibilityEvent
05-28 13:37:36.969 W/bmaudio_hw_default( 2366): data chan socket /data/misc/bluedroid/.le_data connect errno=[111], err=[Connection refused]
05-28 13:37:36.984 D/XiriAccessibilityService( 3250): [2] onAccessibilityEvent
05-28 13:37:37.178 I/chatty  ( 3250): uid=10029(u0_a29) com.iflytek.xiri identical 9 lines
05-28 13:37:37.214 D/XiriAccessibilityService( 3250): [2] onAccessibilityEvent
05-28 13:37:37.233 D/WifiStateMachine( 2338):  ConnectedState !CMD_RSSI_POLL rt=110974740/110974740 18 0 "TP-LINK_6458" 30:fc:68:8f:64:58 rssi=-41 f=2437 sc=60 link=72 tx=809.7, 0.0, 0.0  rx=1000.7 bcn=0 [on:0 tx:0 rx:0 period:3002] from screen [on:0 period:1506357713] score=60
05-28 13:37:37.234 D/WifiStateMachine( 2338):  L2ConnectedState !CMD_RSSI_POLL rt=110974740/110974740 18 0 "TP-LINK_6458" 30:fc:68:8f:64:58 rssi=-41 f=2437 sc=60 link=72 tx=809.7, 0.0, 0.0  rx=1000.7 bcn=0 [on:0 tx:0 rx:0 period:1] from screen [on:0 period:1506357714] score=60
05-28 13:37:37.234 D/WifiStateMachine( 2338):  get link layer stats 0
05-28 13:37:37.235 D/WifiStateMachine( 2338): fetchRssiLinkSpeedAndFrequencyNative rssi=-41 linkspeed=72 freq=2437
05-28 13:37:37.235 V/WifiConfigManager 2018.2.28( 2338): Updating scan detail cache freq=2437 BSSID=30:fc:68:8f:64:58 RSSI=-40 for "TP-LINK_6458"WPA_PSK
05-28 13:37:37.865 D/UTAnalytics:CommitTask(12639): pid:12639 check&commit event:65501,
05-28 13:37:37.865 D/UTAnalytics:CommitTask(12639): pid:12639 check&commit event:65502,
05-28 13:37:37.865 D/UTAnalytics:CommitTask(12639): pid:12639 next:65501,
05-28 13:37:37.865 D/UTAnalytics:CommitTask(12639): pid:12639 next:65502,
05-28 13:37:37.865 D/UTAnalytics:CommitTask(12639): pid:12639 check&commit event:65503,
05-28 13:37:37.865 D/UTAnalytics:CommitTask(12639): pid:12639 next:65503,
05-28 13:37:37.943 D/vf_audio_hw( 2366): heart beat sended to xiri
05-28 13:37:37.944 D/LocalSocketTransmitVoice( 3250): [91] read string=heart_beat
05-28 13:37:38.038 D/XiriTopActivityManager( 3250): [2] setTopActivityClsName = com.smart.changhong.smartipptv.MainActivity
05-28 13:37:38.109 D/UTAnalytics:CommitTask(12639): pid:12639 check&commit event:65133,
05-28 13:37:38.110 D/UTAnalytics:CommitTask(12639): pid:12639 next:65133,
05-28 13:37:38.495 V/IPP3.4  ( 1806): Client:recv 12 from 192.168.1.165:17958
05-28 13:37:38.522 W/vf_audio_hw( 2366): ctrl chan socket @/data/misc/bluedroid/.voice_ctrl connect errno=[111], err=[Connection refused]
05-28 13:37:38.599 W/vf_audio_hw( 2366): data chan socket @/data/misc/bluedroid/.voice_data connect errno=[111], err=[Connection refused]
05-28 13:37:38.970 W/bmaudio_hw_default( 2366): data chan socket /data/misc/bluedroid/.le_data connect errno=[111], err=[Connection refused]
05-28 13:37:39.389 D/XiriAccessibilityService( 3250): [2] onAccessibilityEvent
05-28 13:37:40.201 I/chatty  ( 3250): uid=10029(u0_a29) com.iflytek.xiri identical 24 lines
05-28 13:37:40.234 D/XiriAccessibilityService( 3250): [2] onAccessibilityEvent
05-28 13:37:40.238 D/WifiStateMachine( 2338):  ConnectedState !CMD_RSSI_POLL rt=110977744/110977744 18 0 "TP-LINK_6458" 30:fc:68:8f:64:58 rssi=-41 f=2437 sc=60 link=72 tx=697.9, 0.0, 0.0  rx=840.4 bcn=0 [on:0 tx:0 rx:0 period:3001] from screen [on:0 period:1506360717] score=60
05-28 13:37:40.238 D/WifiStateMachine( 2338):  L2ConnectedState !CMD_RSSI_POLL rt=110977744/110977744 18 0 "TP-LINK_6458" 30:fc:68:8f:64:58 rssi=-41 f=2437 sc=60 link=72 tx=697.9, 0.0, 0.0  rx=840.4 bcn=0 [on:0 tx:0 rx:0 period:1] from screen [on:0 period:1506360718] score=60
05-28 13:37:40.238 D/WifiStateMachine( 2338):  get link layer stats 0
05-28 13:37:40.239 D/WifiStateMachine( 2338): fetchRssiLinkSpeedAndFrequencyNative rssi=-42 linkspeed=72 freq=2437
05-28 13:37:40.239 V/WifiConfigManager 2018.2.28( 2338): Updating scan detail cache freq=2437 BSSID=30:fc:68:8f:64:58 RSSI=-41 for "TP-LINK_6458"WPA_PSK
05-28 13:37:40.260 D/XiriAccessibilityService( 3250): [2] onAccessibilityEvent
05-28 13:37:40.522 W/vf_audio_hw( 2366): ctrl chan socket @/data/misc/bluedroid/.voice_ctrl connect errno=[111], err=[Connection refused]
05-28 13:37:40.599 W/vf_audio_hw( 2366): data chan socket @/data/misc/bluedroid/.voice_data connect errno=[111], err=[Connection refused]
05-28 13:37:40.913 V/IPP3.4  ( 1806): Client:recv 12 from 192.168.1.187:17702
05-28 13:37:40.970 W/bmaudio_hw_default( 2366): data chan socket /data/misc/bluedroid/.le_data connect errno=[111], err=[Connection refused]
05-28 13:37:42.118 D/ControlCenterWorkThread( 7269): refreshDevices...
05-28 13:37:42.120 D/ControlCenterWorkThread( 7269): Mcontroller controlCenterWorkThread MCstartSearch
05-28 13:37:42.400 D/XiriAccessibilityService( 3250): [2] onAccessibilityEvent
05-28 13:37:42.402 I/chatty  ( 3250): uid=10029(u0_a29) com.iflytek.xiri identical 1 line
05-28 13:37:42.505 D/XiriAccessibilityService( 3250): [2] onAccessibilityEvent
05-28 13:37:42.522 W/vf_audio_hw( 2366): ctrl chan socket @/data/misc/bluedroid/.voice_ctrl connect errno=[111], err=[Connection refused]
05-28 13:37:42.544 D/XiriAccessibilityService( 3250): [2] onAccessibilityEvent
05-28 13:37:42.551 D/XiriAccessibilityService( 3250): [2] onAccessibilityEvent
05-28 13:37:42.599 W/vf_audio_hw( 2366): data chan socket @/data/misc/bluedroid/.voice_data connect errno=[111], err=[Connection refused]
05-28 13:37:42.632 D/XiriAccessibilityService( 3250): [2] onAccessibilityEvent
05-28 13:37:42.749 I/chatty  ( 3250): uid=10029(u0_a29) com.iflytek.xiri identical 3 lines
05-28 13:37:42.787 D/XiriAccessibilityService( 3250): [2] onAccessibilityEvent
05-28 13:37:42.795 D/UTAnalytics:UploadTask(12639): pid:12639 Upload,
05-28 13:37:42.798 D/UTAnalytics:LogStoreMgr(12639): pid:12639 [store],
05-28 13:37:42.802 D/UTAnalytics:UTSqliteLogStore(12639): pid:12639 sql:SELECT * FROM log ORDER BY time ASC  LIMIT 99,
05-28 13:37:42.804 D/UTAnalytics:LogStoreMgr(12639): pid:12639 [get],[],
05-28 13:37:42.807 D/UTAnalytics:UploadEngine(12639): pid:12639 UTDC.bBackground:false,AppInfoUtil.isForeground(UTDC.getContext()) ,true,
05-28 13:37:42.813 D/UTAnalytics:UploadTask(12639): pid:12639 mPeriod:30000,
05-28 13:37:42.815 D/XiriAccessibilityService( 3250): [2] onAccessibilityEvent
05-28 13:37:42.903 I/chatty  ( 3250): uid=10029(u0_a29) com.iflytek.xiri identical 2 lines
05-28 13:37:42.930 D/XiriAccessibilityService( 3250): [2] onAccessibilityEvent
05-28 13:37:42.948 D/vf_audio_hw( 2366): heart beat sended to xiri
05-28 13:37:42.948 D/XiriAccessibilityService( 3250): [2] onAccessibilityEvent
05-28 13:37:42.948 D/LocalSocketTransmitVoice( 3250): [91] read string=heart_beat
05-28 13:37:42.970 W/bmaudio_hw_default( 2366): data chan socket /data/misc/bluedroid/.le_data connect errno=[111], err=[Connection refused]
05-28 13:37:43.004 D/XiriAccessibilityService( 3250): [2] onAccessibilityEvent
05-28 13:37:43.049 D/XiriAccessibilityService( 3250): [2] onAccessibilityEvent
05-28 13:37:43.055 D/XiriTopActivityManager( 3250): [2] setTopActivityClsName = com.smart.changhong.smartipptv.MainActivity
05-28 13:37:43.065 D/XiriAccessibilityService( 3250): [2] onAccessibilityEvent
05-28 13:37:43.169 I/chatty  ( 3250): uid=10029(u0_a29) com.iflytek.xiri identical 4 lines
05-28 13:37:43.216 D/XiriAccessibilityService( 3250): [2] onAccessibilityEvent
05-28 13:37:43.244 D/WifiStateMachine( 2338):  ConnectedState !CMD_RSSI_POLL rt=110980749/110980749 18 0 "TP-LINK_6458" 30:fc:68:8f:64:58 rssi=-42 f=2437 sc=60 link=72 tx=511.4, 0.0, 0.0  rx=580.2 bcn=0 [on:0 tx:0 rx:0 period:3001] from screen [on:0 period:1506363724] score=60
05-28 13:37:43.247 D/WifiStateMachine( 2338):  L2ConnectedState !CMD_RSSI_POLL rt=110980751/110980751 18 0 "TP-LINK_6458" 30:fc:68:8f:64:58 rssi=-42 f=2437 sc=60 link=72 tx=511.4, 0.0, 0.0  rx=580.2 bcn=0 [on:0 tx:0 rx:0 period:2] from screen [on:0 period:1506363726] score=60
05-28 13:37:43.247 D/WifiStateMachine( 2338):  get link layer stats 0
05-28 13:37:43.248 D/WifiStateMachine( 2338): fetchRssiLinkSpeedAndFrequencyNative rssi=-42 linkspeed=72 freq=2437
05-28 13:37:43.248 V/WifiConfigManager 2018.2.28( 2338): Updating scan detail cache freq=2437 BSSID=30:fc:68:8f:64:58 RSSI=-41 for "TP-LINK_6458"WPA_PSK
05-28 13:37:43.269 D/XiriAccessibilityService( 3250): [2] onAccessibilityEvent
05-28 13:37:43.277 D/XiriAccessibilityService( 3250): [2] onAccessibilityEvent
05-28 13:37:44.522 W/vf_audio_hw( 2366): ctrl chan socket @/data/misc/bluedroid/.voice_ctrl connect errno=[111], err=[Connection refused]
05-28 13:37:44.600 W/vf_audio_hw( 2366): data chan socket @/data/misc/bluedroid/.voice_data connect errno=[111], err=[Connection refused]
05-28 13:37:44.970 W/bmaudio_hw_default( 2366): data chan socket /data/misc/bluedroid/.le_data connect errno=[111], err=[Connection refused]
05-28 13:37:45.418 D/XiriAccessibilityService( 3250): [2] onAccessibilityEvent
05-28 13:37:46.217 I/chatty  ( 3250): uid=10029(u0_a29) com.iflytek.xiri identical 24 lines
05-28 13:37:46.251 D/XiriAccessibilityService( 3250): [2] onAccessibilityEvent
05-28 13:37:46.252 D/WifiStateMachine( 2338):  ConnectedState !CMD_RSSI_POLL rt=110983758/110983759 18 0 "TP-LINK_6458" 30:fc:68:8f:64:58 rssi=-42 f=2437 sc=60 link=72 tx=415.2, 0.0, 0.0  rx=440.6 bcn=0 [on:0 tx:0 rx:0 period:3002] from screen [on:0 period:1506366732] score=60
05-28 13:37:46.253 D/WifiStateMachine( 2338):  L2ConnectedState !CMD_RSSI_POLL rt=110983759/110983759 18 0 "TP-LINK_6458" 30:fc:68:8f:64:58 rssi=-42 f=2437 sc=60 link=72 tx=415.2, 0.0, 0.0  rx=440.6 bcn=0 [on:0 tx:0 rx:0 period:1] from screen [on:0 period:1506366733] score=60
05-28 13:37:46.253 D/WifiStateMachine( 2338):  get link layer stats 0
05-28 13:37:46.254 D/WifiStateMachine( 2338): fetchRssiLinkSpeedAndFrequencyNative rssi=-42 linkspeed=72 freq=2437
05-28 13:37:46.254 V/WifiConfigManager 2018.2.28( 2338): Updating scan detail cache freq=2437 BSSID=30:fc:68:8f:64:58 RSSI=-41 for "TP-LINK_6458"WPA_PSK
05-28 13:37:46.278 D/XiriAccessibilityService( 3250): [2] onAccessibilityEvent
05-28 13:37:46.526 W/vf_audio_hw( 2366): ctrl chan socket @/data/misc/bluedroid/.voice_ctrl connect errno=[111], err=[Connection refused]
05-28 13:37:46.600 W/vf_audio_hw( 2366): data chan socket @/data/misc/bluedroid/.voice_data connect errno=[111], err=[Connection refused]
05-28 13:37:46.970 W/bmaudio_hw_default( 2366): data chan socket /data/misc/bluedroid/.le_data connect errno=[111], err=[Connection refused]
05-28 13:37:47.954 D/vf_audio_hw( 2366): heart beat sended to xiri
05-28 13:37:47.955 D/LocalSocketTransmitVoice( 3250): [91] read string=heart_beat
05-28 13:37:48.075 D/XiriTopActivityManager( 3250): [2] setTopActivityClsName = com.smart.changhong.smartipptv.MainActivity
05-28 13:37:48.417 D/XiriAccessibilityService( 3250): [2] onAccessibilityEvent
05-28 13:37:48.418 D/XiriAccessibilityService( 3250): [2] onAccessibilityEvent
05-28 13:37:48.526 W/vf_audio_hw( 2366): ctrl chan socket @/data/misc/bluedroid/.voice_ctrl connect errno=[111], err=[Connection refused]
05-28 13:37:48.527 D/XiriAccessibilityService( 3250): [2] onAccessibilityEvent
05-28 13:37:48.550 I/chatty  ( 3250): uid=10029(u0_a29) com.iflytek.xiri identical 1 line
05-28 13:37:48.557 D/XiriAccessibilityService( 3250): [2] onAccessibilityEvent
05-28 13:37:48.600 W/vf_audio_hw( 2366): data chan socket @/data/misc/bluedroid/.voice_data connect errno=[111], err=[Connection refused]
05-28 13:37:48.636 D/XiriAccessibilityService( 3250): [2] onAccessibilityEvent
05-28 13:37:48.902 I/chatty  ( 3250): uid=10029(u0_a29) com.iflytek.xiri identical 8 lines
05-28 13:37:48.964 D/XiriAccessibilityService( 3250): [2] onAccessibilityEvent
05-28 13:37:48.971 W/bmaudio_hw_default( 2366): data chan socket /data/misc/bluedroid/.le_data connect errno=[111], err=[Connection refused]
05-28 13:37:49.014 D/XiriAccessibilityService( 3250): [2] onAccessibilityEvent
05-28 13:37:49.239 I/chatty  ( 3250): uid=10029(u0_a29) com.iflytek.xiri identical 7 lines
05-28 13:37:49.246 D/XiriAccessibilityService( 3250): [2] onAccessibilityEvent
05-28 13:37:49.258 D/WifiStateMachine( 2338):  ConnectedState !CMD_RSSI_POLL rt=110986764/110986764 18 0 "TP-LINK_6458" 30:fc:68:8f:64:58 rssi=-42 f=2437 sc=60 link=72 tx=387.1, 0.0, 0.0  rx=398.3 bcn=0 [on:0 tx:0 rx:0 period:3003] from screen [on:0 period:1506369738] score=60
05-28 13:37:49.258 D/WifiStateMachine( 2338):  L2ConnectedState !CMD_RSSI_POLL rt=110986765/110986765 18 0 "TP-LINK_6458" 30:fc:68:8f:64:58 rssi=-42 f=2437 sc=60 link=72 tx=387.1, 0.0, 0.0  rx=398.3 bcn=0 [on:0 tx:0 rx:0 period:0] from screen [on:0 period:1506369738] score=60
05-28 13:37:49.258 D/WifiStateMachine( 2338):  get link layer stats 0
05-28 13:37:49.259 D/WifiStateMachine( 2338): fetchRssiLinkSpeedAndFrequencyNative rssi=-43 linkspeed=72 freq=2437
05-28 13:37:49.259 V/WifiConfigManager 2018.2.28( 2338): Updating scan detail cache freq=2437 BSSID=30:fc:68:8f:64:58 RSSI=-42 for "TP-LINK_6458"WPA_PSK
05-28 13:37:49.279 D/XiriAccessibilityService( 3250): [2] onAccessibilityEvent
05-28 13:37:50.526 W/vf_audio_hw( 2366): ctrl chan socket @/data/misc/bluedroid/.voice_ctrl connect errno=[111], err=[Connection refused]
05-28 13:37:50.600 W/vf_audio_hw( 2366): data chan socket @/data/misc/bluedroid/.voice_data connect errno=[111], err=[Connection refused]
05-28 13:37:50.970 E/MediaPlayerService( 2377): onvif_get_addaddr time out to find camera
05-28 13:37:50.970 E/CameraService( 2367): func:waitForOnvifEvent line:209 url= ch_ipcamera_num=0 mNumberOfCameras=0 g_sleep_time=9 g_camera_url=
05-28 13:37:50.971 W/bmaudio_hw_default( 2366): data chan socket /data/misc/bluedroid/.le_data connect errno=[111], err=[Connection refused]
05-28 13:37:51.432 D/XiriAccessibilityService( 3250): [2] onAccessibilityEvent
05-28 13:37:51.551 I/chatty  ( 3250): uid=10029(u0_a29) com.iflytek.xiri identical 3 lines
05-28 13:37:51.557 D/XiriAccessibilityService( 3250): [2] onAccessibilityEvent
05-28 13:37:51.659 V/Logger-CHNoticeSystem( 9810): ***AllManager, /tmp/noticetip tmpFile.exists !!!
05-28 13:37:51.671 V/Logger-CHNoticeSystem( 9810): ***AllInfo, getAllNoticeBases-----content://com.changhong.chnoticesystem.monitordb/noticeall
05-28 13:37:51.676 D/XiriAccessibilityService( 3250): [2] onAccessibilityEvent
05-28 13:37:51.678 V/Logger-CHNoticeSystem( 9810): ***AllInfo, sortData DataList == null || DataList.size <= 1
05-28 13:37:51.684 D/XiriAccessibilityService( 3250): [2] onAccessibilityEvent
05-28 13:37:51.684 D/XiriAccessibilityService( 3250): [2] onAccessibilityEvent
05-28 13:37:51.688 V/Logger-CHNoticeSystem( 9810): ***AllInfo, PushDBData tableName==com_launcher_status_notice
05-28 13:37:51.696 V/Logger-CHNoticeSystem( 9810): getAllNoticeBases-----noticeSize====0
05-28 13:37:51.702 W/ContextImpl( 9810): Calling a method in the system process without a qualified user: android.app.ContextImpl.sendBroadcast:950 android.content.ContextWrapper.sendBroadcast:431 com.changhong.chnoticesystem.manager.a.d:34 com.changhong.chnoticesystem.manager.a.a:117 com.changhong.chnoticesystem.manager.a.c:0 
05-28 13:37:51.704 V/Logger-CHNoticeSystem( 9810): ***AllManager, sendUnReadToOthers UnReadCount==0
05-28 13:37:51.784 D/XiriAccessibilityService( 3250): [2] onAccessibilityEvent
05-28 13:37:52.098 W/ContextImpl( 3128): Calling a method in the system process without a qualified user: android.app.ContextImpl.startService:1460 android.content.ContextWrapper.startService:644 com.iflytek.xiri.control.SystemController$10.run:516 java.lang.Thread.run:764 <bottom of call stack> 
05-28 13:37:52.117 I/chatty  ( 3250): uid=10029(u0_a29) com.iflytek.xiri identical 10 lines
05-28 13:37:52.147 D/XiriAccessibilityService( 3250): [2] onAccessibilityEvent
05-28 13:37:52.158 D/ControlCenterWorkThread( 7269): refreshDevices...
05-28 13:37:52.160 D/ControlCenterWorkThread( 7269): Mcontroller controlCenterWorkThread MCstartSearch
05-28 13:37:52.195 D/XiriAccessibilityService( 3250): [2] onAccessibilityEvent
05-28 13:37:52.212 I/chatty  ( 3250): uid=10029(u0_a29) com.iflytek.xiri identical 1 line
05-28 13:37:52.261 D/XiriAccessibilityService( 3250): [2] onAccessibilityEvent
05-28 13:37:52.262 D/WifiStateMachine( 2338):  ConnectedState !CMD_RSSI_POLL rt=110989768/110989768 18 0 "TP-LINK_6458" 30:fc:68:8f:64:58 rssi=-43 f=2437 sc=60 link=72 tx=271.6, 0.0, 0.0  rx=271.1 bcn=0 [on:0 tx:0 rx:0 period:3002] from screen [on:0 period:1506372742] score=60
05-28 13:37:52.262 D/WifiStateMachine( 2338):  L2ConnectedState !CMD_RSSI_POLL rt=110989769/110989769 18 0 "TP-LINK_6458" 30:fc:68:8f:64:58 rssi=-43 f=2437 sc=60 link=72 tx=271.6, 0.0, 0.0  rx=271.1 bcn=0 [on:0 tx:0 rx:0 period:0] from screen [on:0 period:1506372742] score=60
05-28 13:37:52.262 D/WifiStateMachine( 2338):  get link layer stats 0
05-28 13:37:52.263 D/WifiStateMachine( 2338): fetchRssiLinkSpeedAndFrequencyNative rssi=-43 linkspeed=72 freq=2437
05-28 13:37:52.263 V/WifiConfigManager 2018.2.28( 2338): Updating scan detail cache freq=2437 BSSID=30:fc:68:8f:64:58 RSSI=-42 for "TP-LINK_6458"WPA_PSK
05-28 13:37:52.526 W/vf_audio_hw( 2366): ctrl chan socket @/data/misc/bluedroid/.voice_ctrl connect errno=[111], err=[Connection refused]
05-28 13:37:52.600 W/vf_audio_hw( 2366): data chan socket @/data/misc/bluedroid/.voice_data connect errno=[111], err=[Connection refused]
05-28 13:37:52.962 D/vf_audio_hw( 2366): heart beat sended to xiri
05-28 13:37:52.962 D/LocalSocketTransmitVoice( 3250): [91] read string=heart_beat
05-28 13:37:52.971 W/bmaudio_hw_default( 2366): data chan socket /data/misc/bluedroid/.le_data connect errno=[111], err=[Connection refused]
05-28 13:37:53.105 D/XiriTopActivityManager( 3250): [2] setTopActivityClsName = com.smart.changhong.smartipptv.MainActivity
05-28 13:37:53.926 V/IPP3.4  ( 1806): Client:recv 12 from 192.168.1.165:17958
05-28 13:37:54.443 D/XiriAccessibilityService( 3250): [2] onAccessibilityEvent
05-28 13:37:54.445 D/XiriAccessibilityService( 3250): [2] onAccessibilityEvent
05-28 13:37:54.526 W/vf_audio_hw( 2366): ctrl chan socket @/data/misc/bluedroid/.voice_ctrl connect errno=[111], err=[Connection refused]
05-28 13:37:54.560 D/XiriAccessibilityService( 3250): [2] onAccessibilityEvent
05-28 13:37:54.560 I/chatty  ( 3250): uid=10029(u0_a29) com.iflytek.xiri identical 1 line
05-28 13:37:54.567 D/XiriAccessibilityService( 3250): [2] onAccessibilityEvent
05-28 13:37:54.600 W/vf_audio_hw( 2366): data chan socket @/data/misc/bluedroid/.voice_data connect errno=[111], err=[Connection refused]
05-28 13:37:54.663 D/XiriAccessibilityService( 3250): [2] onAccessibilityEvent
05-28 13:37:54.932 I/chatty  ( 3250): uid=10029(u0_a29) com.iflytek.xiri identical 7 lines
05-28 13:37:54.932 D/XiriAccessibilityService( 3250): [2] onAccessibilityEvent
05-28 13:37:54.971 W/bmaudio_hw_default( 2366): data chan socket /data/misc/bluedroid/.le_data connect errno=[111], err=[Connection refused]
05-28 13:37:54.980 D/XiriAccessibilityService( 3250): [2] onAccessibilityEvent
05-28 13:37:55.198 I/chatty  ( 3250): uid=10029(u0_a29) com.iflytek.xiri identical 8 lines
05-28 13:37:55.246 D/XiriAccessibilityService( 3250): [2] onAccessibilityEvent
05-28 13:37:55.267 D/WifiStateMachine( 2338):  ConnectedState !CMD_RSSI_POLL rt=110992773/110992773 18 0 "TP-LINK_6458" 30:fc:68:8f:64:58 rssi=-43 f=2437 sc=60 link=72 tx=187.8, 0.0, 0.0  rx=180.6 bcn=0 [on:0 tx:0 rx:0 period:3003] from screen [on:0 period:1506375747] score=60
05-28 13:37:55.267 D/WifiStateMachine( 2338):  L2ConnectedState !CMD_RSSI_POLL rt=110992774/110992774 18 0 "TP-LINK_6458" 30:fc:68:8f:64:58 rssi=-43 f=2437 sc=60 link=72 tx=187.8, 0.0, 0.0  rx=180.6 bcn=0 [on:0 tx:0 rx:0 period:0] from screen [on:0 period:1506375747] score=60
05-28 13:37:55.267 D/WifiStateMachine( 2338):  get link layer stats 0
05-28 13:37:55.268 D/WifiStateMachine( 2338): fetchRssiLinkSpeedAndFrequencyNative rssi=-44 linkspeed=72 freq=2437
05-28 13:37:55.268 V/WifiConfigManager 2018.2.28( 2338): Updating scan detail cache freq=2437 BSSID=30:fc:68:8f:64:58 RSSI=-43 for "TP-LINK_6458"WPA_PSK
05-28 13:37:55.297 D/XiriAccessibilityService( 3250): [2] onAccessibilityEvent
05-28 13:37:55.311 D/XiriAccessibilityService( 3250): [2] onAccessibilityEvent
05-28 13:37:56.037 V/IPP3.4  ( 1806): Client:recv 12 from 192.168.1.187:17702
05-28 13:37:56.526 W/vf_audio_hw( 2366): ctrl chan socket @/data/misc/bluedroid/.voice_ctrl connect errno=[111], err=[Connection refused]
05-28 13:37:56.601 W/vf_audio_hw( 2366): data chan socket @/data/misc/bluedroid/.voice_data connect errno=[111], err=[Connection refused]
05-28 13:37:56.971 W/bmaudio_hw_default( 2366): data chan socket /data/misc/bluedroid/.le_data connect errno=[111], err=[Connection refused]
05-28 13:37:57.455 D/XiriAccessibilityService( 3250): [2] onAccessibilityEvent
05-28 13:37:57.702 I/chatty  ( 3250): uid=10029(u0_a29) com.iflytek.xiri identical 7 lines
05-28 13:37:57.768 D/XiriAccessibilityService( 3250): [2] onAccessibilityEvent
05-28 13:37:57.769 V/IPP3.4  ( 1806): ########### Client Info #########
05-28 13:37:57.769 V/IPP3.4  ( 1806): Device list:
05-28 13:37:57.769 V/IPP3.4  ( 1806):   1:socket = 86, SN = MY2w3DRvmacaT17070300236
05-28 13:37:57.769 V/IPP3.4  ( 1806):   1:SN = 0D6F000DBCAC6300
05-28 13:37:57.769 V/IPP3.4  ( 1806):   2:SN = 0D6F000DBCAD2200
05-28 13:37:57.769 V/IPP3.4  ( 1806):   2:socket = 80, SN = TV_GW_6023A4C3648A
05-28 13:37:57.769 V/IPP3.4  ( 1806): Client sock list:
05-28 13:37:57.769 V/IPP3.4  ( 1806):   self fd:75
05-28 13:37:57.769 V/IPP3.4  ( 1806):   fd:86
05-28 13:37:57.769 V/IPP3.4  ( 1806):   fd:80
05-28 13:37:57.769 V/IPP3.4  ( 1806): ########### Server Info #########
05-28 13:37:57.807 D/XiriAccessibilityService( 3250): [2] onAccessibilityEvent
05-28 13:37:57.935 I/chatty  ( 3250): uid=10029(u0_a29) com.iflytek.xiri identical 3 lines
05-28 13:37:57.948 D/XiriAccessibilityService( 3250): [2] onAccessibilityEvent
05-28 13:37:57.972 D/vf_audio_hw( 2366): heart beat sended to xiri
05-28 13:37:57.972 D/LocalSocketTransmitVoice( 3250): [91] read string=heart_beat
05-28 13:37:57.978 D/XiriAccessibilityService( 3250): [2] onAccessibilityEvent
05-28 13:37:58.061 I/chatty  ( 3250): uid=10029(u0_a29) com.iflytek.xiri identical 2 lines
05-28 13:37:58.082 D/XiriAccessibilityService( 3250): [2] onAccessibilityEvent
05-28 13:37:58.124 D/XiriTopActivityManager( 3250): [2] setTopActivityClsName = com.smart.changhong.smartipptv.MainActivity
05-28 13:37:58.152 D/XiriAccessibilityService( 3250): [2] onAccessibilityEvent
05-28 13:37:58.183 I/chatty  ( 3250): uid=10029(u0_a29) com.iflytek.xiri identical 2 lines
05-28 13:37:58.251 D/XiriAccessibilityService( 3250): [2] onAccessibilityEvent
05-28 13:37:58.271 D/WifiStateMachine( 2338):  ConnectedState !CMD_RSSI_POLL rt=110995777/110995777 18 0 "TP-LINK_6458" 30:fc:68:8f:64:58 rssi=-44 f=2437 sc=60 link=72 tx=153.9, 0.0, 0.0  rx=144.8 bcn=0 [on:0 tx:0 rx:0 period:3001] from screen [on:0 period:1506378751] score=60
05-28 13:37:58.272 D/WifiStateMachine( 2338):  L2ConnectedState !CMD_RSSI_POLL rt=110995778/110995778 18 0 "TP-LINK_6458" 30:fc:68:8f:64:58 rssi=-44 f=2437 sc=60 link=72 tx=153.9, 0.0, 0.0  rx=144.8 bcn=0 [on:0 tx:0 rx:0 period:1] from screen [on:0 period:1506378752] score=60
05-28 13:37:58.272 D/WifiStateMachine( 2338):  get link layer stats 0
05-28 13:37:58.273 D/WifiStateMachine( 2338): fetchRssiLinkSpeedAndFrequencyNative rssi=-44 linkspeed=72 freq=2437
05-28 13:37:58.273 V/WifiConfigManager 2018.2.28( 2338): Updating scan detail cache freq=2437 BSSID=30:fc:68:8f:64:58 RSSI=-43 for "TP-LINK_6458"WPA_PSK
05-28 13:37:58.279 D/XiriAccessibilityService( 3250): [2] onAccessibilityEvent
05-28 13:37:58.328 D/XiriAccessibilityService( 3250): [2] onAccessibilityEvent
05-28 13:37:58.527 W/vf_audio_hw( 2366): ctrl chan socket @/data/misc/bluedroid/.voice_ctrl connect errno=[111], err=[Connection refused]
05-28 13:37:58.601 W/vf_audio_hw( 2366): data chan socket @/data/misc/bluedroid/.voice_data connect errno=[111], err=[Connection refused]
05-28 13:37:58.972 W/bmaudio_hw_default( 2366): data chan socket /data/misc/bluedroid/.le_data connect errno=[111], err=[Connection refused]
05-28 13:38:00.460 D/XiriAccessibilityService( 3250): [2] onAccessibilityEvent
05-28 13:38:00.460 D/XiriAccessibilityService( 3250): [2] onAccessibilityEvent
05-28 13:38:00.527 W/vf_audio_hw( 2366): ctrl chan socket @/data/misc/bluedroid/.voice_ctrl connect errno=[111], err=[Connection refused]
05-28 13:38:00.565 D/XiriAccessibilityService( 3250): [2] onAccessibilityEvent
05-28 13:38:00.578 I/chatty  ( 3250): uid=10029(u0_a29) com.iflytek.xiri identical 1 line
05-28 13:38:00.598 D/XiriAccessibilityService( 3250): [2] onAccessibilityEvent
05-28 13:38:00.601 W/vf_audio_hw( 2366): data chan socket @/data/misc/bluedroid/.voice_data connect errno=[111], err=[Connection refused]
05-28 13:38:00.685 D/XiriAccessibilityService( 3250): [2] onAccessibilityEvent
05-28 13:38:00.900 I/chatty  ( 3250): uid=10029(u0_a29) com.iflytek.xiri identical 7 lines
05-28 13:38:00.967 D/XiriAccessibilityService( 3250): [2] onAccessibilityEvent
05-28 13:38:00.972 W/bmaudio_hw_default( 2366): data chan socket /data/misc/bluedroid/.le_data connect errno=[111], err=[Connection refused]
05-28 13:38:00.995 D/XiriAccessibilityService( 3250): [2] onAccessibilityEvent
05-28 13:38:01.204 I/chatty  ( 3250): uid=10029(u0_a29) com.iflytek.xiri identical 9 lines
05-28 13:38:01.214 D/XiriAccessibilityService( 3250): [2] onAccessibilityEvent
05-28 13:38:01.279 D/WifiStateMachine( 2338):  ConnectedState !CMD_RSSI_POLL rt=110998784/110998784 18 0 "TP-LINK_6458" 30:fc:68:8f:64:58 rssi=-44 f=2437 sc=60 link=72 tx=128.9, 0.0, 0.0  rx=118.9 bcn=0 [on:0 tx:0 rx:0 period:3005] from screen [on:0 period:1506381759] score=60
05-28 13:38:01.283 D/WifiStateMachine( 2338):  L2ConnectedState !CMD_RSSI_POLL rt=110998787/110998787 18 0 "TP-LINK_6458" 30:fc:68:8f:64:58 rssi=-44 f=2437 sc=60 link=72 tx=128.9, 0.0, 0.0  rx=118.9 bcn=0 [on:0 tx:0 rx:0 period:4] from screen [on:0 period:1506381763] score=60
05-28 13:38:01.284 D/WifiStateMachine( 2338):  get link layer stats 0
05-28 13:38:01.285 D/WifiStateMachine( 2338): fetchRssiLinkSpeedAndFrequencyNative rssi=-41 linkspeed=72 freq=2437
05-28 13:38:01.286 V/WifiConfigManager 2018.2.28( 2338): Updating scan detail cache freq=2437 BSSID=30:fc:68:8f:64:58 RSSI=-41 for "TP-LINK_6458"WPA_PSK
05-28 13:38:01.298 D/XiriAccessibilityService( 3250): [2] onAccessibilityEvent
05-28 13:38:01.312 I/chatty  ( 3250): uid=10029(u0_a29) com.iflytek.xiri identical 1 line
05-28 13:38:01.328 D/XiriAccessibilityService( 3250): [2] onAccessibilityEvent
05-28 13:38:02.199 D/ControlCenterWorkThread( 7269): refreshDevices...
05-28 13:38:02.200 D/ControlCenterWorkThread( 7269): Mcontroller controlCenterWorkThread MCstartSearch
05-28 13:38:02.527 W/vf_audio_hw( 2366): ctrl chan socket @/data/misc/bluedroid/.voice_ctrl connect errno=[111], err=[Connection refused]
05-28 13:38:02.601 W/vf_audio_hw( 2366): data chan socket @/data/misc/bluedroid/.voice_data connect errno=[111], err=[Connection refused]
05-28 13:38:02.885 D/UTAnalytics:CommitTask(12639): pid:12639 check&commit event:65502,
05-28 13:38:02.885 D/UTAnalytics:CommitTask(12639): pid:12639 check&commit event:65501,
05-28 13:38:02.885 D/UTAnalytics:CommitTask(12639): pid:12639 next:65502,
05-28 13:38:02.886 D/UTAnalytics:CommitTask(12639): pid:12639 check&commit event:65503,
05-28 13:38:02.886 D/UTAnalytics:CommitTask(12639): pid:12639 next:65501,
05-28 13:38:02.886 D/UTAnalytics:CommitTask(12639): pid:12639 next:65503,
05-28 13:38:02.972 W/bmaudio_hw_default( 2366): data chan socket /data/misc/bluedroid/.le_data connect errno=[111], err=[Connection refused]
05-28 13:38:02.976 D/vf_audio_hw( 2366): heart beat sended to xiri
05-28 13:38:02.977 D/LocalSocketTransmitVoice( 3250): [91] read string=heart_beat
05-28 13:38:03.114 D/UTAnalytics:CommitTask(12639): pid:12639 check&commit event:65133,
05-28 13:38:03.115 D/UTAnalytics:CommitTask(12639): pid:12639 next:65133,
05-28 13:38:03.143 D/XiriTopActivityManager( 3250): [2] setTopActivityClsName = com.smart.changhong.smartipptv.MainActivity
05-28 13:38:03.471 D/XiriAccessibilityService( 3250): [2] onAccessibilityEvent
05-28 13:38:03.590 I/chatty  ( 3250): uid=10029(u0_a29) com.iflytek.xiri identical 3 lines
05-28 13:38:03.597 D/XiriAccessibilityService( 3250): [2] onAccessibilityEvent
05-28 13:38:03.598 V/Logger-CHNoticeSystem( 9810): ***AllManager, tipDataInfos.size() <= 0
05-28 13:38:03.678 D/XiriAccessibilityService( 3250): [2] onAccessibilityEvent
05-28 13:38:04.216 I/chatty  ( 3250): uid=10029(u0_a29) com.iflytek.xiri identical 15 lines
05-28 13:38:04.262 D/XiriAccessibilityService( 3250): [2] onAccessibilityEvent
05-28 13:38:04.289 D/WifiStateMachine( 2338):  ConnectedState !CMD_RSSI_POLL rt=111001793/111001793 18 0 "TP-LINK_6458" 30:fc:68:8f:64:58 rssi=-41 f=2437 sc=60 link=72 tx=124.5, 0.0, 0.0  rx=109.9 bcn=0 [on:0 tx:0 rx:0 period:3000] from screen [on:0 period:1506384768] score=60
05-28 13:38:04.292 D/WifiStateMachine( 2338):  L2ConnectedState !CMD_RSSI_POLL rt=111001796/111001796 18 0 "TP-LINK_6458" 30:fc:68:8f:64:58 rssi=-41 f=2437 sc=60 link=72 tx=124.5, 0.0, 0.0  rx=109.9 bcn=0 [on:0 tx:0 rx:0 period:4] from screen [on:0 period:1506384772] score=60
05-28 13:38:04.292 D/WifiStateMachine( 2338):  get link layer stats 0
05-28 13:38:04.294 D/WifiStateMachine( 2338): fetchRssiLinkSpeedAndFrequencyNative rssi=-42 linkspeed=72 freq=2437
05-28 13:38:04.295 V/WifiConfigManager 2018.2.28( 2338): Updating scan detail cache freq=2437 BSSID=30:fc:68:8f:64:58 RSSI=-41 for "TP-LINK_6458"WPA_PSK
05-28 13:38:04.295 D/XiriAccessibilityService( 3250): [2] onAccessibilityEvent
05-28 13:38:04.343 D/XiriAccessibilityService( 3250): [2] onAccessibilityEvent
05-28 13:38:04.527 W/vf_audio_hw( 2366): ctrl chan socket @/data/misc/bluedroid/.voice_ctrl connect errno=[111], err=[Connection refused]
05-28 13:38:04.601 W/vf_audio_hw( 2366): data chan socket @/data/misc/bluedroid/.voice_data connect errno=[111], err=[Connection refused]
05-28 13:38:04.972 W/bmaudio_hw_default( 2366): data chan socket /data/misc/bluedroid/.le_data connect errno=[111], err=[Connection refused]
05-28 13:38:05.100 I/hpplay-java( 8440): [main]:LelinkCastWrapper:getOption  option: OPTION_SERVERINFO
05-28 13:38:05.100 I/hpplay-java( 8440): [main]:LelinkCastImpl:getOption option: OPTION_SERVERINFO
05-28 13:38:05.105 I/hpplay-java( 8440): [main]:LelinkCastWrapper:getOption  option: OPTION_SERVERINFO
05-28 13:38:05.105 I/hpplay-java( 8440): [main]:LelinkCastImpl:getOption option: OPTION_SERVERINFO
05-28 13:38:06.477 D/XiriAccessibilityService( 3250): [2] onAccessibilityEvent
05-28 13:38:06.478 D/XiriAccessibilityService( 3250): [2] onAccessibilityEvent
05-28 13:38:06.527 W/vf_audio_hw( 2366): ctrl chan socket @/data/misc/bluedroid/.voice_ctrl connect errno=[111], err=[Connection refused]
05-28 13:38:06.578 D/XiriAccessibilityService( 3250): [2] onAccessibilityEvent
05-28 13:38:06.602 W/vf_audio_hw( 2366): data chan socket @/data/misc/bluedroid/.voice_data connect errno=[111], err=[Connection refused]
05-28 13:38:06.603 D/XiriAccessibilityService( 3250): [2] onAccessibilityEvent
05-28 13:38:06.885 I/chatty  ( 3250): uid=10029(u0_a29) com.iflytek.xiri identical 7 lines
05-28 13:38:06.918 D/XiriAccessibilityService( 3250): [2] onAccessibilityEvent
05-28 13:38:06.972 W/bmaudio_hw_default( 2366): data chan socket /data/misc/bluedroid/.le_data connect errno=[111], err=[Connection refused]
05-28 13:38:06.980 D/XiriAccessibilityService( 3250): [2] onAccessibilityEvent
05-28 13:38:07.237 I/chatty  ( 3250): uid=10029(u0_a29) com.iflytek.xiri identical 9 lines
05-28 13:38:07.239 D/XiriAccessibilityService( 3250): [2] onAccessibilityEvent
