05-28 13:36:26.510 W/vf_audio_hw( 2366): ctrl chan socket @/data/misc/bluedroid/.voice_ctrl connect errno=[111], err=[Connection refused]
05-28 13:36:26.589 W/vf_audio_hw( 2366): data chan socket @/data/misc/bluedroid/.voice_data connect errno=[111], err=[Connection refused]
05-28 13:36:26.961 W/bmaudio_hw_default( 2366): data chan socket /data/misc/bluedroid/.le_data connect errno=[111], err=[Connection refused]
05-28 13:36:27.122 D/XiriAccessibilityService( 3250): [2] onAccessibilityEvent
05-28 13:36:27.651 I/chatty  ( 3250): uid=10029(u0_a29) com.iflytek.xiri identical 14 lines
05-28 13:36:27.699 D/XiriAccessibilityService( 3250): [2] onAccessibilityEvent
05-28 13:36:27.718 D/XiriTopActivityManager( 3250): [2] setTopActivityClsName = com.smart.changhong.smartipptv.MainActivity
05-28 13:36:27.763 D/XiriAccessibilityService( 3250): [2] onAccessibilityEvent
05-28 13:36:27.768 I/chatty  ( 3250): uid=10029(u0_a29) com.iflytek.xiri identical 1 line
05-28 13:36:27.817 D/XiriAccessibilityService( 3250): [2] onAccessibilityEvent
05-28 13:36:27.851 D/LocalSocketTransmitVoice( 3250): [91] read string=heart_beat
05-28 13:36:27.851 D/vf_audio_hw( 2366): heart beat sended to xiri
05-28 13:36:27.864 D/XiriAccessibilityService( 3250): [2] onAccessibilityEvent
05-28 13:36:27.971 I/chatty  ( 3250): uid=10029(u0_a29) com.iflytek.xiri identical 6 lines
05-28 13:36:27.995 D/XiriAccessibilityService( 3250): [2] onAccessibilityEvent
05-28 13:36:28.113 D/WifiStateMachine( 2338):  ConnectedState !CMD_RSSI_POLL rt=110905619/110905619 18 0 "TP-LINK_6458" 30:fc:68:8f:64:58 rssi=-39 f=2437 sc=60 link=72 tx=297.1, 0.0, 0.0  rx=324.6 bcn=0 [on:0 tx:0 rx:0 period:3003] from screen [on:0 period:1506288593] score=60
05-28 13:36:28.113 D/WifiStateMachine( 2338):  L2ConnectedState !CMD_RSSI_POLL rt=110905620/110905620 18 0 "TP-LINK_6458" 30:fc:68:8f:64:58 rssi=-39 f=2437 sc=60 link=72 tx=297.1, 0.0, 0.0  rx=324.6 bcn=0 [on:0 tx:0 rx:0 period:0] from screen [on:0 period:1506288593] score=60
05-28 13:36:28.113 D/WifiStateMachine( 2338):  get link layer stats 0
05-28 13:36:28.115 D/WifiStateMachine( 2338): fetchRssiLinkSpeedAndFrequencyNative rssi=-39 linkspeed=72 freq=2437
05-28 13:36:28.115 V/WifiConfigManager 2018.2.28( 2338): Updating scan detail cache freq=2437 BSSID=30:fc:68:8f:64:58 RSSI=-38 for "TP-LINK_6458"WPA_PSK
05-28 13:36:28.510 W/vf_audio_hw( 2366): ctrl chan socket @/data/misc/bluedroid/.voice_ctrl connect errno=[111], err=[Connection refused]
05-28 13:36:28.589 W/vf_audio_hw( 2366): data chan socket @/data/misc/bluedroid/.voice_data connect errno=[111], err=[Connection refused]
05-28 13:36:28.961 W/bmaudio_hw_default( 2366): data chan socket /data/misc/bluedroid/.le_data connect errno=[111], err=[Connection refused]
05-28 13:36:30.136 D/XiriAccessibilityService( 3250): [2] onAccessibilityEvent
05-28 13:36:30.403 I/chatty  ( 3250): uid=10029(u0_a29) com.iflytek.xiri identical 7 lines
05-28 13:36:30.468 D/XiriAccessibilityService( 3250): [2] onAccessibilityEvent
05-28 13:36:30.511 W/vf_audio_hw( 2366): ctrl chan socket @/data/misc/bluedroid/.voice_ctrl connect errno=[111], err=[Connection refused]
05-28 13:36:30.531 D/XiriAccessibilityService( 3250): [2] onAccessibilityEvent
05-28 13:36:30.536 I/chatty  ( 3250): uid=10029(u0_a29) com.iflytek.xiri identical 1 line
05-28 13:36:30.579 D/XiriAccessibilityService( 3250): [2] onAccessibilityEvent
05-28 13:36:30.590 W/vf_audio_hw( 2366): data chan socket @/data/misc/bluedroid/.voice_data connect errno=[111], err=[Connection refused]
05-28 13:36:30.653 D/XiriAccessibilityService( 3250): [2] onAccessibilityEvent
05-28 13:36:30.888 I/chatty  ( 3250): uid=10029(u0_a29) com.iflytek.xiri identical 9 lines
05-28 13:36:30.888 D/XiriAccessibilityService( 3250): [2] onAccessibilityEvent
05-28 13:36:30.961 W/bmaudio_hw_default( 2366): data chan socket /data/misc/bluedroid/.le_data connect errno=[111], err=[Connection refused]
05-28 13:36:30.971 D/XiriAccessibilityService( 3250): [2] onAccessibilityEvent
05-28 13:36:30.987 I/chatty  ( 3250): uid=10029(u0_a29) com.iflytek.xiri identical 1 line
05-28 13:36:31.013 D/XiriAccessibilityService( 3250): [2] onAccessibilityEvent
05-28 13:36:31.117 D/WifiStateMachine( 2338):  ConnectedState !CMD_RSSI_POLL rt=110908624/110908624 18 0 "TP-LINK_6458" 30:fc:68:8f:64:58 rssi=-39 f=2437 sc=60 link=72 tx=270.5, 0.0, 0.0  rx=286.3 bcn=0 [on:0 tx:0 rx:0 period:3001] from screen [on:0 period:1506291597] score=60
05-28 13:36:31.118 D/WifiStateMachine( 2338):  L2ConnectedState !CMD_RSSI_POLL rt=110908624/110908624 18 0 "TP-LINK_6458" 30:fc:68:8f:64:58 rssi=-39 f=2437 sc=60 link=72 tx=270.5, 0.0, 0.0  rx=286.3 bcn=0 [on:0 tx:0 rx:0 period:1] from screen [on:0 period:1506291598] score=60
05-28 13:36:31.118 D/WifiStateMachine( 2338):  get link layer stats 0
05-28 13:36:31.119 D/WifiStateMachine( 2338): fetchRssiLinkSpeedAndFrequencyNative rssi=-39 linkspeed=72 freq=2437
05-28 13:36:31.119 V/WifiConfigManager 2018.2.28( 2338): Updating scan detail cache freq=2437 BSSID=30:fc:68:8f:64:58 RSSI=-38 for "TP-LINK_6458"WPA_PSK
05-28 13:36:31.769 I/ChtvService( 2138): get tvos m_eCurrentSourceType 29 
05-28 13:36:31.769 D/[TVOS]PlayerImpl( 3159): getCurInputSource 29
05-28 13:36:31.836 D/ControlCenterWorkThread( 7269): refreshDevices...
05-28 13:36:31.837 D/ControlCenterWorkThread( 7269): Mcontroller controlCenterWorkThread MCstartSearch
05-28 13:36:32.511 W/vf_audio_hw( 2366): ctrl chan socket @/data/misc/bluedroid/.voice_ctrl connect errno=[111], err=[Connection refused]
05-28 13:36:32.590 W/vf_audio_hw( 2366): data chan socket @/data/misc/bluedroid/.voice_data connect errno=[111], err=[Connection refused]
05-28 13:36:32.736 D/XiriTopActivityManager( 3250): [2] setTopActivityClsName = com.smart.changhong.smartipptv.MainActivity
05-28 13:36:32.855 D/vf_audio_hw( 2366): heart beat sended to xiri
05-28 13:36:32.855 D/LocalSocketTransmitVoice( 3250): [91] read string=heart_beat
05-28 13:36:32.961 W/bmaudio_hw_default( 2366): data chan socket /data/misc/bluedroid/.le_data connect errno=[111], err=[Connection refused]
05-28 13:36:33.155 D/XiriAccessibilityService( 3250): [2] onAccessibilityEvent
05-28 13:36:33.966 I/chatty  ( 3250): uid=10029(u0_a29) com.iflytek.xiri identical 22 lines
05-28 13:36:34.027 D/XiriAccessibilityService( 3250): [2] onAccessibilityEvent
05-28 13:36:34.122 D/WifiStateMachine( 2338):  ConnectedState !CMD_RSSI_POLL rt=110911628/110911628 18 0 "TP-LINK_6458" 30:fc:68:8f:64:58 rssi=-39 f=2437 sc=60 link=72 tx=279.3, 0.0, 0.0  rx=279.1 bcn=0 [on:0 tx:0 rx:0 period:3001] from screen [on:0 period:1506294601] score=60
05-28 13:36:34.122 D/WifiStateMachine( 2338):  L2ConnectedState !CMD_RSSI_POLL rt=110911628/110911628 18 0 "TP-LINK_6458" 30:fc:68:8f:64:58 rssi=-39 f=2437 sc=60 link=72 tx=279.3, 0.0, 0.0  rx=279.1 bcn=0 [on:0 tx:0 rx:0 period:1] from screen [on:0 period:1506294602] score=60
05-28 13:36:34.122 D/WifiStateMachine( 2338):  get link layer stats 0
05-28 13:36:34.123 D/WifiStateMachine( 2338): fetchRssiLinkSpeedAndFrequencyNative rssi=-39 linkspeed=72 freq=2437
05-28 13:36:34.123 V/WifiConfigManager 2018.2.28( 2338): Updating scan detail cache freq=2437 BSSID=30:fc:68:8f:64:58 RSSI=-38 for "TP-LINK_6458"WPA_PSK
05-28 13:36:34.511 W/vf_audio_hw( 2366): ctrl chan socket @/data/misc/bluedroid/.voice_ctrl connect errno=[111], err=[Connection refused]
05-28 13:36:34.590 W/vf_audio_hw( 2366): data chan socket @/data/misc/bluedroid/.voice_data connect errno=[111], err=[Connection refused]
05-28 13:36:34.951 I/hpplay-java( 8440): [main]:LelinkCastWrapper:getOption  option: OPTION_SERVERINFO
05-28 13:36:34.952 I/hpplay-java( 8440): [main]:LelinkCastImpl:getOption option: OPTION_SERVERINFO
05-28 13:36:34.955 I/hpplay-java( 8440): [main]:LelinkCastWrapper:getOption  option: OPTION_SERVERINFO
05-28 13:36:34.955 I/hpplay-java( 8440): [main]:LelinkCastImpl:getOption option: OPTION_SERVERINFO
05-28 13:36:34.961 W/bmaudio_hw_default( 2366): data chan socket /data/misc/bluedroid/.le_data connect errno=[111], err=[Connection refused]
05-28 13:36:35.697 D/CH_NTP NtpTrustedTime 2018.9.21( 2338): currentTimeMillis() cache hit
05-28 13:36:35.717 D/CH_NTP NtpTrustedTime 2018.9.21( 2338): currentTimeMillis() cache hit
05-28 13:36:35.720 D/CH_NTP NtpTrustedTime 2018.9.21( 2338): currentTimeMillis() cache hit
05-28 13:36:35.720 D/CH_NTP NtpTrustedTime 2018.9.21( 2338): currentTimeMillis() cache hit
05-28 13:36:36.171 D/XiriAccessibilityService( 3250): [2] onAccessibilityEvent
05-28 13:36:36.440 I/chatty  ( 3250): uid=10029(u0_a29) com.iflytek.xiri identical 6 lines
05-28 13:36:36.448 D/XiriAccessibilityService( 3250): [2] onAccessibilityEvent
05-28 13:36:36.511 W/vf_audio_hw( 2366): ctrl chan socket @/data/misc/bluedroid/.voice_ctrl connect errno=[111], err=[Connection refused]
05-28 13:36:36.519 D/XiriAccessibilityService( 3250): [2] onAccessibilityEvent
05-28 13:36:36.556 I/chatty  ( 3250): uid=10029(u0_a29) com.iflytek.xiri identical 1 line
05-28 13:36:36.560 D/XiriAccessibilityService( 3250): [2] onAccessibilityEvent
05-28 13:36:36.590 W/vf_audio_hw( 2366): data chan socket @/data/misc/bluedroid/.voice_data connect errno=[111], err=[Connection refused]
05-28 13:36:36.620 D/XiriAccessibilityService( 3250): [2] onAccessibilityEvent
05-28 13:36:36.933 I/chatty  ( 3250): uid=10029(u0_a29) com.iflytek.xiri identical 10 lines
05-28 13:36:36.934 D/XiriAccessibilityService( 3250): [2] onAccessibilityEvent
05-28 13:36:36.962 W/bmaudio_hw_default( 2366): data chan socket /data/misc/bluedroid/.le_data connect errno=[111], err=[Connection refused]
05-28 13:36:37.013 D/XiriAccessibilityService( 3250): [2] onAccessibilityEvent
05-28 13:36:37.031 I/chatty  ( 3250): uid=10029(u0_a29) com.iflytek.xiri identical 1 line
05-28 13:36:37.044 D/XiriAccessibilityService( 3250): [2] onAccessibilityEvent
05-28 13:36:37.127 D/WifiStateMachine( 2338):  ConnectedState !CMD_RSSI_POLL rt=110914633/110914633 18 0 "TP-LINK_6458" 30:fc:68:8f:64:58 rssi=-39 f=2437 sc=60 link=72 tx=245.1, 0.0, 0.0  rx=260.6 bcn=0 [on:0 tx:0 rx:0 period:3002] from screen [on:0 period:1506297606] score=60
05-28 13:36:37.127 D/WifiStateMachine( 2338):  L2ConnectedState !CMD_RSSI_POLL rt=110914634/110914634 18 0 "TP-LINK_6458" 30:fc:68:8f:64:58 rssi=-39 f=2437 sc=60 link=72 tx=245.1, 0.0, 0.0  rx=260.6 bcn=0 [on:0 tx:0 rx:0 period:1] from screen [on:0 period:1506297607] score=60
05-28 13:36:37.127 D/WifiStateMachine( 2338):  get link layer stats 0
05-28 13:36:37.128 D/WifiStateMachine( 2338): fetchRssiLinkSpeedAndFrequencyNative rssi=-39 linkspeed=72 freq=2437
05-28 13:36:37.128 V/WifiConfigManager 2018.2.28( 2338): Updating scan detail cache freq=2437 BSSID=30:fc:68:8f:64:58 RSSI=-38 for "TP-LINK_6458"WPA_PSK
05-28 13:36:37.175 V/IPP3.4  ( 1806): Client:recv 12 from 192.168.1.165:17958
05-28 13:36:37.756 D/XiriTopActivityManager( 3250): [2] setTopActivityClsName = com.smart.changhong.smartipptv.MainActivity
05-28 13:36:37.860 D/vf_audio_hw( 2366): heart beat sended to xiri
05-28 13:36:37.861 D/LocalSocketTransmitVoice( 3250): [91] read string=heart_beat
05-28 13:36:38.511 W/vf_audio_hw( 2366): ctrl chan socket @/data/misc/bluedroid/.voice_ctrl connect errno=[111], err=[Connection refused]
05-28 13:36:38.590 W/vf_audio_hw( 2366): data chan socket @/data/misc/bluedroid/.voice_data connect errno=[111], err=[Connection refused]
05-28 13:36:38.937 E/MediaPlayerService( 2377): onvif_get_addaddr time out to find camera
05-28 13:36:38.937 E/CameraService( 2367): func:waitForOnvifEvent line:209 url= ch_ipcamera_num=0 mNumberOfCameras=0 g_sleep_time=9 g_camera_url=
05-28 13:36:38.962 W/bmaudio_hw_default( 2366): data chan socket /data/misc/bluedroid/.le_data connect errno=[111], err=[Connection refused]
05-28 13:36:39.184 D/XiriAccessibilityService( 3250): [2] onAccessibilityEvent
05-28 13:36:39.878 I/chatty  ( 3250): uid=10029(u0_a29) com.iflytek.xiri identical 22 lines
05-28 13:36:39.898 D/XiriAccessibilityService( 3250): [2] onAccessibilityEvent
05-28 13:36:39.905 I/zygote64( 2338): Background concurrent copying GC freed 154390(7MB) AllocSpace objects, 12(240KB) LOS objects, 42% free, 9MB/15MB, paused 319us total 157.492ms
05-28 13:36:39.950 D/XiriAccessibilityService( 3250): [2] onAccessibilityEvent
05-28 13:36:39.998 I/chatty  ( 3250): uid=10029(u0_a29) com.iflytek.xiri identical 4 lines
05-28 13:36:40.049 D/XiriAccessibilityService( 3250): [2] onAccessibilityEvent
05-28 13:36:40.132 D/WifiStateMachine( 2338):  ConnectedState !CMD_RSSI_POLL rt=110917638/110917638 18 0 "TP-LINK_6458" 30:fc:68:8f:64:58 rssi=-39 f=2437 sc=60 link=72 tx=286.1, 0.0, 0.0  rx=316.8 bcn=0 [on:0 tx:0 rx:0 period:3003] from screen [on:0 period:1506300612] score=60
05-28 13:36:40.132 D/WifiStateMachine( 2338):  L2ConnectedState !CMD_RSSI_POLL rt=110917638/110917638 18 0 "TP-LINK_6458" 30:fc:68:8f:64:58 rssi=-39 f=2437 sc=60 link=72 tx=286.1, 0.0, 0.0  rx=316.8 bcn=0 [on:0 tx:0 rx:0 period:0] from screen [on:0 period:1506300612] score=60
05-28 13:36:40.132 D/WifiStateMachine( 2338):  get link layer stats 0
05-28 13:36:40.133 D/WifiStateMachine( 2338): fetchRssiLinkSpeedAndFrequencyNative rssi=-39 linkspeed=72 freq=2437
05-28 13:36:40.133 V/WifiConfigManager 2018.2.28( 2338): Updating scan detail cache freq=2437 BSSID=30:fc:68:8f:64:58 RSSI=-38 for "TP-LINK_6458"WPA_PSK
05-28 13:36:40.511 W/vf_audio_hw( 2366): ctrl chan socket @/data/misc/bluedroid/.voice_ctrl connect errno=[111], err=[Connection refused]
05-28 13:36:40.591 W/vf_audio_hw( 2366): data chan socket @/data/misc/bluedroid/.voice_data connect errno=[111], err=[Connection refused]
05-28 13:36:40.879 V/IPP3.4  ( 1806): Client:recv 12 from 192.168.1.187:17702
05-28 13:36:40.962 W/bmaudio_hw_default( 2366): data chan socket /data/misc/bluedroid/.le_data connect errno=[111], err=[Connection refused]
05-28 13:36:41.876 D/ControlCenterWorkThread( 7269): refreshDevices...
05-28 13:36:41.877 D/ControlCenterWorkThread( 7269): Mcontroller controlCenterWorkThread MCstartSearch
05-28 13:36:42.195 D/XiriAccessibilityService( 3250): [2] onAccessibilityEvent
05-28 13:36:42.468 I/chatty  ( 3250): uid=10029(u0_a29) com.iflytek.xiri identical 6 lines
05-28 13:36:42.468 D/XiriAccessibilityService( 3250): [2] onAccessibilityEvent
05-28 13:36:42.512 W/vf_audio_hw( 2366): ctrl chan socket @/data/misc/bluedroid/.voice_ctrl connect errno=[111], err=[Connection refused]
05-28 13:36:42.536 D/XiriAccessibilityService( 3250): [2] onAccessibilityEvent
05-28 13:36:42.577 I/chatty  ( 3250): uid=10029(u0_a29) com.iflytek.xiri identical 1 line
05-28 13:36:42.583 D/XiriAccessibilityService( 3250): [2] onAccessibilityEvent
05-28 13:36:42.591 W/vf_audio_hw( 2366): data chan socket @/data/misc/bluedroid/.voice_data connect errno=[111], err=[Connection refused]
05-28 13:36:42.645 D/XiriAccessibilityService( 3250): [2] onAccessibilityEvent
05-28 13:36:42.676 D/UTAnalytics:UploadTask(12639): pid:12639 Upload,
05-28 13:36:42.679 D/UTAnalytics:LogStoreMgr(12639): pid:12639 [store],
05-28 13:36:42.694 D/UTAnalytics:UTSqliteLogStore(12639): pid:12639 sql:SELECT * FROM log ORDER BY time ASC  LIMIT 99,
05-28 13:36:42.698 D/XiriAccessibilityService( 3250): [2] onAccessibilityEvent
05-28 13:36:42.702 D/UTAnalytics:LogStoreMgr(12639): pid:12639 [get],[],
05-28 13:36:42.705 D/XiriAccessibilityService( 3250): [2] onAccessibilityEvent
05-28 13:36:42.707 D/UTAnalytics:UploadEngine(12639): pid:12639 UTDC.bBackground:false,AppInfoUtil.isForeground(UTDC.getContext()) ,true,
05-28 13:36:42.712 D/UTAnalytics:UploadTask(12639): pid:12639 mPeriod:30000,
05-28 13:36:42.752 D/XiriAccessibilityService( 3250): [2] onAccessibilityEvent
05-28 13:36:42.784 D/XiriTopActivityManager( 3250): [2] setTopActivityClsName = com.smart.changhong.smartipptv.MainActivity
05-28 13:36:42.797 D/XiriAccessibilityService( 3250): [2] onAccessibilityEvent
05-28 13:36:42.833 I/chatty  ( 3250): uid=10029(u0_a29) com.iflytek.xiri identical 1 line
05-28 13:36:42.851 D/XiriAccessibilityService( 3250): [2] onAccessibilityEvent
05-28 13:36:42.867 D/vf_audio_hw( 2366): heart beat sended to xiri
05-28 13:36:42.868 D/LocalSocketTransmitVoice( 3250): [91] read string=heart_beat
05-28 13:36:42.919 D/XiriAccessibilityService( 3250): [2] onAccessibilityEvent
05-28 13:36:42.954 I/chatty  ( 3250): uid=10029(u0_a29) com.iflytek.xiri identical 3 lines
05-28 13:36:42.956 D/XiriAccessibilityService( 3250): [2] onAccessibilityEvent
05-28 13:36:42.962 W/bmaudio_hw_default( 2366): data chan socket /data/misc/bluedroid/.le_data connect errno=[111], err=[Connection refused]
05-28 13:36:43.012 D/XiriAccessibilityService( 3250): [2] onAccessibilityEvent
05-28 13:36:43.049 I/chatty  ( 3250): uid=10029(u0_a29) com.iflytek.xiri identical 1 line
05-28 13:36:43.060 D/XiriAccessibilityService( 3250): [2] onAccessibilityEvent
05-28 13:36:43.137 D/WifiStateMachine( 2338):  ConnectedState !CMD_RSSI_POLL rt=110920643/110920643 18 0 "TP-LINK_6458" 30:fc:68:8f:64:58 rssi=-39 f=2437 sc=60 link=72 tx=310.0, 0.0, 0.0  rx=331.9 bcn=0 [on:0 tx:0 rx:0 period:3003] from screen [on:0 period:1506303617] score=60
05-28 13:36:43.137 D/WifiStateMachine( 2338):  L2ConnectedState !CMD_RSSI_POLL rt=110920644/110920644 18 0 "TP-LINK_6458" 30:fc:68:8f:64:58 rssi=-39 f=2437 sc=60 link=72 tx=310.0, 0.0, 0.0  rx=331.9 bcn=0 [on:0 tx:0 rx:0 period:0] from screen [on:0 period:1506303617] score=60
05-28 13:36:43.137 D/WifiStateMachine( 2338):  get link layer stats 0
05-28 13:36:43.138 D/WifiStateMachine( 2338): fetchRssiLinkSpeedAndFrequencyNative rssi=-39 linkspeed=72 freq=2437
05-28 13:36:43.138 V/WifiConfigManager 2018.2.28( 2338): Updating scan detail cache freq=2437 BSSID=30:fc:68:8f:64:58 RSSI=-38 for "TP-LINK_6458"WPA_PSK
05-28 13:36:44.513 W/vf_audio_hw( 2366): ctrl chan socket @/data/misc/bluedroid/.voice_ctrl connect errno=[111], err=[Connection refused]
05-28 13:36:44.591 W/vf_audio_hw( 2366): data chan socket @/data/misc/bluedroid/.voice_data connect errno=[111], err=[Connection refused]
05-28 13:36:44.962 W/bmaudio_hw_default( 2366): data chan socket /data/misc/bluedroid/.le_data connect errno=[111], err=[Connection refused]
05-28 13:36:45.203 D/XiriAccessibilityService( 3250): [2] onAccessibilityEvent
05-28 13:36:46.017 I/chatty  ( 3250): uid=10029(u0_a29) com.iflytek.xiri identical 23 lines
05-28 13:36:46.046 D/XiriAccessibilityService( 3250): [2] onAccessibilityEvent
05-28 13:36:46.142 D/WifiStateMachine( 2338):  ConnectedState !CMD_RSSI_POLL rt=110923648/110923648 18 0 "TP-LINK_6458" 30:fc:68:8f:64:58 rssi=-39 f=2437 sc=60 link=72 tx=305.5, 0.0, 0.0  rx=336.4 bcn=0 [on:0 tx:0 rx:0 period:3003] from screen [on:0 period:1506306622] score=60
05-28 13:36:46.142 D/WifiStateMachine( 2338):  L2ConnectedState !CMD_RSSI_POLL rt=110923649/110923649 18 0 "TP-LINK_6458" 30:fc:68:8f:64:58 rssi=-39 f=2437 sc=60 link=72 tx=305.5, 0.0, 0.0  rx=336.4 bcn=0 [on:0 tx:0 rx:0 period:0] from screen [on:0 period:1506306622] score=60
05-28 13:36:46.142 D/WifiStateMachine( 2338):  get link layer stats 0
05-28 13:36:46.143 D/WifiStateMachine( 2338): fetchRssiLinkSpeedAndFrequencyNative rssi=-39 linkspeed=72 freq=2437
05-28 13:36:46.143 V/WifiConfigManager 2018.2.28( 2338): Updating scan detail cache freq=2437 BSSID=30:fc:68:8f:64:58 RSSI=-38 for "TP-LINK_6458"WPA_PSK
05-28 13:36:46.514 W/vf_audio_hw( 2366): ctrl chan socket @/data/misc/bluedroid/.voice_ctrl connect errno=[111], err=[Connection refused]
05-28 13:36:46.591 W/vf_audio_hw( 2366): data chan socket @/data/misc/bluedroid/.voice_data connect errno=[111], err=[Connection refused]
05-28 13:36:46.963 W/bmaudio_hw_default( 2366): data chan socket /data/misc/bluedroid/.le_data connect errno=[111], err=[Connection refused]
05-28 13:36:47.801 D/XiriTopActivityManager( 3250): [2] setTopActivityClsName = com.smart.changhong.smartipptv.MainActivity
05-28 13:36:47.837 D/UTAnalytics:CommitTask(12639): pid:12639 check&commit event:65501,
05-28 13:36:47.837 D/UTAnalytics:CommitTask(12639): pid:12639 next:65501,
05-28 13:36:47.838 D/UTAnalytics:CommitTask(12639): pid:12639 check&commit event:65502,
05-28 13:36:47.838 D/UTAnalytics:CommitTask(12639): pid:12639 next:65502,
05-28 13:36:47.838 D/UTAnalytics:CommitTask(12639): pid:12639 check&commit event:65503,
05-28 13:36:47.838 D/UTAnalytics:CommitTask(12639): pid:12639 next:65503,
05-28 13:36:47.878 D/vf_audio_hw( 2366): heart beat sended to xiri
05-28 13:36:47.879 D/LocalSocketTransmitVoice( 3250): [91] read string=heart_beat
05-28 13:36:48.106 D/UTAnalytics:CommitTask(12639): pid:12639 check&commit event:65133,
05-28 13:36:48.107 D/UTAnalytics:CommitTask(12639): pid:12639 next:65133,
05-28 13:36:48.214 D/XiriAccessibilityService( 3250): [2] onAccessibilityEvent
05-28 13:36:48.442 I/chatty  ( 3250): uid=10029(u0_a29) com.iflytek.xiri identical 6 lines
05-28 13:36:48.482 D/XiriAccessibilityService( 3250): [2] onAccessibilityEvent
05-28 13:36:48.517 W/vf_audio_hw( 2366): ctrl chan socket @/data/misc/bluedroid/.voice_ctrl connect errno=[111], err=[Connection refused]
05-28 13:36:48.549 D/XiriAccessibilityService( 3250): [2] onAccessibilityEvent
05-28 13:36:48.552 I/chatty  ( 3250): uid=10029(u0_a29) com.iflytek.xiri identical 1 line
05-28 13:36:48.586 D/XiriAccessibilityService( 3250): [2] onAccessibilityEvent
05-28 13:36:48.591 W/vf_audio_hw( 2366): data chan socket @/data/misc/bluedroid/.voice_data connect errno=[111], err=[Connection refused]
05-28 13:36:48.665 D/XiriAccessibilityService( 3250): [2] onAccessibilityEvent
05-28 13:36:48.948 I/chatty  ( 3250): uid=10029(u0_a29) com.iflytek.xiri identical 8 lines
05-28 13:36:48.963 D/XiriAccessibilityService( 3250): [2] onAccessibilityEvent
05-28 13:36:48.963 W/bmaudio_hw_default( 2366): data chan socket /data/misc/bluedroid/.le_data connect errno=[111], err=[Connection refused]
05-28 13:36:48.975 D/XiriAccessibilityService( 3250): [2] onAccessibilityEvent
05-28 13:36:49.068 I/chatty  ( 3250): uid=10029(u0_a29) com.iflytek.xiri identical 3 lines
05-28 13:36:49.094 D/XiriAccessibilityService( 3250): [2] onAccessibilityEvent
05-28 13:36:49.147 D/WifiStateMachine( 2338):  ConnectedState !CMD_RSSI_POLL rt=110926653/110926653 18 0 "TP-LINK_6458" 30:fc:68:8f:64:58 rssi=-39 f=2437 sc=60 link=72 tx=299.8, 0.0, 0.0  rx=320.2 bcn=0 [on:0 tx:0 rx:0 period:3002] from screen [on:0 period:1506309627] score=60
05-28 13:36:49.148 D/WifiStateMachine( 2338):  L2ConnectedState !CMD_RSSI_POLL rt=110926654/110926654 18 0 "TP-LINK_6458" 30:fc:68:8f:64:58 rssi=-39 f=2437 sc=60 link=72 tx=299.8, 0.0, 0.0  rx=320.2 bcn=0 [on:0 tx:0 rx:0 period:1] from screen [on:0 period:1506309628] score=60
05-28 13:36:49.148 D/WifiStateMachine( 2338):  get link layer stats 0
05-28 13:36:49.149 D/WifiStateMachine( 2338): fetchRssiLinkSpeedAndFrequencyNative rssi=-39 linkspeed=72 freq=2437
05-28 13:36:49.149 V/WifiConfigManager 2018.2.28( 2338): Updating scan detail cache freq=2437 BSSID=30:fc:68:8f:64:58 RSSI=-38 for "TP-LINK_6458"WPA_PSK
05-28 13:36:50.517 W/vf_audio_hw( 2366): ctrl chan socket @/data/misc/bluedroid/.voice_ctrl connect errno=[111], err=[Connection refused]
05-28 13:36:50.592 W/vf_audio_hw( 2366): data chan socket @/data/misc/bluedroid/.voice_data connect errno=[111], err=[Connection refused]
05-28 13:36:50.963 W/bmaudio_hw_default( 2366): data chan socket /data/misc/bluedroid/.le_data connect errno=[111], err=[Connection refused]
05-28 13:36:51.224 D/XiriAccessibilityService( 3250): [2] onAccessibilityEvent
05-28 13:36:51.864 I/chatty  ( 3250): uid=10029(u0_a29) com.iflytek.xiri identical 16 lines
05-28 13:36:51.912 D/XiriAccessibilityService( 3250): [2] onAccessibilityEvent
05-28 13:36:51.919 D/ControlCenterWorkThread( 7269): refreshDevices...
05-28 13:36:51.920 D/XiriAccessibilityService( 3250): [2] onAccessibilityEvent
05-28 13:36:51.920 D/ControlCenterWorkThread( 7269): Mcontroller controlCenterWorkThread MCstartSearch
05-28 13:36:51.978 D/XiriAccessibilityService( 3250): [2] onAccessibilityEvent
05-28 13:36:52.021 I/chatty  ( 3250): uid=10029(u0_a29) com.iflytek.xiri identical 3 lines
05-28 13:36:52.096 D/XiriAccessibilityService( 3250): [2] onAccessibilityEvent
05-28 13:36:52.152 D/WifiStateMachine( 2338):  ConnectedState !CMD_RSSI_POLL rt=110929658/110929658 18 0 "TP-LINK_6458" 30:fc:68:8f:64:58 rssi=-39 f=2437 sc=60 link=72 tx=276.4, 0.0, 0.0  rx=298.1 bcn=0 [on:0 tx:0 rx:0 period:3002] from screen [on:0 period:1506312632] score=60
05-28 13:36:52.153 D/WifiStateMachine( 2338):  L2ConnectedState !CMD_RSSI_POLL rt=110929659/110929659 18 0 "TP-LINK_6458" 30:fc:68:8f:64:58 rssi=-39 f=2437 sc=60 link=72 tx=276.4, 0.0, 0.0  rx=298.1 bcn=0 [on:0 tx:0 rx:0 period:1] from screen [on:0 period:1506312633] score=60
05-28 13:36:52.153 D/WifiStateMachine( 2338):  get link layer stats 0
05-28 13:36:52.154 D/WifiStateMachine( 2338): fetchRssiLinkSpeedAndFrequencyNative rssi=-39 linkspeed=72 freq=2437
05-28 13:36:52.154 V/WifiConfigManager 2018.2.28( 2338): Updating scan detail cache freq=2437 BSSID=30:fc:68:8f:64:58 RSSI=-38 for "TP-LINK_6458"WPA_PSK
05-28 13:36:52.235 D/CH_NTP NtpTrustedTime 2018.9.21( 2338): currentTimeMillis() cache hit
05-28 13:36:52.254 D/CH_NTP NtpTrustedTime 2018.9.21( 2338): currentTimeMillis() cache hit
05-28 13:36:52.255 D/CH_NTP NtpTrustedTime 2018.9.21( 2338): currentTimeMillis() cache hit
05-28 13:36:52.255 D/CH_NTP NtpTrustedTime 2018.9.21( 2338): currentTimeMillis() cache hit
05-28 13:36:52.517 W/vf_audio_hw( 2366): ctrl chan socket @/data/misc/bluedroid/.voice_ctrl connect errno=[111], err=[Connection refused]
05-28 13:36:52.592 W/vf_audio_hw( 2366): data chan socket @/data/misc/bluedroid/.voice_data connect errno=[111], err=[Connection refused]
05-28 13:36:52.822 D/XiriTopActivityManager( 3250): [2] setTopActivityClsName = com.smart.changhong.smartipptv.MainActivity
05-28 13:36:52.886 D/vf_audio_hw( 2366): heart beat sended to xiri
05-28 13:36:52.886 D/LocalSocketTransmitVoice( 3250): [91] read string=heart_beat
05-28 13:36:52.892 V/IPP3.4  ( 1806): Client:recv 12 from 192.168.1.165:17958
05-28 13:36:52.964 W/bmaudio_hw_default( 2366): data chan socket /data/misc/bluedroid/.le_data connect errno=[111], err=[Connection refused]
05-28 13:36:54.232 D/XiriAccessibilityService( 3250): [2] onAccessibilityEvent
05-28 13:36:54.493 I/chatty  ( 3250): uid=10029(u0_a29) com.iflytek.xiri identical 6 lines
05-28 13:36:54.495 D/XiriAccessibilityService( 3250): [2] onAccessibilityEvent
05-28 13:36:54.517 W/vf_audio_hw( 2366): ctrl chan socket @/data/misc/bluedroid/.voice_ctrl connect errno=[111], err=[Connection refused]
05-28 13:36:54.559 D/XiriAccessibilityService( 3250): [2] onAccessibilityEvent
05-28 13:36:54.592 W/vf_audio_hw( 2366): data chan socket @/data/misc/bluedroid/.voice_data connect errno=[111], err=[Connection refused]
05-28 13:36:54.598 D/XiriAccessibilityService( 3250): [2] onAccessibilityEvent
05-28 13:36:54.867 I/chatty  ( 3250): uid=10029(u0_a29) com.iflytek.xiri identical 8 lines
05-28 13:36:54.951 D/XiriAccessibilityService( 3250): [2] onAccessibilityEvent
05-28 13:36:54.964 W/bmaudio_hw_default( 2366): data chan socket /data/misc/bluedroid/.le_data connect errno=[111], err=[Connection refused]
05-28 13:36:54.965 D/XiriAccessibilityService( 3250): [2] onAccessibilityEvent
05-28 13:36:55.085 I/chatty  ( 3250): uid=10029(u0_a29) com.iflytek.xiri identical 6 lines
05-28 13:36:55.111 D/XiriAccessibilityService( 3250): [2] onAccessibilityEvent
05-28 13:36:55.158 D/WifiStateMachine( 2338):  ConnectedState !CMD_RSSI_POLL rt=110932664/110932664 18 0 "TP-LINK_6458" 30:fc:68:8f:64:58 rssi=-39 f=2437 sc=60 link=72 tx=217.2, 0.0, 0.0  rx=239.1 bcn=0 [on:0 tx:0 rx:0 period:3003] from screen [on:0 period:1506315638] score=60
05-28 13:36:55.159 D/WifiStateMachine( 2338):  L2ConnectedState !CMD_RSSI_POLL rt=110932665/110932665 18 0 "TP-LINK_6458" 30:fc:68:8f:64:58 rssi=-39 f=2437 sc=60 link=72 tx=217.2, 0.0, 0.0  rx=239.1 bcn=0 [on:0 tx:0 rx:0 period:0] from screen [on:0 period:1506315638] score=60
05-28 13:36:55.159 D/WifiStateMachine( 2338):  get link layer stats 0
05-28 13:36:55.159 D/WifiStateMachine( 2338): fetchRssiLinkSpeedAndFrequencyNative rssi=-39 linkspeed=72 freq=2437
05-28 13:36:55.159 V/WifiConfigManager 2018.2.28( 2338): Updating scan detail cache freq=2437 BSSID=30:fc:68:8f:64:58 RSSI=-38 for "TP-LINK_6458"WPA_PSK
05-28 13:36:55.204 V/IPP3.4  ( 1806): Client:recv 12 from 192.168.1.187:17702
05-28 13:36:56.517 W/vf_audio_hw( 2366): ctrl chan socket @/data/misc/bluedroid/.voice_ctrl connect errno=[111], err=[Connection refused]
05-28 13:36:56.592 W/vf_audio_hw( 2366): data chan socket @/data/misc/bluedroid/.voice_data connect errno=[111], err=[Connection refused]
05-28 13:36:56.947 E/MediaPlayerService( 2377): onvif_get_addaddr time out to find camera
05-28 13:36:56.948 E/CameraService( 2367): func:waitForOnvifEvent line:209 url= ch_ipcamera_num=0 mNumberOfCameras=0 g_sleep_time=9 g_camera_url=
05-28 13:36:56.964 W/bmaudio_hw_default( 2366): data chan socket /data/misc/bluedroid/.le_data connect errno=[111], err=[Connection refused]
05-28 13:36:57.241 D/XiriAccessibilityService( 3250): [2] onAccessibilityEvent
05-28 13:36:57.584 I/chatty  ( 3250): uid=10029(u0_a29) com.iflytek.xiri identical 9 lines
05-28 13:36:57.616 D/XiriAccessibilityService( 3250): [2] onAccessibilityEvent
05-28 13:36:57.685 V/IPP3.4  ( 1806): ########### Client Info #########
05-28 13:36:57.685 V/IPP3.4  ( 1806): Device list:
05-28 13:36:57.685 V/IPP3.4  ( 1806):   1:socket = 86, SN = MY2w3DRvmacaT17070300236
05-28 13:36:57.685 V/IPP3.4  ( 1806):   1:SN = 0D6F000DBCAC6300
05-28 13:36:57.685 V/IPP3.4  ( 1806):   2:SN = 0D6F000DBCAD2200
05-28 13:36:57.685 V/IPP3.4  ( 1806):   2:socket = 80, SN = TV_GW_6023A4C3648A
05-28 13:36:57.685 V/IPP3.4  ( 1806): Client sock list:
05-28 13:36:57.685 V/IPP3.4  ( 1806):   self fd:75
05-28 13:36:57.685 V/IPP3.4  ( 1806):   fd:86
05-28 13:36:57.685 V/IPP3.4  ( 1806):   fd:80
05-28 13:36:57.685 V/IPP3.4  ( 1806): ########### Server Info #########
05-28 13:36:57.694 D/XiriAccessibilityService( 3250): [2] onAccessibilityEvent
05-28 13:36:57.796 I/chatty  ( 3250): uid=10029(u0_a29) com.iflytek.xiri identical 3 lines
05-28 13:36:57.813 D/XiriAccessibilityService( 3250): [2] onAccessibilityEvent
05-28 13:36:57.839 D/XiriTopActivityManager( 3250): [2] setTopActivityClsName = com.smart.changhong.smartipptv.MainActivity
05-28 13:36:57.847 D/XiriAccessibilityService( 3250): [2] onAccessibilityEvent
05-28 13:36:57.895 D/vf_audio_hw( 2366): heart beat sended to xiri
05-28 13:36:57.896 D/LocalSocketTransmitVoice( 3250): [91] read string=heart_beat
05-28 13:36:57.913 D/XiriAccessibilityService( 3250): [2] onAccessibilityEvent
05-28 13:36:58.028 I/chatty  ( 3250): uid=10029(u0_a29) com.iflytek.xiri identical 4 lines
05-28 13:36:58.078 D/XiriAccessibilityService( 3250): [2] onAccessibilityEvent
05-28 13:36:58.164 D/WifiStateMachine( 2338):  ConnectedState !CMD_RSSI_POLL rt=110935670/110935670 18 0 "TP-LINK_6458" 30:fc:68:8f:64:58 rssi=-39 f=2437 sc=60 link=72 tx=269.1, 0.0, 0.0  rx=278.0 bcn=0 [on:0 tx:0 rx:0 period:3003] from screen [on:0 period:1506318644] score=60
05-28 13:36:58.165 D/WifiStateMachine( 2338):  L2ConnectedState !CMD_RSSI_POLL rt=110935671/110935671 18 0 "TP-LINK_6458" 30:fc:68:8f:64:58 rssi=-39 f=2437 sc=60 link=72 tx=269.1, 0.0, 0.0  rx=278.0 bcn=0 [on:0 tx:0 rx:0 period:0] from screen [on:0 period:1506318644] score=60
05-28 13:36:58.165 D/WifiStateMachine( 2338):  get link layer stats 0
05-28 13:36:58.165 D/WifiStateMachine( 2338): fetchRssiLinkSpeedAndFrequencyNative rssi=-39 linkspeed=72 freq=2437
05-28 13:36:58.166 V/WifiConfigManager 2018.2.28( 2338): Updating scan detail cache freq=2437 BSSID=30:fc:68:8f:64:58 RSSI=-38 for "TP-LINK_6458"WPA_PSK
05-28 13:36:58.518 W/vf_audio_hw( 2366): ctrl chan socket @/data/misc/bluedroid/.voice_ctrl connect errno=[111], err=[Connection refused]
05-28 13:36:58.593 W/vf_audio_hw( 2366): data chan socket @/data/misc/bluedroid/.voice_data connect errno=[111], err=[Connection refused]
05-28 13:36:58.964 W/bmaudio_hw_default( 2366): data chan socket /data/misc/bluedroid/.le_data connect errno=[111], err=[Connection refused]
05-28 13:37:00.256 D/XiriAccessibilityService( 3250): [2] onAccessibilityEvent
05-28 13:37:00.502 I/chatty  ( 3250): uid=10029(u0_a29) com.iflytek.xiri identical 6 lines
05-28 13:37:00.506 D/XiriAccessibilityService( 3250): [2] onAccessibilityEvent
05-28 13:37:00.518 W/vf_audio_hw( 2366): ctrl chan socket @/data/misc/bluedroid/.voice_ctrl connect errno=[111], err=[Connection refused]
05-28 13:37:00.572 D/XiriAccessibilityService( 3250): [2] onAccessibilityEvent
05-28 13:37:00.593 W/vf_audio_hw( 2366): data chan socket @/data/misc/bluedroid/.voice_data connect errno=[111], err=[Connection refused]
05-28 13:37:00.608 D/XiriAccessibilityService( 3250): [2] onAccessibilityEvent
05-28 13:37:00.880 I/chatty  ( 3250): uid=10029(u0_a29) com.iflytek.xiri identical 8 lines
05-28 13:37:00.948 D/XiriAccessibilityService( 3250): [2] onAccessibilityEvent
05-28 13:37:00.965 W/bmaudio_hw_default( 2366): data chan socket /data/misc/bluedroid/.le_data connect errno=[111], err=[Connection refused]
05-28 13:37:00.981 D/XiriAccessibilityService( 3250): [2] onAccessibilityEvent
05-28 13:37:01.097 I/chatty  ( 3250): uid=10029(u0_a29) com.iflytek.xiri identical 7 lines
05-28 13:37:01.128 D/XiriAccessibilityService( 3250): [2] onAccessibilityEvent
05-28 13:37:01.169 D/WifiStateMachine( 2338):  ConnectedState !CMD_RSSI_POLL rt=110938675/110938675 18 0 "TP-LINK_6458" 30:fc:68:8f:64:58 rssi=-39 f=2437 sc=60 link=72 tx=282.5, 0.0, 0.0  rx=294.5 bcn=0 [on:0 tx:0 rx:0 period:3002] from screen [on:0 period:1506321649] score=60
05-28 13:37:01.170 D/WifiStateMachine( 2338):  L2ConnectedState !CMD_RSSI_POLL rt=110938676/110938676 18 0 "TP-LINK_6458" 30:fc:68:8f:64:58 rssi=-39 f=2437 sc=60 link=72 tx=282.5, 0.0, 0.0  rx=294.5 bcn=0 [on:0 tx:0 rx:0 period:1] from screen [on:0 period:1506321650] score=60
05-28 13:37:01.170 D/WifiStateMachine( 2338):  get link layer stats 0
05-28 13:37:01.171 D/WifiStateMachine( 2338): fetchRssiLinkSpeedAndFrequencyNative rssi=-39 linkspeed=72 freq=2437
05-28 13:37:01.171 V/WifiConfigManager 2018.2.28( 2338): Updating scan detail cache freq=2437 BSSID=30:fc:68:8f:64:58 RSSI=-38 for "TP-LINK_6458"WPA_PSK
05-28 13:37:01.957 D/ControlCenterWorkThread( 7269): refreshDevices...
05-28 13:37:01.958 D/ControlCenterWorkThread( 7269): Mcontroller controlCenterWorkThread MCstartSearch
05-28 13:37:02.518 W/vf_audio_hw( 2366): ctrl chan socket @/data/misc/bluedroid/.voice_ctrl connect errno=[111], err=[Connection refused]
05-28 13:37:02.593 W/vf_audio_hw( 2366): data chan socket @/data/misc/bluedroid/.voice_data connect errno=[111], err=[Connection refused]
05-28 13:37:02.858 D/XiriTopActivityManager( 3250): [2] setTopActivityClsName = com.smart.changhong.smartipptv.MainActivity
05-28 13:37:02.906 D/vf_audio_hw( 2366): heart beat sended to xiri
05-28 13:37:02.907 D/LocalSocketTransmitVoice( 3250): [91] read string=heart_beat
05-28 13:37:02.965 W/bmaudio_hw_default( 2366): data chan socket /data/misc/bluedroid/.le_data connect errno=[111], err=[Connection refused]
05-28 13:37:03.074 D/skia    ( 9749): --- SkAndroidCodec::NewFromStream returned null
05-28 13:37:03.082 D/skia    ( 9749): --- SkAndroidCodec::NewFromStream returned null
05-28 13:37:03.267 D/XiriAccessibilityService( 3250): [2] onAccessibilityEvent
05-28 13:37:04.120 I/chatty  ( 3250): uid=10029(u0_a29) com.iflytek.xiri identical 25 lines
05-28 13:37:04.145 D/XiriAccessibilityService( 3250): [2] onAccessibilityEvent
05-28 13:37:04.174 D/WifiStateMachine( 2338):  ConnectedState !CMD_RSSI_POLL rt=110941680/110941680 18 0 "TP-LINK_6458" 30:fc:68:8f:64:58 rssi=-39 f=2437 sc=60 link=72 tx=353.8, 0.0, 0.0  rx=360.3 bcn=0 [on:0 tx:0 rx:0 period:3002] from screen [on:0 period:1506324654] score=60
05-28 13:37:04.176 D/WifiStateMachine( 2338):  L2ConnectedState !CMD_RSSI_POLL rt=110941682/110941682 18 0 "TP-LINK_6458" 30:fc:68:8f:64:58 rssi=-39 f=2437 sc=60 link=72 tx=353.8, 0.0, 0.0  rx=360.3 bcn=0 [on:0 tx:0 rx:0 period:2] from screen [on:0 period:1506324656] score=60
05-28 13:37:04.177 D/WifiStateMachine( 2338):  get link layer stats 0
05-28 13:37:04.178 D/WifiStateMachine( 2338): fetchRssiLinkSpeedAndFrequencyNative rssi=-39 linkspeed=72 freq=2437
05-28 13:37:04.178 V/WifiConfigManager 2018.2.28( 2338): Updating scan detail cache freq=2437 BSSID=30:fc:68:8f:64:58 RSSI=-38 for "TP-LINK_6458"WPA_PSK
05-28 13:37:04.518 W/vf_audio_hw( 2366): ctrl chan socket @/data/misc/bluedroid/.voice_ctrl connect errno=[111], err=[Connection refused]
05-28 13:37:04.594 W/vf_audio_hw( 2366): data chan socket @/data/misc/bluedroid/.voice_data connect errno=[111], err=[Connection refused]
05-28 13:37:04.965 W/bmaudio_hw_default( 2366): data chan socket /data/misc/bluedroid/.le_data connect errno=[111], err=[Connection refused]
05-28 13:37:04.995 I/hpplay-java( 8440): [main]:LelinkCastWrapper:getOption  option: OPTION_SERVERINFO
05-28 13:37:04.995 I/hpplay-java( 8440): [main]:LelinkCastImpl:getOption option: OPTION_SERVERINFO
05-28 13:37:04.999 I/hpplay-java( 8440): [main]:LelinkCastWrapper:getOption  option: OPTION_SERVERINFO
05-28 13:37:05.000 I/hpplay-java( 8440): [main]:LelinkCastImpl:getOption option: OPTION_SERVERINFO
05-28 13:37:06.277 D/XiriAccessibilityService( 3250): [2] onAccessibilityEvent
05-28 13:37:06.409 I/chatty  ( 3250): uid=10029(u0_a29) com.iflytek.xiri identical 4 lines
05-28 13:37:06.494 D/XiriAccessibilityService( 3250): [2] onAccessibilityEvent
05-28 13:37:06.518 W/vf_audio_hw( 2366): ctrl chan socket @/data/misc/bluedroid/.voice_ctrl connect errno=[111], err=[Connection refused]
05-28 13:37:06.543 D/XiriAccessibilityService( 3250): [2] onAccessibilityEvent
05-28 13:37:06.545 D/XiriAccessibilityService( 3250): [2] onAccessibilityEvent
05-28 13:37:06.594 W/vf_audio_hw( 2366): data chan socket @/data/misc/bluedroid/.voice_data connect errno=[111], err=[Connection refused]
05-28 13:37:06.611 D/XiriAccessibilityService( 3250): [2] onAccessibilityEvent
05-28 13:37:06.886 I/chatty  ( 3250): uid=10029(u0_a29) com.iflytek.xiri identical 8 lines
05-28 13:37:06.930 D/XiriAccessibilityService( 3250): [2] onAccessibilityEvent
05-28 13:37:06.930 D/CH_NTP NtpTrustedTime 2018.9.21( 2338): currentTimeMillis() cache hit
05-28 13:37:06.955 D/CH_NTP NtpTrustedTime 2018.9.21( 2338): currentTimeMillis() cache hit
05-28 13:37:06.957 D/CH_NTP NtpTrustedTime 2018.9.21( 2338): currentTimeMillis() cache hit
05-28 13:37:06.957 D/CH_NTP NtpTrustedTime 2018.9.21( 2338): currentTimeMillis() cache hit
05-28 13:37:06.965 W/bmaudio_hw_default( 2366): data chan socket /data/misc/bluedroid/.le_data connect errno=[111], err=[Connection refused]
05-28 13:37:06.983 D/XiriAccessibilityService( 3250): [2] onAccessibilityEvent
05-28 13:37:07.135 I/chatty  ( 3250): uid=10029(u0_a29) com.iflytek.xiri identical 6 lines
05-28 13:37:07.144 D/XiriAccessibilityService( 3250): [2] onAccessibilityEvent
05-28 13:37:07.182 D/WifiStateMachine( 2338):  ConnectedState !CMD_RSSI_POLL rt=110944688/110944688 18 0 "TP-LINK_6458" 30:fc:68:8f:64:58 rssi=-39 f=2437 sc=60 link=72 tx=284.4, 0.0, 0.0  rx=284.6 bcn=0 [on:0 tx:0 rx:0 period:3002] from screen [on:0 period:1506327662] score=60
05-28 13:37:07.182 D/WifiStateMachine( 2338):  L2ConnectedState !CMD_RSSI_POLL rt=110944688/110944688 18 0 "TP-LINK_6458" 30:fc:68:8f:64:58 rssi=-39 f=2437 sc=60 link=72 tx=284.4, 0.0, 0.0  rx=284.6 bcn=0 [on:0 tx:0 rx:0 period:0] from screen [on:0 period:1506327662] score=60
05-28 13:37:07.182 D/WifiStateMachine( 2338):  get link layer stats 0
05-28 13:37:07.183 D/WifiStateMachine( 2338): fetchRssiLinkSpeedAndFrequencyNative rssi=-39 linkspeed=72 freq=2437
05-28 13:37:07.184 V/WifiConfigManager 2018.2.28( 2338): Updating scan detail cache freq=2437 BSSID=30:fc:68:8f:64:58 RSSI=-38 for "TP-LINK_6458"WPA_PSK
05-28 13:37:07.892 D/XiriTopActivityManager( 3250): [2] setTopActivityClsName = com.smart.changhong.smartipptv.MainActivity
05-28 13:37:07.911 D/vf_audio_hw( 2366): heart beat sended to xiri
05-28 13:37:07.911 D/LocalSocketTransmitVoice( 3250): [91] read string=heart_beat
05-28 13:37:08.216 V/IPP3.4  ( 1806): Client:recv 12 from 192.168.1.165:17958
05-28 13:37:08.519 W/vf_audio_hw( 2366): ctrl chan socket @/data/misc/bluedroid/.voice_ctrl connect errno=[111], err=[Connection refused]
05-28 13:37:08.594 W/vf_audio_hw( 2366): data chan socket @/data/misc/bluedroid/.voice_data connect errno=[111], err=[Connection refused]
05-28 13:37:08.966 W/bmaudio_hw_default( 2366): data chan socket /data/misc/bluedroid/.le_data connect errno=[111], err=[Connection refused]
05-28 13:37:09.293 D/XiriAccessibilityService( 3250): [2] onAccessibilityEvent
05-28 13:37:10.130 I/chatty  ( 3250): uid=10029(u0_a29) com.iflytek.xiri identical 24 lines
05-28 13:37:10.161 D/XiriAccessibilityService( 3250): [2] onAccessibilityEvent
05-28 13:37:10.188 D/WifiStateMachine( 2338):  ConnectedState !CMD_RSSI_POLL rt=110947694/110947694 18 0 "TP-LINK_6458" 30:fc:68:8f:64:58 rssi=-39 f=2437 sc=60 link=72 tx=300.2, 0.0, 0.0  rx=313.3 bcn=0 [on:0 tx:0 rx:0 period:3003] from screen [on:0 period:1506330668] score=60
05-28 13:37:10.189 D/WifiStateMachine( 2338):  L2ConnectedState !CMD_RSSI_POLL rt=110947695/110947695 18 0 "TP-LINK_6458" 30:fc:68:8f:64:58 rssi=-39 f=2437 sc=60 link=72 tx=300.2, 0.0, 0.0  rx=313.3 bcn=0 [on:0 tx:0 rx:0 period:1] from screen [on:0 period:1506330669] score=60
05-28 13:37:10.189 D/WifiStateMachine( 2338):  get link layer stats 0
05-28 13:37:10.190 D/WifiStateMachine( 2338): fetchRssiLinkSpeedAndFrequencyNative rssi=-39 linkspeed=72 freq=2437
05-28 13:37:10.190 V/WifiConfigManager 2018.2.28( 2338): Updating scan detail cache freq=2437 BSSID=30:fc:68:8f:64:58 RSSI=-38 for "TP-LINK_6458"WPA_PSK
05-28 13:37:10.519 W/vf_audio_hw( 2366): ctrl chan socket @/data/misc/bluedroid/.voice_ctrl connect errno=[111], err=[Connection refused]
05-28 13:37:10.595 W/vf_audio_hw( 2366): data chan socket @/data/misc/bluedroid/.voice_data connect errno=[111], err=[Connection refused]
05-28 13:37:10.966 W/bmaudio_hw_default( 2366): data chan socket /data/misc/bluedroid/.le_data connect errno=[111], err=[Connection refused]
05-28 13:37:11.997 D/ControlCenterWorkThread( 7269): refreshDevices...
05-28 13:37:12.000 D/ControlCenterWorkThread( 7269): Mcontroller controlCenterWorkThread MCstartSearch
05-28 13:37:12.274 V/IPP3.4  ( 1806): Client:recv 12 from 192.168.1.187:17702
05-28 13:37:12.298 D/XiriAccessibilityService( 3250): [2] onAccessibilityEvent
05-28 13:37:12.436 I/chatty  ( 3250): uid=10029(u0_a29) com.iflytek.xiri identical 3 lines
05-28 13:37:12.444 D/XiriAccessibilityService( 3250): [2] onAccessibilityEvent
05-28 13:37:12.519 W/vf_audio_hw( 2366): ctrl chan socket @/data/misc/bluedroid/.voice_ctrl connect errno=[111], err=[Connection refused]
05-28 13:37:12.524 D/XiriAccessibilityService( 3250): [2] onAccessibilityEvent
05-28 13:37:12.567 I/chatty  ( 3250): uid=10029(u0_a29) com.iflytek.xiri identical 1 line
05-28 13:37:12.577 D/XiriAccessibilityService( 3250): [2] onAccessibilityEvent
05-28 13:37:12.595 W/vf_audio_hw( 2366): data chan socket @/data/misc/bluedroid/.voice_data connect errno=[111], err=[Connection refused]
05-28 13:37:12.635 D/XiriAccessibilityService( 3250): [2] onAccessibilityEvent
05-28 13:37:12.675 I/chatty  ( 3250): uid=10029(u0_a29) com.iflytek.xiri identical 1 line
05-28 13:37:12.688 D/XiriAccessibilityService( 3250): [2] onAccessibilityEvent
05-28 13:37:12.733 D/UTAnalytics:UploadTask(12639): pid:12639 Upload,
05-28 13:37:12.734 D/XiriAccessibilityService( 3250): [2] onAccessibilityEvent
05-28 13:37:12.738 D/UTAnalytics:LogStoreMgr(12639): pid:12639 [store],
05-28 13:37:12.751 D/UTAnalytics:UTSqliteLogStore(12639): pid:12639 sql:SELECT * FROM log ORDER BY time ASC  LIMIT 99,
05-28 13:37:12.771 D/UTAnalytics:LogStoreMgr(12639): pid:12639 [get],[],
05-28 13:37:12.775 D/UTAnalytics:UploadEngine(12639): pid:12639 UTDC.bBackground:false,AppInfoUtil.isForeground(UTDC.getContext()) ,true,
05-28 13:37:12.788 D/UTAnalytics:UploadTask(12639): pid:12639 mPeriod:30000,
05-28 13:37:12.797 D/XiriAccessibilityService( 3250): [2] onAccessibilityEvent
05-28 13:37:12.798 D/XiriAccessibilityService( 3250): [2] onAccessibilityEvent
05-28 13:37:12.837 D/UTAnalytics:CommitTask(12639): pid:12639 check&commit event:65501,
05-28 13:37:12.838 D/UTAnalytics:CommitTask(12639): pid:12639 check&commit event:65502,
05-28 13:37:12.838 D/UTAnalytics:CommitTask(12639): pid:12639 next:65502,
05-28 13:37:12.838 D/UTAnalytics:CommitTask(12639): pid:12639 check&commit event:65503,
05-28 13:37:12.839 D/UTAnalytics:CommitTask(12639): pid:12639 next:65501,
05-28 13:37:12.839 D/UTAnalytics:CommitTask(12639): pid:12639 next:65503,
05-28 13:37:12.849 D/XiriAccessibilityService( 3250): [2] onAccessibilityEvent
05-28 13:37:12.907 D/XiriTopActivityManager( 3250): [2] setTopActivityClsName = com.smart.changhong.smartipptv.MainActivity
05-28 13:37:12.914 D/XiriAccessibilityService( 3250): [2] onAccessibilityEvent
05-28 13:37:12.914 D/XiriAccessibilityService( 3250): [2] onAccessibilityEvent
05-28 13:37:12.915 D/vf_audio_hw( 2366): heart beat sended to xiri
05-28 13:37:12.915 D/LocalSocketTransmitVoice( 3250): [91] read string=heart_beat
05-28 13:37:12.963 D/XiriAccessibilityService( 3250): [2] onAccessibilityEvent
05-28 13:37:12.966 W/bmaudio_hw_default( 2366): data chan socket /data/misc/bluedroid/.le_data connect errno=[111], err=[Connection refused]
05-28 13:37:13.018 D/XiriAccessibilityService( 3250): [2] onAccessibilityEvent
05-28 13:37:13.063 I/chatty  ( 3250): uid=10029(u0_a29) com.iflytek.xiri identical 2 lines
05-28 13:37:13.063 D/XiriAccessibilityService( 3250): [2] onAccessibilityEvent
05-28 13:37:13.107 D/UTAnalytics:CommitTask(12639): pid:12639 check&commit event:65133,
05-28 13:37:13.107 D/UTAnalytics:CommitTask(12639): pid:12639 next:65133,
05-28 13:37:13.113 D/XiriAccessibilityService( 3250): [2] onAccessibilityEvent
05-28 13:37:13.161 I/chatty  ( 3250): uid=10029(u0_a29) com.iflytek.xiri identical 1 line
05-28 13:37:13.177 D/XiriAccessibilityService( 3250): [2] onAccessibilityEvent
05-28 13:37:13.194 D/WifiStateMachine( 2338):  ConnectedState !CMD_RSSI_POLL rt=110950700/110950700 18 0 "TP-LINK_6458" 30:fc:68:8f:64:58 rssi=-39 f=2437 sc=60 link=72 tx=285.1, 0.0, 0.0  rx=329.2 bcn=0 [on:0 tx:0 rx:0 period:3003] from screen [on:0 period:1506333674] score=60
05-28 13:37:13.194 D/WifiStateMachine( 2338):  L2ConnectedState !CMD_RSSI_POLL rt=110950700/110950700 18 0 "TP-LINK_6458" 30:fc:68:8f:64:58 rssi=-39 f=2437 sc=60 link=72 tx=285.1, 0.0, 0.0  rx=329.2 bcn=0 [on:0 tx:0 rx:0 period:0] from screen [on:0 period:1506333674] score=60
05-28 13:37:13.194 D/WifiStateMachine( 2338):  get link layer stats 0
05-28 13:37:13.195 D/WifiStateMachine( 2338): fetchRssiLinkSpeedAndFrequencyNative rssi=-39 linkspeed=72 freq=2437
05-28 13:37:13.195 V/WifiConfigManager 2018.2.28( 2338): Updating scan detail cache freq=2437 BSSID=30:fc:68:8f:64:58 RSSI=-38 for "TP-LINK_6458"WPA_PSK
05-28 13:37:14.519 W/vf_audio_hw( 2366): ctrl chan socket @/data/misc/bluedroid/.voice_ctrl connect errno=[111], err=[Connection refused]
05-28 13:37:14.595 W/vf_audio_hw( 2366): data chan socket @/data/misc/bluedroid/.voice_data connect errno=[111], err=[Connection refused]
05-28 13:37:14.952 E/MediaPlayerService( 2377): onvif_get_addaddr time out to find camera
05-28 13:37:14.952 E/CameraService( 2367): func:waitForOnvifEvent line:209 url= ch_ipcamera_num=0 mNumberOfCameras=0 g_sleep_time=9 g_camera_url=
05-28 13:37:14.966 W/bmaudio_hw_default( 2366): data chan socket /data/misc/bluedroid/.le_data connect errno=[111], err=[Connection refused]
05-28 13:37:14.978 D/skia    ( 9749): --- SkAndroidCodec::NewFromStream returned null
05-28 13:37:14.986 D/skia    ( 9749): --- SkAndroidCodec::NewFromStream returned null
05-28 13:37:15.305 D/XiriAccessibilityService( 3250): [2] onAccessibilityEvent
05-28 13:37:16.146 I/chatty  ( 3250): uid=10029(u0_a29) com.iflytek.xiri identical 24 lines
05-28 13:37:16.177 D/XiriAccessibilityService( 3250): [2] onAccessibilityEvent
05-28 13:37:16.199 D/WifiStateMachine( 2338):  ConnectedState !CMD_RSSI_POLL rt=110953705/110953705 18 0 "TP-LINK_6458" 30:fc:68:8f:64:58 rssi=-39 f=2437 sc=60 link=72 tx=283.0, 0.0, 0.0  rx=385.6 bcn=0 [on:0 tx:0 rx:0 period:3002] from screen [on:0 period:1506336679] score=60
05-28 13:37:16.200 D/WifiStateMachine( 2338):  L2ConnectedState !CMD_RSSI_POLL rt=110953706/110953706 18 0 "TP-LINK_6458" 30:fc:68:8f:64:58 rssi=-39 f=2437 sc=60 link=72 tx=283.0, 0.0, 0.0  rx=385.6 bcn=0 [on:0 tx:0 rx:0 period:1] from screen [on:0 period:1506336680] score=60
05-28 13:37:16.200 D/WifiStateMachine( 2338):  get link layer stats 0
05-28 13:37:16.200 D/WifiStateMachine( 2338): fetchRssiLinkSpeedAndFrequencyNative rssi=-40 linkspeed=72 freq=2437
05-28 13:37:16.201 V/WifiConfigManager 2018.2.28( 2338): Updating scan detail cache freq=2437 BSSID=30:fc:68:8f:64:58 RSSI=-39 for "TP-LINK_6458"WPA_PSK
05-28 13:37:16.519 W/vf_audio_hw( 2366): ctrl chan socket @/data/misc/bluedroid/.voice_ctrl connect errno=[111], err=[Connection refused]
05-28 13:37:16.596 W/vf_audio_hw( 2366): data chan socket @/data/misc/bluedroid/.voice_data connect errno=[111], err=[Connection refused]
05-28 13:37:16.967 W/bmaudio_hw_default( 2366): data chan socket /data/misc/bluedroid/.le_data connect errno=[111], err=[Connection refused]
05-28 13:37:17.922 D/vf_audio_hw( 2366): heart beat sended to xiri
05-28 13:37:17.922 D/LocalSocketTransmitVoice( 3250): [91] read string=heart_beat
05-28 13:37:17.926 D/XiriTopActivityManager( 3250): [2] setTopActivityClsName = com.smart.changhong.smartipptv.MainActivity
05-28 13:37:18.317 D/XiriAccessibilityService( 3250): [2] onAccessibilityEvent
05-28 13:37:18.437 I/chatty  ( 3250): uid=10029(u0_a29) com.iflytek.xiri identical 3 lines
05-28 13:37:18.437 D/XiriAccessibilityService( 3250): [2] onAccessibilityEvent
05-28 13:37:18.520 W/vf_audio_hw( 2366): ctrl chan socket @/data/misc/bluedroid/.voice_ctrl connect errno=[111], err=[Connection refused]
05-28 13:37:18.557 D/XiriAccessibilityService( 3250): [2] onAccessibilityEvent
