05-28 13:38:07.300 D/WifiStateMachine( 2338):  ConnectedState !CMD_RSSI_POLL rt=111004805/111004805 18 0 "TP-LINK_6458" 30:fc:68:8f:64:58 rssi=-42 f=2437 sc=60 link=72 tx=114.2, 0.0, 0.0  rx=105.0 bcn=0 [on:0 tx:0 rx:0 period:3002] from screen [on:0 period:1506387780] score=60
05-28 13:38:07.303 D/WifiStateMachine( 2338):  L2ConnectedState !CMD_RSSI_POLL rt=111004807/111004807 18 0 "TP-LINK_6458" 30:fc:68:8f:64:58 rssi=-42 f=2437 sc=60 link=72 tx=114.2, 0.0, 0.0  rx=105.0 bcn=0 [on:0 tx:0 rx:0 period:3] from screen [on:0 period:1506387783] score=60
05-28 13:38:07.303 D/WifiStateMachine( 2338):  get link layer stats 0
05-28 13:38:07.305 D/WifiStateMachine( 2338): fetchRssiLinkSpeedAndFrequencyNative rssi=-42 linkspeed=72 freq=2437
05-28 13:38:07.305 V/WifiConfigManager 2018.2.28( 2338): Updating scan detail cache freq=2437 BSSID=30:fc:68:8f:64:58 RSSI=-41 for "TP-LINK_6458"WPA_PSK
05-28 13:38:07.317 D/XiriAccessibilityService( 3250): [2] onAccessibilityEvent
05-28 13:38:07.337 I/chatty  ( 3250): uid=10029(u0_a29) com.iflytek.xiri identical 1 line
05-28 13:38:07.345 D/XiriAccessibilityService( 3250): [2] onAccessibilityEvent
05-28 13:38:07.986 D/vf_audio_hw( 2366): heart beat sended to xiri
05-28 13:38:07.986 D/LocalSocketTransmitVoice( 3250): [91] read string=heart_beat
05-28 13:38:08.170 D/XiriTopActivityManager( 3250): [2] setTopActivityClsName = com.smart.changhong.smartipptv.MainActivity
05-28 13:38:08.528 W/vf_audio_hw( 2366): ctrl chan socket @/data/misc/bluedroid/.voice_ctrl connect errno=[111], err=[Connection refused]
05-28 13:38:08.602 W/vf_audio_hw( 2366): data chan socket @/data/misc/bluedroid/.voice_data connect errno=[111], err=[Connection refused]
05-28 13:38:08.972 W/bmaudio_hw_default( 2366): data chan socket /data/misc/bluedroid/.le_data connect errno=[111], err=[Connection refused]
05-28 13:38:08.978 E/MediaPlayerService( 2377): onvif_get_addaddr time out to find camera
05-28 13:38:08.979 E/CameraService( 2367): func:waitForOnvifEvent line:209 url= ch_ipcamera_num=0 mNumberOfCameras=0 g_sleep_time=9 g_camera_url=
05-28 13:38:09.049 V/IPP3.4  ( 1806): Client:recv 12 from 192.168.1.165:17958
05-28 13:38:09.483 D/XiriAccessibilityService( 3250): [2] onAccessibilityEvent
05-28 13:38:10.245 I/chatty  ( 3250): uid=10029(u0_a29) com.iflytek.xiri identical 21 lines
05-28 13:38:10.295 D/XiriAccessibilityService( 3250): [2] onAccessibilityEvent
05-28 13:38:10.306 D/WifiStateMachine( 2338):  ConnectedState !CMD_RSSI_POLL rt=111007812/111007812 18 0 "TP-LINK_6458" 30:fc:68:8f:64:58 rssi=-42 f=2437 sc=60 link=72 tx=111.1, 0.0, 0.0  rx=97.5 bcn=0 [on:0 tx:0 rx:0 period:2998] from screen [on:0 period:1506390786] score=60
05-28 13:38:10.307 D/WifiStateMachine( 2338):  L2ConnectedState !CMD_RSSI_POLL rt=111007813/111007813 18 0 "TP-LINK_6458" 30:fc:68:8f:64:58 rssi=-42 f=2437 sc=60 link=72 tx=111.1, 0.0, 0.0  rx=97.5 bcn=0 [on:0 tx:0 rx:0 period:1] from screen [on:0 period:1506390787] score=60
05-28 13:38:10.307 D/WifiStateMachine( 2338):  get link layer stats 0
05-28 13:38:10.308 D/WifiStateMachine( 2338): fetchRssiLinkSpeedAndFrequencyNative rssi=-42 linkspeed=72 freq=2437
05-28 13:38:10.308 V/WifiConfigManager 2018.2.28( 2338): Updating scan detail cache freq=2437 BSSID=30:fc:68:8f:64:58 RSSI=-41 for "TP-LINK_6458"WPA_PSK
05-28 13:38:10.345 D/XiriAccessibilityService( 3250): [2] onAccessibilityEvent
05-28 13:38:10.361 D/XiriAccessibilityService( 3250): [2] onAccessibilityEvent
05-28 13:38:10.528 W/vf_audio_hw( 2366): ctrl chan socket @/data/misc/bluedroid/.voice_ctrl connect errno=[111], err=[Connection refused]
05-28 13:38:10.602 W/vf_audio_hw( 2366): data chan socket @/data/misc/bluedroid/.voice_data connect errno=[111], err=[Connection refused]
05-28 13:38:10.973 W/bmaudio_hw_default( 2366): data chan socket /data/misc/bluedroid/.le_data connect errno=[111], err=[Connection refused]
05-28 13:38:11.225 V/IPP3.4  ( 1806): Client:recv 12 from 192.168.1.187:17702
05-28 13:38:12.240 D/ControlCenterWorkThread( 7269): refreshDevices...
05-28 13:38:12.241 D/ControlCenterWorkThread( 7269): Mcontroller controlCenterWorkThread MCstartSearch
05-28 13:38:12.495 D/XiriAccessibilityService( 3250): [2] onAccessibilityEvent
05-28 13:38:12.499 D/XiriAccessibilityService( 3250): [2] onAccessibilityEvent
05-28 13:38:12.528 W/vf_audio_hw( 2366): ctrl chan socket @/data/misc/bluedroid/.voice_ctrl connect errno=[111], err=[Connection refused]
05-28 13:38:12.594 D/XiriAccessibilityService( 3250): [2] onAccessibilityEvent
05-28 13:38:12.602 W/vf_audio_hw( 2366): data chan socket @/data/misc/bluedroid/.voice_data connect errno=[111], err=[Connection refused]
05-28 13:38:12.621 D/XiriAccessibilityService( 3250): [2] onAccessibilityEvent
05-28 13:38:12.754 I/chatty  ( 3250): uid=10029(u0_a29) com.iflytek.xiri identical 3 lines
05-28 13:38:12.754 D/XiriAccessibilityService( 3250): [2] onAccessibilityEvent
05-28 13:38:12.823 D/UTAnalytics:UploadTask(12639): pid:12639 Upload,
05-28 13:38:12.824 D/XiriAccessibilityService( 3250): [2] onAccessibilityEvent
05-28 13:38:12.832 D/UTAnalytics:LogStoreMgr(12639): pid:12639 [store],
05-28 13:38:12.844 D/UTAnalytics:UTSqliteLogStore(12639): pid:12639 sql:SELECT * FROM log ORDER BY time ASC  LIMIT 99,
05-28 13:38:12.850 D/UTAnalytics:LogStoreMgr(12639): pid:12639 [get],[],
05-28 13:38:12.852 D/UTAnalytics:UploadEngine(12639): pid:12639 UTDC.bBackground:false,AppInfoUtil.isForeground(UTDC.getContext()) ,true,
05-28 13:38:12.856 D/UTAnalytics:UploadTask(12639): pid:12639 mPeriod:30000,
05-28 13:38:12.866 D/XiriAccessibilityService( 3250): [2] onAccessibilityEvent
05-28 13:38:12.931 I/chatty  ( 3250): uid=10029(u0_a29) com.iflytek.xiri identical 2 lines
05-28 13:38:12.972 D/XiriAccessibilityService( 3250): [2] onAccessibilityEvent
05-28 13:38:12.973 W/bmaudio_hw_default( 2366): data chan socket /data/misc/bluedroid/.le_data connect errno=[111], err=[Connection refused]
05-28 13:38:12.991 D/vf_audio_hw( 2366): heart beat sended to xiri
05-28 13:38:12.992 D/LocalSocketTransmitVoice( 3250): [91] read string=heart_beat
05-28 13:38:13.000 D/XiriAccessibilityService( 3250): [2] onAccessibilityEvent
05-28 13:38:13.117 I/chatty  ( 3250): uid=10029(u0_a29) com.iflytek.xiri identical 3 lines
05-28 13:38:13.144 D/XiriAccessibilityService( 3250): [2] onAccessibilityEvent
05-28 13:38:13.201 D/XiriTopActivityManager( 3250): [2] setTopActivityClsName = com.smart.changhong.smartipptv.MainActivity
05-28 13:38:13.202 D/XiriAccessibilityService( 3250): [2] onAccessibilityEvent
05-28 13:38:13.250 I/chatty  ( 3250): uid=10029(u0_a29) com.iflytek.xiri identical 4 lines
05-28 13:38:13.297 D/XiriAccessibilityService( 3250): [2] onAccessibilityEvent
05-28 13:38:13.310 D/WifiStateMachine( 2338):  ConnectedState !CMD_RSSI_POLL rt=111010816/111010816 18 0 "TP-LINK_6458" 30:fc:68:8f:64:58 rssi=-42 f=2437 sc=60 link=72 tx=102.6, 0.0, 0.0  rx=89.2 bcn=0 [on:0 tx:0 rx:0 period:3001] from screen [on:0 period:1506393790] score=60
05-28 13:38:13.310 D/WifiStateMachine( 2338):  L2ConnectedState !CMD_RSSI_POLL rt=111010816/111010816 18 0 "TP-LINK_6458" 30:fc:68:8f:64:58 rssi=-42 f=2437 sc=60 link=72 tx=102.6, 0.0, 0.0  rx=89.2 bcn=0 [on:0 tx:0 rx:0 period:0] from screen [on:0 period:1506393790] score=60
05-28 13:38:13.310 D/WifiStateMachine( 2338):  get link layer stats 0
05-28 13:38:13.311 D/WifiStateMachine( 2338): fetchRssiLinkSpeedAndFrequencyNative rssi=-42 linkspeed=72 freq=2437
05-28 13:38:13.311 V/WifiConfigManager 2018.2.28( 2338): Updating scan detail cache freq=2437 BSSID=30:fc:68:8f:64:58 RSSI=-41 for "TP-LINK_6458"WPA_PSK
05-28 13:38:13.349 D/XiriAccessibilityService( 3250): [2] onAccessibilityEvent
05-28 13:38:13.360 D/XiriAccessibilityService( 3250): [2] onAccessibilityEvent
05-28 13:38:14.528 W/vf_audio_hw( 2366): ctrl chan socket @/data/misc/bluedroid/.voice_ctrl connect errno=[111], err=[Connection refused]
05-28 13:38:14.602 W/vf_audio_hw( 2366): data chan socket @/data/misc/bluedroid/.voice_data connect errno=[111], err=[Connection refused]
05-28 13:38:14.973 W/bmaudio_hw_default( 2366): data chan socket /data/misc/bluedroid/.le_data connect errno=[111], err=[Connection refused]
05-28 13:38:15.498 D/XiriAccessibilityService( 3250): [2] onAccessibilityEvent
05-28 13:38:16.266 I/chatty  ( 3250): uid=10029(u0_a29) com.iflytek.xiri identical 21 lines
05-28 13:38:16.312 D/XiriAccessibilityService( 3250): [2] onAccessibilityEvent
05-28 13:38:16.314 D/WifiStateMachine( 2338):  ConnectedState !CMD_RSSI_POLL rt=111013820/111013820 18 0 "TP-LINK_6458" 30:fc:68:8f:64:58 rssi=-42 f=2437 sc=60 link=72 tx=119.3, 0.0, 0.0  rx=104.1 bcn=0 [on:0 tx:0 rx:0 period:3002] from screen [on:0 period:1506396794] score=60
05-28 13:38:16.314 D/WifiStateMachine( 2338):  L2ConnectedState !CMD_RSSI_POLL rt=111013821/111013821 18 0 "TP-LINK_6458" 30:fc:68:8f:64:58 rssi=-42 f=2437 sc=60 link=72 tx=119.3, 0.0, 0.0  rx=104.1 bcn=0 [on:0 tx:0 rx:0 period:0] from screen [on:0 period:1506396794] score=60
05-28 13:38:16.314 D/WifiStateMachine( 2338):  get link layer stats 0
05-28 13:38:16.315 D/WifiStateMachine( 2338): fetchRssiLinkSpeedAndFrequencyNative rssi=-41 linkspeed=72 freq=2437
05-28 13:38:16.315 V/WifiConfigManager 2018.2.28( 2338): Updating scan detail cache freq=2437 BSSID=30:fc:68:8f:64:58 RSSI=-41 for "TP-LINK_6458"WPA_PSK
05-28 13:38:16.363 D/XiriAccessibilityService( 3250): [2] onAccessibilityEvent
05-28 13:38:16.383 D/XiriAccessibilityService( 3250): [2] onAccessibilityEvent
05-28 13:38:16.528 W/vf_audio_hw( 2366): ctrl chan socket @/data/misc/bluedroid/.voice_ctrl connect errno=[111], err=[Connection refused]
05-28 13:38:16.602 W/vf_audio_hw( 2366): data chan socket @/data/misc/bluedroid/.voice_data connect errno=[111], err=[Connection refused]
05-28 13:38:16.973 W/bmaudio_hw_default( 2366): data chan socket /data/misc/bluedroid/.le_data connect errno=[111], err=[Connection refused]
05-28 13:38:16.983 I/zygote64( 2338): Background concurrent copying GC freed 180949(6MB) AllocSpace objects, 0(0B) LOS objects, 42% free, 8MB/15MB, paused 386us total 112.565ms
05-28 13:38:17.996 D/vf_audio_hw( 2366): heart beat sended to xiri
05-28 13:38:17.997 D/LocalSocketTransmitVoice( 3250): [91] read string=heart_beat
05-28 13:38:18.214 D/XiriTopActivityManager( 3250): [2] setTopActivityClsName = com.smart.changhong.smartipptv.MainActivity
05-28 13:38:18.512 D/XiriAccessibilityService( 3250): [2] onAccessibilityEvent
05-28 13:38:18.516 D/XiriAccessibilityService( 3250): [2] onAccessibilityEvent
05-28 13:38:18.529 W/vf_audio_hw( 2366): ctrl chan socket @/data/misc/bluedroid/.voice_ctrl connect errno=[111], err=[Connection refused]
05-28 13:38:18.603 W/vf_audio_hw( 2366): data chan socket @/data/misc/bluedroid/.voice_data connect errno=[111], err=[Connection refused]
05-28 13:38:18.646 D/XiriAccessibilityService( 3250): [2] onAccessibilityEvent
05-28 13:38:18.886 I/chatty  ( 3250): uid=10029(u0_a29) com.iflytek.xiri identical 7 lines
05-28 13:38:18.891 D/XiriAccessibilityService( 3250): [2] onAccessibilityEvent
05-28 13:38:18.973 W/bmaudio_hw_default( 2366): data chan socket /data/misc/bluedroid/.le_data connect errno=[111], err=[Connection refused]
05-28 13:38:18.981 D/XiriAccessibilityService( 3250): [2] onAccessibilityEvent
05-28 13:38:19.232 I/chatty  ( 3250): uid=10029(u0_a29) com.iflytek.xiri identical 8 lines
05-28 13:38:19.279 D/XiriAccessibilityService( 3250): [2] onAccessibilityEvent
05-28 13:38:19.322 D/WifiStateMachine( 2338):  ConnectedState !CMD_RSSI_POLL rt=111016824/111016824 18 0 "TP-LINK_6458" 30:fc:68:8f:64:58 rssi=-41 f=2437 sc=60 link=72 tx=99.1, 0.0, 0.0  rx=87.6 bcn=0 [on:0 tx:0 rx:0 period:3004] from screen [on:0 period:1506399801] score=60
05-28 13:38:19.326 D/WifiStateMachine( 2338):  L2ConnectedState !CMD_RSSI_POLL rt=111016829/111016829 18 0 "TP-LINK_6458" 30:fc:68:8f:64:58 rssi=-41 f=2437 sc=60 link=72 tx=99.1, 0.0, 0.0  rx=87.6 bcn=0 [on:0 tx:0 rx:0 period:5] from screen [on:0 period:1506399806] score=60
05-28 13:38:19.326 D/WifiStateMachine( 2338):  get link layer stats 0
05-28 13:38:19.328 D/WifiStateMachine( 2338): fetchRssiLinkSpeedAndFrequencyNative rssi=-41 linkspeed=72 freq=2437
05-28 13:38:19.329 V/WifiConfigManager 2018.2.28( 2338): Updating scan detail cache freq=2437 BSSID=30:fc:68:8f:64:58 RSSI=-41 for "TP-LINK_6458"WPA_PSK
05-28 13:38:19.334 D/XiriAccessibilityService( 3250): [2] onAccessibilityEvent
05-28 13:38:19.352 D/XiriAccessibilityService( 3250): [2] onAccessibilityEvent
05-28 13:38:20.529 W/vf_audio_hw( 2366): ctrl chan socket @/data/misc/bluedroid/.voice_ctrl connect errno=[111], err=[Connection refused]
05-28 13:38:20.603 W/vf_audio_hw( 2366): data chan socket @/data/misc/bluedroid/.voice_data connect errno=[111], err=[Connection refused]
05-28 13:38:20.974 W/bmaudio_hw_default( 2366): data chan socket /data/misc/bluedroid/.le_data connect errno=[111], err=[Connection refused]
05-28 13:38:21.526 D/XiriAccessibilityService( 3250): [2] onAccessibilityEvent
05-28 13:38:22.269 I/chatty  ( 3250): uid=10029(u0_a29) com.iflytek.xiri identical 22 lines
05-28 13:38:22.270 D/XiriAccessibilityService( 3250): [2] onAccessibilityEvent
05-28 13:38:22.278 D/ControlCenterWorkThread( 7269): refreshDevices...
05-28 13:38:22.280 D/ControlCenterWorkThread( 7269): Mcontroller controlCenterWorkThread MCstartSearch
05-28 13:38:22.328 D/XiriAccessibilityService( 3250): [2] onAccessibilityEvent
05-28 13:38:22.332 D/WifiStateMachine( 2338):  ConnectedState !CMD_RSSI_POLL rt=111019837/111019837 18 0 "TP-LINK_6458" 30:fc:68:8f:64:58 rssi=-41 f=2437 sc=60 link=72 tx=106.1, 0.0, 0.0  rx=94.3 bcn=0 [on:0 tx:0 rx:0 period:3000] from screen [on:0 period:1506402812] score=60
05-28 13:38:22.340 D/WifiStateMachine( 2338):  L2ConnectedState !CMD_RSSI_POLL rt=111019839/111019839 18 0 "TP-LINK_6458" 30:fc:68:8f:64:58 rssi=-41 f=2437 sc=60 link=72 tx=106.1, 0.0, 0.0  rx=94.3 bcn=0 [on:0 tx:0 rx:0 period:7] from screen [on:0 period:1506402819] score=60
05-28 13:38:22.340 D/WifiStateMachine( 2338):  get link layer stats 0
05-28 13:38:22.343 D/WifiStateMachine( 2338): fetchRssiLinkSpeedAndFrequencyNative rssi=-41 linkspeed=72 freq=2437
05-28 13:38:22.343 V/WifiConfigManager 2018.2.28( 2338): Updating scan detail cache freq=2437 BSSID=30:fc:68:8f:64:58 RSSI=-41 for "TP-LINK_6458"WPA_PSK
05-28 13:38:22.368 D/XiriAccessibilityService( 3250): [2] onAccessibilityEvent
05-28 13:38:22.394 D/XiriAccessibilityService( 3250): [2] onAccessibilityEvent
05-28 13:38:22.529 W/vf_audio_hw( 2366): ctrl chan socket @/data/misc/bluedroid/.voice_ctrl connect errno=[111], err=[Connection refused]
05-28 13:38:22.603 W/vf_audio_hw( 2366): data chan socket @/data/misc/bluedroid/.voice_data connect errno=[111], err=[Connection refused]
05-28 13:38:22.974 W/bmaudio_hw_default( 2366): data chan socket /data/misc/bluedroid/.le_data connect errno=[111], err=[Connection refused]
05-28 13:38:23.001 D/vf_audio_hw( 2366): heart beat sended to xiri
05-28 13:38:23.001 D/LocalSocketTransmitVoice( 3250): [91] read string=heart_beat
05-28 13:38:23.238 D/XiriTopActivityManager( 3250): [2] setTopActivityClsName = com.smart.changhong.smartipptv.MainActivity
05-28 13:38:24.236 V/IPP3.4  ( 1806): Client:recv 12 from 192.168.1.165:17958
05-28 13:38:24.529 D/XiriAccessibilityService( 3250): [2] onAccessibilityEvent
05-28 13:38:24.529 D/XiriAccessibilityService( 3250): [2] onAccessibilityEvent
05-28 13:38:24.530 W/vf_audio_hw( 2366): ctrl chan socket @/data/misc/bluedroid/.voice_ctrl connect errno=[111], err=[Connection refused]
05-28 13:38:24.603 W/vf_audio_hw( 2366): data chan socket @/data/misc/bluedroid/.voice_data connect errno=[111], err=[Connection refused]
05-28 13:38:24.647 D/XiriAccessibilityService( 3250): [2] onAccessibilityEvent
05-28 13:38:24.900 I/chatty  ( 3250): uid=10029(u0_a29) com.iflytek.xiri identical 8 lines
05-28 13:38:24.964 D/XiriAccessibilityService( 3250): [2] onAccessibilityEvent
05-28 13:38:24.974 W/bmaudio_hw_default( 2366): data chan socket /data/misc/bluedroid/.le_data connect errno=[111], err=[Connection refused]
05-28 13:38:25.019 D/XiriAccessibilityService( 3250): [2] onAccessibilityEvent
05-28 13:38:25.284 I/chatty  ( 3250): uid=10029(u0_a29) com.iflytek.xiri identical 9 lines
05-28 13:38:25.285 D/XiriAccessibilityService( 3250): [2] onAccessibilityEvent
05-28 13:38:25.350 D/WifiStateMachine( 2338):  ConnectedState !CMD_RSSI_POLL rt=111022854/111022854 18 0 "TP-LINK_6458" 30:fc:68:8f:64:58 rssi=-41 f=2437 sc=60 link=72 tx=142.0, 0.0, 0.0  rx=130.6 bcn=0 [on:0 tx:0 rx:0 period:3002] from screen [on:0 period:1506405829] score=60
05-28 13:38:25.352 D/XiriAccessibilityService( 3250): [2] onAccessibilityEvent
05-28 13:38:25.354 D/WifiStateMachine( 2338):  L2ConnectedState !CMD_RSSI_POLL rt=111022857/111022857 18 0 "TP-LINK_6458" 30:fc:68:8f:64:58 rssi=-41 f=2437 sc=60 link=72 tx=142.0, 0.0, 0.0  rx=130.6 bcn=0 [on:0 tx:0 rx:0 period:4] from screen [on:0 period:1506405833] score=60
05-28 13:38:25.354 D/WifiStateMachine( 2338):  get link layer stats 0
05-28 13:38:25.355 D/WifiStateMachine( 2338): fetchRssiLinkSpeedAndFrequencyNative rssi=-41 linkspeed=72 freq=2437
05-28 13:38:25.355 V/WifiConfigManager 2018.2.28( 2338): Updating scan detail cache freq=2437 BSSID=30:fc:68:8f:64:58 RSSI=-41 for "TP-LINK_6458"WPA_PSK
05-28 13:38:25.385 D/XiriAccessibilityService( 3250): [2] onAccessibilityEvent
05-28 13:38:25.411 D/XiriAccessibilityService( 3250): [2] onAccessibilityEvent
05-28 13:38:25.508 I/ChtvService( 2138): boottime collect begain bootime:1590533283 uptime:111023
05-28 13:38:26.314 V/IPP3.4  ( 1806): Client:recv 12 from 192.168.1.187:17702
05-28 13:38:26.530 W/vf_audio_hw( 2366): ctrl chan socket @/data/misc/bluedroid/.voice_ctrl connect errno=[111], err=[Connection refused]
05-28 13:38:26.604 W/vf_audio_hw( 2366): data chan socket @/data/misc/bluedroid/.voice_data connect errno=[111], err=[Connection refused]
05-28 13:38:26.974 W/bmaudio_hw_default( 2366): data chan socket /data/misc/bluedroid/.le_data connect errno=[111], err=[Connection refused]
05-28 13:38:26.990 E/MediaPlayerService( 2377): onvif_get_addaddr time out to find camera
05-28 13:38:26.990 E/CameraService( 2367): func:waitForOnvifEvent line:209 url= ch_ipcamera_num=0 mNumberOfCameras=0 g_sleep_time=9 g_camera_url=
05-28 13:38:27.535 D/XiriAccessibilityService( 3250): [2] onAccessibilityEvent
05-28 13:38:27.860 I/chatty  ( 3250): uid=10029(u0_a29) com.iflytek.xiri identical 8 lines
05-28 13:38:27.896 D/XiriAccessibilityService( 3250): [2] onAccessibilityEvent
05-28 13:38:27.899 D/UTAnalytics:CommitTask(12639): pid:12639 check&commit event:65502,
05-28 13:38:27.899 D/UTAnalytics:CommitTask(12639): pid:12639 next:65502,
05-28 13:38:27.900 D/UTAnalytics:CommitTask(12639): pid:12639 check&commit event:65501,
05-28 13:38:27.900 D/UTAnalytics:CommitTask(12639): pid:12639 check&commit event:65503,
05-28 13:38:27.900 D/UTAnalytics:CommitTask(12639): pid:12639 next:65501,
05-28 13:38:27.900 D/UTAnalytics:CommitTask(12639): pid:12639 next:65503,
05-28 13:38:27.926 D/XiriAccessibilityService( 3250): [2] onAccessibilityEvent
05-28 13:38:27.968 D/XiriAccessibilityService( 3250): [2] onAccessibilityEvent
05-28 13:38:28.006 D/vf_audio_hw( 2366): heart beat sended to xiri
05-28 13:38:28.006 D/LocalSocketTransmitVoice( 3250): [91] read string=heart_beat
05-28 13:38:28.019 D/XiriAccessibilityService( 3250): [2] onAccessibilityEvent
05-28 13:38:28.031 I/chatty  ( 3250): uid=10029(u0_a29) com.iflytek.xiri identical 1 line
05-28 13:38:28.065 D/XiriAccessibilityService( 3250): [2] onAccessibilityEvent
05-28 13:38:28.116 D/UTAnalytics:CommitTask(12639): pid:12639 check&commit event:65133,
05-28 13:38:28.116 D/UTAnalytics:CommitTask(12639): pid:12639 next:65133,
05-28 13:38:28.135 D/XiriAccessibilityService( 3250): [2] onAccessibilityEvent
05-28 13:38:28.245 I/chatty  ( 3250): uid=10029(u0_a29) com.iflytek.xiri identical 3 lines
05-28 13:38:28.267 D/XiriAccessibilityService( 3250): [2] onAccessibilityEvent
05-28 13:38:28.269 D/XiriTopActivityManager( 3250): [2] setTopActivityClsName = com.smart.changhong.smartipptv.MainActivity
05-28 13:38:28.280 D/XiriAccessibilityService( 3250): [2] onAccessibilityEvent
05-28 13:38:28.287 I/chatty  ( 3250): uid=10029(u0_a29) com.iflytek.xiri identical 2 lines
05-28 13:38:28.346 D/XiriAccessibilityService( 3250): [2] onAccessibilityEvent
05-28 13:38:28.358 D/WifiStateMachine( 2338):  ConnectedState !CMD_RSSI_POLL rt=111025864/111025864 18 0 "TP-LINK_6458" 30:fc:68:8f:64:58 rssi=-41 f=2437 sc=60 link=72 tx=132.0, 0.0, 0.0  rx=121.3 bcn=0 [on:0 tx:0 rx:0 period:3000] from screen [on:0 period:1506408838] score=60
05-28 13:38:28.359 D/WifiStateMachine( 2338):  L2ConnectedState !CMD_RSSI_POLL rt=111025865/111025865 18 0 "TP-LINK_6458" 30:fc:68:8f:64:58 rssi=-41 f=2437 sc=60 link=72 tx=132.0, 0.0, 0.0  rx=121.3 bcn=0 [on:0 tx:0 rx:0 period:0] from screen [on:0 period:1506408838] score=60
05-28 13:38:28.359 D/WifiStateMachine( 2338):  get link layer stats 0
05-28 13:38:28.360 D/WifiStateMachine( 2338): fetchRssiLinkSpeedAndFrequencyNative rssi=-41 linkspeed=72 freq=2437
05-28 13:38:28.360 V/WifiConfigManager 2018.2.28( 2338): Updating scan detail cache freq=2437 BSSID=30:fc:68:8f:64:58 RSSI=-41 for "TP-LINK_6458"WPA_PSK
05-28 13:38:28.379 D/XiriAccessibilityService( 3250): [2] onAccessibilityEvent
05-28 13:38:28.410 D/XiriAccessibilityService( 3250): [2] onAccessibilityEvent
05-28 13:38:28.530 W/vf_audio_hw( 2366): ctrl chan socket @/data/misc/bluedroid/.voice_ctrl connect errno=[111], err=[Connection refused]
05-28 13:38:28.604 W/vf_audio_hw( 2366): data chan socket @/data/misc/bluedroid/.voice_data connect errno=[111], err=[Connection refused]
05-28 13:38:28.974 W/bmaudio_hw_default( 2366): data chan socket /data/misc/bluedroid/.le_data connect errno=[111], err=[Connection refused]
05-28 13:38:30.530 W/vf_audio_hw( 2366): ctrl chan socket @/data/misc/bluedroid/.voice_ctrl connect errno=[111], err=[Connection refused]
05-28 13:38:30.545 D/XiriAccessibilityService( 3250): [2] onAccessibilityEvent
05-28 13:38:30.546 D/XiriAccessibilityService( 3250): [2] onAccessibilityEvent
05-28 13:38:30.604 W/vf_audio_hw( 2366): data chan socket @/data/misc/bluedroid/.voice_data connect errno=[111], err=[Connection refused]
05-28 13:38:30.646 D/XiriAccessibilityService( 3250): [2] onAccessibilityEvent
05-28 13:38:30.880 I/chatty  ( 3250): uid=10029(u0_a29) com.iflytek.xiri identical 7 lines
05-28 13:38:30.937 D/XiriAccessibilityService( 3250): [2] onAccessibilityEvent
05-28 13:38:30.975 W/bmaudio_hw_default( 2366): data chan socket /data/misc/bluedroid/.le_data connect errno=[111], err=[Connection refused]
05-28 13:38:30.978 D/XiriAccessibilityService( 3250): [2] onAccessibilityEvent
05-28 13:38:31.298 I/chatty  ( 3250): uid=10029(u0_a29) com.iflytek.xiri identical 12 lines
05-28 13:38:31.329 D/XiriAccessibilityService( 3250): [2] onAccessibilityEvent
05-28 13:38:31.363 D/WifiStateMachine( 2338):  ConnectedState !CMD_RSSI_POLL rt=111028868/111028868 18 0 "TP-LINK_6458" 30:fc:68:8f:64:58 rssi=-41 f=2437 sc=60 link=72 tx=118.0, 0.0, 0.0  rx=105.2 bcn=0 [on:0 tx:0 rx:0 period:3001] from screen [on:0 period:1506411843] score=60
05-28 13:38:31.367 D/WifiStateMachine( 2338):  L2ConnectedState !CMD_RSSI_POLL rt=111028870/111028870 18 0 "TP-LINK_6458" 30:fc:68:8f:64:58 rssi=-41 f=2437 sc=60 link=72 tx=118.0, 0.0, 0.0  rx=105.2 bcn=0 [on:0 tx:0 rx:0 period:3] from screen [on:0 period:1506411846] score=60
05-28 13:38:31.367 D/WifiStateMachine( 2338):  get link layer stats 0
05-28 13:38:31.368 D/WifiStateMachine( 2338): fetchRssiLinkSpeedAndFrequencyNative rssi=-41 linkspeed=72 freq=2437
05-28 13:38:31.369 V/WifiConfigManager 2018.2.28( 2338): Updating scan detail cache freq=2437 BSSID=30:fc:68:8f:64:58 RSSI=-41 for "TP-LINK_6458"WPA_PSK
05-28 13:38:31.397 D/XiriAccessibilityService( 3250): [2] onAccessibilityEvent
05-28 13:38:31.410 D/XiriAccessibilityService( 3250): [2] onAccessibilityEvent
05-28 13:38:31.769 I/ChtvService( 2138): get tvos m_eCurrentSourceType 29 
05-28 13:38:31.769 D/[TVOS]PlayerImpl( 3159): getCurInputSource 29
05-28 13:38:32.317 D/ControlCenterWorkThread( 7269): refreshDevices...
05-28 13:38:32.318 D/ControlCenterWorkThread( 7269): Mcontroller controlCenterWorkThread MCstartSearch
05-28 13:38:32.530 W/vf_audio_hw( 2366): ctrl chan socket @/data/misc/bluedroid/.voice_ctrl connect errno=[111], err=[Connection refused]
05-28 13:38:32.604 W/vf_audio_hw( 2366): data chan socket @/data/misc/bluedroid/.voice_data connect errno=[111], err=[Connection refused]
05-28 13:38:32.975 W/bmaudio_hw_default( 2366): data chan socket /data/misc/bluedroid/.le_data connect errno=[111], err=[Connection refused]
05-28 13:38:33.011 D/vf_audio_hw( 2366): heart beat sended to xiri
05-28 13:38:33.011 D/LocalSocketTransmitVoice( 3250): [91] read string=heart_beat
05-28 13:38:33.289 D/XiriTopActivityManager( 3250): [2] setTopActivityClsName = com.smart.changhong.smartipptv.MainActivity
05-28 13:38:33.555 D/XiriAccessibilityService( 3250): [2] onAccessibilityEvent
05-28 13:38:33.797 I/chatty  ( 3250): uid=10029(u0_a29) com.iflytek.xiri identical 6 lines
05-28 13:38:33.797 D/XiriAccessibilityService( 3250): [2] onAccessibilityEvent
05-28 13:38:33.798 D/UTAnalytics:CleanTask(12639): pid:12639 clean TimeoutEvent,
05-28 13:38:33.869 D/XiriAccessibilityService( 3250): [2] onAccessibilityEvent
05-28 13:38:34.285 I/chatty  ( 3250): uid=10029(u0_a29) com.iflytek.xiri identical 12 lines
05-28 13:38:34.351 D/XiriAccessibilityService( 3250): [2] onAccessibilityEvent
05-28 13:38:34.372 D/WifiStateMachine( 2338):  ConnectedState !CMD_RSSI_POLL rt=111031877/111031877 18 0 "TP-LINK_6458" 30:fc:68:8f:64:58 rssi=-41 f=2437 sc=60 link=72 tx=115.5, 0.0, 0.0  rx=106.6 bcn=0 [on:0 tx:0 rx:0 period:2999] from screen [on:0 period:1506414851] score=60
05-28 13:38:34.376 D/WifiStateMachine( 2338):  L2ConnectedState !CMD_RSSI_POLL rt=111031879/111031879 18 0 "TP-LINK_6458" 30:fc:68:8f:64:58 rssi=-41 f=2437 sc=60 link=72 tx=115.5, 0.0, 0.0  rx=106.6 bcn=0 [on:0 tx:0 rx:0 period:4] from screen [on:0 period:1506414855] score=60
05-28 13:38:34.376 D/WifiStateMachine( 2338):  get link layer stats 0
05-28 13:38:34.377 D/WifiStateMachine( 2338): fetchRssiLinkSpeedAndFrequencyNative rssi=-44 linkspeed=72 freq=2437
05-28 13:38:34.377 V/WifiConfigManager 2018.2.28( 2338): Updating scan detail cache freq=2437 BSSID=30:fc:68:8f:64:58 RSSI=-42 for "TP-LINK_6458"WPA_PSK
05-28 13:38:34.384 D/XiriAccessibilityService( 3250): [2] onAccessibilityEvent
05-28 13:38:34.384 D/XiriAccessibilityService( 3250): [2] onAccessibilityEvent
05-28 13:38:34.531 W/vf_audio_hw( 2366): ctrl chan socket @/data/misc/bluedroid/.voice_ctrl connect errno=[111], err=[Connection refused]
05-28 13:38:34.604 W/vf_audio_hw( 2366): data chan socket @/data/misc/bluedroid/.voice_data connect errno=[111], err=[Connection refused]
05-28 13:38:34.975 W/bmaudio_hw_default( 2366): data chan socket /data/misc/bluedroid/.le_data connect errno=[111], err=[Connection refused]
05-28 13:38:35.134 I/hpplay-java( 8440): [main]:LelinkCastWrapper:getOption  option: OPTION_SERVERINFO
05-28 13:38:35.134 I/hpplay-java( 8440): [main]:LelinkCastImpl:getOption option: OPTION_SERVERINFO
05-28 13:38:35.137 I/hpplay-java( 8440): [main]:LelinkCastWrapper:getOption  option: OPTION_SERVERINFO
05-28 13:38:35.137 I/hpplay-java( 8440): [main]:LelinkCastImpl:getOption option: OPTION_SERVERINFO
05-28 13:38:36.531 W/vf_audio_hw( 2366): ctrl chan socket @/data/misc/bluedroid/.voice_ctrl connect errno=[111], err=[Connection refused]
05-28 13:38:36.562 D/XiriAccessibilityService( 3250): [2] onAccessibilityEvent
05-28 13:38:36.562 D/XiriAccessibilityService( 3250): [2] onAccessibilityEvent
05-28 13:38:36.604 W/vf_audio_hw( 2366): data chan socket @/data/misc/bluedroid/.voice_data connect errno=[111], err=[Connection refused]
05-28 13:38:36.666 D/XiriAccessibilityService( 3250): [2] onAccessibilityEvent
05-28 13:38:36.891 I/chatty  ( 3250): uid=10029(u0_a29) com.iflytek.xiri identical 7 lines
05-28 13:38:36.953 D/XiriAccessibilityService( 3250): [2] onAccessibilityEvent
05-28 13:38:36.975 W/bmaudio_hw_default( 2366): data chan socket /data/misc/bluedroid/.le_data connect errno=[111], err=[Connection refused]
05-28 13:38:36.999 D/XiriAccessibilityService( 3250): [2] onAccessibilityEvent
05-28 13:38:37.325 I/chatty  ( 3250): uid=10029(u0_a29) com.iflytek.xiri identical 11 lines
05-28 13:38:37.350 D/XiriAccessibilityService( 3250): [2] onAccessibilityEvent
05-28 13:38:37.381 D/WifiStateMachine( 2338):  ConnectedState !CMD_RSSI_POLL rt=111034888/111034888 18 0 "TP-LINK_6458" 30:fc:68:8f:64:58 rssi=-44 f=2437 sc=60 link=72 tx=112.8, 0.0, 0.0  rx=109.3 bcn=0 [on:0 tx:0 rx:0 period:3001] from screen [on:0 period:1506417861] score=60
05-28 13:38:37.382 D/WifiStateMachine( 2338):  L2ConnectedState !CMD_RSSI_POLL rt=111034888/111034888 18 0 "TP-LINK_6458" 30:fc:68:8f:64:58 rssi=-44 f=2437 sc=60 link=72 tx=112.8, 0.0, 0.0  rx=109.3 bcn=0 [on:0 tx:0 rx:0 period:1] from screen [on:0 period:1506417862] score=60
05-28 13:38:37.382 D/WifiStateMachine( 2338):  get link layer stats 0
05-28 13:38:37.383 D/WifiStateMachine( 2338): fetchRssiLinkSpeedAndFrequencyNative rssi=-43 linkspeed=72 freq=2437
05-28 13:38:37.383 V/WifiConfigManager 2018.2.28( 2338): Updating scan detail cache freq=2437 BSSID=30:fc:68:8f:64:58 RSSI=-42 for "TP-LINK_6458"WPA_PSK
05-28 13:38:37.418 D/XiriAccessibilityService( 3250): [2] onAccessibilityEvent
05-28 13:38:37.429 D/XiriAccessibilityService( 3250): [2] onAccessibilityEvent
05-28 13:38:38.019 D/vf_audio_hw( 2366): heart beat sended to xiri
05-28 13:38:38.019 D/LocalSocketTransmitVoice( 3250): [91] read string=heart_beat
05-28 13:38:38.305 D/XiriTopActivityManager( 3250): [2] setTopActivityClsName = com.smart.changhong.smartipptv.MainActivity
05-28 13:38:38.531 W/vf_audio_hw( 2366): ctrl chan socket @/data/misc/bluedroid/.voice_ctrl connect errno=[111], err=[Connection refused]
05-28 13:38:38.605 W/vf_audio_hw( 2366): data chan socket @/data/misc/bluedroid/.voice_data connect errno=[111], err=[Connection refused]
05-28 13:38:38.975 W/bmaudio_hw_default( 2366): data chan socket /data/misc/bluedroid/.le_data connect errno=[111], err=[Connection refused]
05-28 13:38:39.325 V/IPP3.4  ( 1806): Client:recv 12 from 192.168.1.165:17958
05-28 13:38:39.570 D/XiriAccessibilityService( 3250): [2] onAccessibilityEvent
05-28 13:38:40.320 I/chatty  ( 3250): uid=10029(u0_a29) com.iflytek.xiri identical 23 lines
05-28 13:38:40.365 D/XiriAccessibilityService( 3250): [2] onAccessibilityEvent
05-28 13:38:40.385 D/WifiStateMachine( 2338):  ConnectedState !CMD_RSSI_POLL rt=111037892/111037892 18 0 "TP-LINK_6458" 30:fc:68:8f:64:58 rssi=-43 f=2437 sc=60 link=72 tx=105.4, 0.0, 0.0  rx=93.6 bcn=0 [on:0 tx:0 rx:0 period:3001] from screen [on:0 period:1506420865] score=60
05-28 13:38:40.386 D/WifiStateMachine( 2338):  L2ConnectedState !CMD_RSSI_POLL rt=111037892/111037892 18 0 "TP-LINK_6458" 30:fc:68:8f:64:58 rssi=-43 f=2437 sc=60 link=72 tx=105.4, 0.0, 0.0  rx=93.6 bcn=0 [on:0 tx:0 rx:0 period:1] from screen [on:0 period:1506420866] score=60
05-28 13:38:40.386 D/WifiStateMachine( 2338):  get link layer stats 0
05-28 13:38:40.387 D/WifiStateMachine( 2338): fetchRssiLinkSpeedAndFrequencyNative rssi=-42 linkspeed=72 freq=2437
05-28 13:38:40.387 V/WifiConfigManager 2018.2.28( 2338): Updating scan detail cache freq=2437 BSSID=30:fc:68:8f:64:58 RSSI=-42 for "TP-LINK_6458"WPA_PSK
05-28 13:38:40.413 D/XiriAccessibilityService( 3250): [2] onAccessibilityEvent
05-28 13:38:40.445 D/XiriAccessibilityService( 3250): [2] onAccessibilityEvent
05-28 13:38:40.531 W/vf_audio_hw( 2366): ctrl chan socket @/data/misc/bluedroid/.voice_ctrl connect errno=[111], err=[Connection refused]
05-28 13:38:40.605 W/vf_audio_hw( 2366): data chan socket @/data/misc/bluedroid/.voice_data connect errno=[111], err=[Connection refused]
05-28 13:38:40.976 W/bmaudio_hw_default( 2366): data chan socket /data/misc/bluedroid/.le_data connect errno=[111], err=[Connection refused]
05-28 13:38:42.357 D/ControlCenterWorkThread( 7269): refreshDevices...
05-28 13:38:42.359 D/ControlCenterWorkThread( 7269): Mcontroller controlCenterWorkThread MCstartSearch
05-28 13:38:42.531 W/vf_audio_hw( 2366): ctrl chan socket @/data/misc/bluedroid/.voice_ctrl connect errno=[111], err=[Connection refused]
05-28 13:38:42.579 D/XiriAccessibilityService( 3250): [2] onAccessibilityEvent
05-28 13:38:42.582 D/XiriAccessibilityService( 3250): [2] onAccessibilityEvent
05-28 13:38:42.605 W/vf_audio_hw( 2366): data chan socket @/data/misc/bluedroid/.voice_data connect errno=[111], err=[Connection refused]
05-28 13:38:42.697 D/XiriAccessibilityService( 3250): [2] onAccessibilityEvent
05-28 13:38:42.855 I/chatty  ( 3250): uid=10029(u0_a29) com.iflytek.xiri identical 4 lines
05-28 13:38:42.855 D/XiriAccessibilityService( 3250): [2] onAccessibilityEvent
05-28 13:38:42.866 D/UTAnalytics:UploadTask(12639): pid:12639 Upload,
05-28 13:38:42.879 D/UTAnalytics:LogStoreMgr(12639): pid:12639 [store],
05-28 13:38:42.888 D/UTAnalytics:UTSqliteLogStore(12639): pid:12639 sql:SELECT * FROM log ORDER BY time ASC  LIMIT 99,
05-28 13:38:42.894 D/UTAnalytics:LogStoreMgr(12639): pid:12639 [get],[],
05-28 13:38:42.898 D/UTAnalytics:UploadEngine(12639): pid:12639 UTDC.bBackground:false,AppInfoUtil.isForeground(UTDC.getContext()) ,true,
05-28 13:38:42.901 D/UTAnalytics:UploadTask(12639): pid:12639 mPeriod:30000,
05-28 13:38:42.923 D/XiriAccessibilityService( 3250): [2] onAccessibilityEvent
05-28 13:38:42.966 D/XiriAccessibilityService( 3250): [2] onAccessibilityEvent
05-28 13:38:42.976 W/bmaudio_hw_default( 2366): data chan socket /data/misc/bluedroid/.le_data connect errno=[111], err=[Connection refused]
05-28 13:38:42.992 D/XiriAccessibilityService( 3250): [2] onAccessibilityEvent
05-28 13:38:43.022 D/vf_audio_hw( 2366): heart beat sended to xiri
05-28 13:38:43.023 D/LocalSocketTransmitVoice( 3250): [91] read string=heart_beat
05-28 13:38:43.027 D/XiriAccessibilityService( 3250): [2] onAccessibilityEvent
05-28 13:38:43.077 V/IPP3.4  ( 1806): Client:recv 12 from 192.168.1.187:17702
05-28 13:38:43.088 D/XiriAccessibilityService( 3250): [2] onAccessibilityEvent
05-28 13:38:43.229 I/chatty  ( 3250): uid=10029(u0_a29) com.iflytek.xiri identical 5 lines
05-28 13:38:43.296 D/XiriAccessibilityService( 3250): [2] onAccessibilityEvent
05-28 13:38:43.326 D/XiriTopActivityManager( 3250): [2] setTopActivityClsName = com.smart.changhong.smartipptv.MainActivity
05-28 13:38:43.328 D/XiriAccessibilityService( 3250): [2] onAccessibilityEvent
05-28 13:38:43.331 I/chatty  ( 3250): uid=10029(u0_a29) com.iflytek.xiri identical 2 lines
05-28 13:38:43.343 D/XiriAccessibilityService( 3250): [2] onAccessibilityEvent
05-28 13:38:43.390 D/WifiStateMachine( 2338):  ConnectedState !CMD_RSSI_POLL rt=111040896/111040896 18 0 "TP-LINK_6458" 30:fc:68:8f:64:58 rssi=-42 f=2437 sc=60 link=72 tx=73.7, 0.0, 0.0  rx=59.3 bcn=0 [on:0 tx:0 rx:0 period:3002] from screen [on:0 period:1506423870] score=60
05-28 13:38:43.391 D/WifiStateMachine( 2338):  L2ConnectedState !CMD_RSSI_POLL rt=111040897/111040897 18 0 "TP-LINK_6458" 30:fc:68:8f:64:58 rssi=-42 f=2437 sc=60 link=72 tx=73.7, 0.0, 0.0  rx=59.3 bcn=0 [on:0 tx:0 rx:0 period:1] from screen [on:0 period:1506423871] score=60
05-28 13:38:43.391 D/WifiStateMachine( 2338):  get link layer stats 0
05-28 13:38:43.391 D/WifiStateMachine( 2338): fetchRssiLinkSpeedAndFrequencyNative rssi=-42 linkspeed=72 freq=2437
05-28 13:38:43.391 V/WifiConfigManager 2018.2.28( 2338): Updating scan detail cache freq=2437 BSSID=30:fc:68:8f:64:58 RSSI=-42 for "TP-LINK_6458"WPA_PSK
05-28 13:38:43.396 D/XiriAccessibilityService( 3250): [2] onAccessibilityEvent
05-28 13:38:43.429 I/chatty  ( 3250): uid=10029(u0_a29) com.iflytek.xiri identical 1 line
05-28 13:38:43.460 D/XiriAccessibilityService( 3250): [2] onAccessibilityEvent
05-28 13:38:44.531 W/vf_audio_hw( 2366): ctrl chan socket @/data/misc/bluedroid/.voice_ctrl connect errno=[111], err=[Connection refused]
05-28 13:38:44.605 W/vf_audio_hw( 2366): data chan socket @/data/misc/bluedroid/.voice_data connect errno=[111], err=[Connection refused]
05-28 13:38:44.976 W/bmaudio_hw_default( 2366): data chan socket /data/misc/bluedroid/.le_data connect errno=[111], err=[Connection refused]
05-28 13:38:44.997 E/MediaPlayerService( 2377): onvif_get_addaddr time out to find camera
05-28 13:38:44.997 E/CameraService( 2367): func:waitForOnvifEvent line:209 url= ch_ipcamera_num=0 mNumberOfCameras=0 g_sleep_time=9 g_camera_url=
05-28 13:38:45.594 D/XiriAccessibilityService( 3250): [2] onAccessibilityEvent
05-28 13:38:46.347 I/chatty  ( 3250): uid=10029(u0_a29) com.iflytek.xiri identical 21 lines
05-28 13:38:46.347 D/XiriAccessibilityService( 3250): [2] onAccessibilityEvent
05-28 13:38:46.395 D/WifiStateMachine( 2338):  ConnectedState !CMD_RSSI_POLL rt=111043901/111043901 18 0 "TP-LINK_6458" 30:fc:68:8f:64:58 rssi=-42 f=2437 sc=60 link=72 tx=57.8, 0.0, 0.0  rx=48.2 bcn=0 [on:0 tx:0 rx:0 period:3002] from screen [on:0 period:1506426875] score=60
05-28 13:38:46.395 D/WifiStateMachine( 2338):  L2ConnectedState !CMD_RSSI_POLL rt=111043901/111043902 18 0 "TP-LINK_6458" 30:fc:68:8f:64:58 rssi=-42 f=2437 sc=60 link=72 tx=57.8, 0.0, 0.0  rx=48.2 bcn=0 [on:0 tx:0 rx:0 period:0] from screen [on:0 period:1506426875] score=60
05-28 13:38:46.395 D/WifiStateMachine( 2338):  get link layer stats 0
05-28 13:38:46.396 D/WifiStateMachine( 2338): fetchRssiLinkSpeedAndFrequencyNative rssi=-42 linkspeed=72 freq=2437
05-28 13:38:46.396 V/WifiConfigManager 2018.2.28( 2338): Updating scan detail cache freq=2437 BSSID=30:fc:68:8f:64:58 RSSI=-42 for "TP-LINK_6458"WPA_PSK
05-28 13:38:46.397 D/XiriAccessibilityService( 3250): [2] onAccessibilityEvent
05-28 13:38:46.447 I/chatty  ( 3250): uid=10029(u0_a29) com.iflytek.xiri identical 1 line
05-28 13:38:46.461 D/XiriAccessibilityService( 3250): [2] onAccessibilityEvent
05-28 13:38:46.532 W/vf_audio_hw( 2366): ctrl chan socket @/data/misc/bluedroid/.voice_ctrl connect errno=[111], err=[Connection refused]
05-28 13:38:46.605 W/vf_audio_hw( 2366): data chan socket @/data/misc/bluedroid/.voice_data connect errno=[111], err=[Connection refused]
05-28 13:38:46.976 W/bmaudio_hw_default( 2366): data chan socket /data/misc/bluedroid/.le_data connect errno=[111], err=[Connection refused]
05-28 13:38:47.005 D/CH_NTP NtpTrustedTime 2018.9.21( 2338): currentTimeMillis() cache hit
05-28 13:38:47.019 D/CH_NTP NtpTrustedTime 2018.9.21( 2338): currentTimeMillis() cache hit
05-28 13:38:47.020 D/CH_NTP NtpTrustedTime 2018.9.21( 2338): currentTimeMillis() cache hit
05-28 13:38:47.020 D/CH_NTP NtpTrustedTime 2018.9.21( 2338): currentTimeMillis() cache hit
05-28 13:38:48.028 D/vf_audio_hw( 2366): heart beat sended to xiri
05-28 13:38:48.029 D/LocalSocketTransmitVoice( 3250): [91] read string=heart_beat
05-28 13:38:48.347 D/XiriTopActivityManager( 3250): [2] setTopActivityClsName = com.smart.changhong.smartipptv.MainActivity
05-28 13:38:48.532 W/vf_audio_hw( 2366): ctrl chan socket @/data/misc/bluedroid/.voice_ctrl connect errno=[111], err=[Connection refused]
05-28 13:38:48.596 D/XiriAccessibilityService( 3250): [2] onAccessibilityEvent
05-28 13:38:48.598 D/XiriAccessibilityService( 3250): [2] onAccessibilityEvent
05-28 13:38:48.606 W/vf_audio_hw( 2366): data chan socket @/data/misc/bluedroid/.voice_data connect errno=[111], err=[Connection refused]
05-28 13:38:48.716 D/XiriAccessibilityService( 3250): [2] onAccessibilityEvent
05-28 13:38:48.868 I/chatty  ( 3250): uid=10029(u0_a29) com.iflytek.xiri identical 5 lines
05-28 13:38:48.938 D/XiriAccessibilityService( 3250): [2] onAccessibilityEvent
05-28 13:38:48.976 W/bmaudio_hw_default( 2366): data chan socket /data/misc/bluedroid/.le_data connect errno=[111], err=[Connection refused]
05-28 13:38:48.978 D/XiriAccessibilityService( 3250): [2] onAccessibilityEvent
05-28 13:38:49.352 I/chatty  ( 3250): uid=10029(u0_a29) com.iflytek.xiri identical 12 lines
05-28 13:38:49.399 D/XiriAccessibilityService( 3250): [2] onAccessibilityEvent
05-28 13:38:49.402 D/WifiStateMachine( 2338):  ConnectedState !CMD_RSSI_POLL rt=111046906/111046906 18 0 "TP-LINK_6458" 30:fc:68:8f:64:58 rssi=-42 f=2437 sc=60 link=72 tx=48.9, 0.0, 0.0  rx=34.6 bcn=0 [on:0 tx:0 rx:0 period:3003] from screen [on:0 period:1506429881] score=60
05-28 13:38:49.406 D/WifiStateMachine( 2338):  L2ConnectedState !CMD_RSSI_POLL rt=111046909/111046909 18 0 "TP-LINK_6458" 30:fc:68:8f:64:58 rssi=-42 f=2437 sc=60 link=72 tx=48.9, 0.0, 0.0  rx=34.6 bcn=0 [on:0 tx:0 rx:0 period:3] from screen [on:0 period:1506429884] score=60
05-28 13:38:49.406 D/WifiStateMachine( 2338):  get link layer stats 0
05-28 13:38:49.408 D/WifiStateMachine( 2338): fetchRssiLinkSpeedAndFrequencyNative rssi=-42 linkspeed=72 freq=2437
05-28 13:38:49.408 V/WifiConfigManager 2018.2.28( 2338): Updating scan detail cache freq=2437 BSSID=30:fc:68:8f:64:58 RSSI=-42 for "TP-LINK_6458"WPA_PSK
05-28 13:38:49.447 D/XiriAccessibilityService( 3250): [2] onAccessibilityEvent
05-28 13:38:49.478 D/XiriAccessibilityService( 3250): [2] onAccessibilityEvent
05-28 13:38:50.258 I/hpplay-java( 8440): [AsyncTask #15]:IM_AbstractBlockingClient:heartBeatWrite
05-28 13:38:50.532 W/vf_audio_hw( 2366): ctrl chan socket @/data/misc/bluedroid/.voice_ctrl connect errno=[111], err=[Connection refused]
05-28 13:38:50.606 W/vf_audio_hw( 2366): data chan socket @/data/misc/bluedroid/.voice_data connect errno=[111], err=[Connection refused]
05-28 13:38:50.918 W/hpplay-java( 8440): [AsyncTask #7]:IM_AbstractBlockingClient:Client failure java.net.SocketTimeoutException: Read timed out
05-28 13:38:50.977 W/bmaudio_hw_default( 2366): data chan socket /data/misc/bluedroid/.le_data connect errno=[111], err=[Connection refused]
05-28 13:38:51.608 D/XiriAccessibilityService( 3250): [2] onAccessibilityEvent
05-28 13:38:52.362 I/chatty  ( 3250): uid=10029(u0_a29) com.iflytek.xiri identical 21 lines
05-28 13:38:52.362 D/XiriAccessibilityService( 3250): [2] onAccessibilityEvent
05-28 13:38:52.393 D/ControlCenterWorkThread( 7269): refreshDevices...
05-28 13:38:52.395 D/ControlCenterWorkThread( 7269): Mcontroller controlCenterWorkThread MCstartSearch
05-28 13:38:52.410 D/WifiStateMachine( 2338):  ConnectedState !CMD_RSSI_POLL rt=111049916/111049916 18 0 "TP-LINK_6458" 30:fc:68:8f:64:58 rssi=-42 f=2437 sc=60 link=72 tx=53.5, 0.0, 0.0  rx=37.3 bcn=0 [on:0 tx:0 rx:0 period:2999] from screen [on:0 period:1506432890] score=60
05-28 13:38:52.410 D/WifiStateMachine( 2338):  L2ConnectedState !CMD_RSSI_POLL rt=111049916/111049916 18 0 "TP-LINK_6458" 30:fc:68:8f:64:58 rssi=-42 f=2437 sc=60 link=72 tx=53.5, 0.0, 0.0  rx=37.3 bcn=0 [on:0 tx:0 rx:0 period:0] from screen [on:0 period:1506432890] score=60
05-28 13:38:52.410 D/WifiStateMachine( 2338):  get link layer stats 0
05-28 13:38:52.411 D/WifiStateMachine( 2338): fetchRssiLinkSpeedAndFrequencyNative rssi=-42 linkspeed=72 freq=2437
05-28 13:38:52.411 V/WifiConfigManager 2018.2.28( 2338): Updating scan detail cache freq=2437 BSSID=30:fc:68:8f:64:58 RSSI=-42 for "TP-LINK_6458"WPA_PSK
05-28 13:38:52.413 D/XiriAccessibilityService( 3250): [2] onAccessibilityEvent
05-28 13:38:52.429 I/chatty  ( 3250): uid=10029(u0_a29) com.iflytek.xiri identical 1 line
05-28 13:38:52.462 D/XiriAccessibilityService( 3250): [2] onAccessibilityEvent
05-28 13:38:52.532 W/vf_audio_hw( 2366): ctrl chan socket @/data/misc/bluedroid/.voice_ctrl connect errno=[111], err=[Connection refused]
05-28 13:38:52.606 W/vf_audio_hw( 2366): data chan socket @/data/misc/bluedroid/.voice_data connect errno=[111], err=[Connection refused]
05-28 13:38:52.900 D/UTAnalytics:CommitTask(12639): pid:12639 check&commit event:65502,
05-28 13:38:52.900 D/UTAnalytics:CommitTask(12639): pid:12639 next:65502,
05-28 13:38:52.901 D/UTAnalytics:CommitTask(12639): pid:12639 check&commit event:65501,
05-28 13:38:52.901 D/UTAnalytics:CommitTask(12639): pid:12639 next:65501,
05-28 13:38:52.901 D/UTAnalytics:CommitTask(12639): pid:12639 check&commit event:65503,
05-28 13:38:52.901 D/UTAnalytics:CommitTask(12639): pid:12639 next:65503,
05-28 13:38:52.977 W/bmaudio_hw_default( 2366): data chan socket /data/misc/bluedroid/.le_data connect errno=[111], err=[Connection refused]
05-28 13:38:53.034 D/vf_audio_hw( 2366): heart beat sended to xiri
05-28 13:38:53.034 D/LocalSocketTransmitVoice( 3250): [91] read string=heart_beat
05-28 13:38:53.121 D/UTAnalytics:CommitTask(12639): pid:12639 check&commit event:65133,
05-28 13:38:53.121 D/UTAnalytics:CommitTask(12639): pid:12639 next:65133,
05-28 13:38:53.364 D/XiriTopActivityManager( 3250): [2] setTopActivityClsName = com.smart.changhong.smartipptv.MainActivity
05-28 13:38:54.532 W/vf_audio_hw( 2366): ctrl chan socket @/data/misc/bluedroid/.voice_ctrl connect errno=[111], err=[Connection refused]
05-28 13:38:54.606 W/vf_audio_hw( 2366): data chan socket @/data/misc/bluedroid/.voice_data connect errno=[111], err=[Connection refused]
05-28 13:38:54.611 D/XiriAccessibilityService( 3250): [2] onAccessibilityEvent
05-28 13:38:54.969 I/chatty  ( 3250): uid=10029(u0_a29) com.iflytek.xiri identical 8 lines
05-28 13:38:54.975 D/XiriAccessibilityService( 3250): [2] onAccessibilityEvent
05-28 13:38:54.977 W/bmaudio_hw_default( 2366): data chan socket /data/misc/bluedroid/.le_data connect errno=[111], err=[Connection refused]
05-28 13:38:54.981 D/XiriAccessibilityService( 3250): [2] onAccessibilityEvent
05-28 13:38:55.082 D/XiriAccessibilityService( 3250): [2] onAccessibilityEvent
05-28 13:38:55.092 V/IPP3.4  ( 1806): Client:recv 12 from 192.168.1.165:17958
05-28 13:38:55.095 D/XiriAccessibilityService( 3250): [2] onAccessibilityEvent
05-28 13:38:55.379 I/chatty  ( 3250): uid=10029(u0_a29) com.iflytek.xiri identical 8 lines
05-28 13:38:55.401 D/XiriAccessibilityService( 3250): [2] onAccessibilityEvent
05-28 13:38:55.414 D/WifiStateMachine( 2338):  ConnectedState !CMD_RSSI_POLL rt=111052920/111052920 18 0 "TP-LINK_6458" 30:fc:68:8f:64:58 rssi=-42 f=2437 sc=60 link=72 tx=46.2, 0.0, 0.0  rx=30.1 bcn=0 [on:0 tx:0 rx:0 period:3001] from screen [on:0 period:1506435894] score=60
05-28 13:38:55.414 D/WifiStateMachine( 2338):  L2ConnectedState !CMD_RSSI_POLL rt=111052920/111052920 18 0 "TP-LINK_6458" 30:fc:68:8f:64:58 rssi=-42 f=2437 sc=60 link=72 tx=46.2, 0.0, 0.0  rx=30.1 bcn=0 [on:0 tx:0 rx:0 period:0] from screen [on:0 period:1506435894] score=60
05-28 13:38:55.414 D/WifiStateMachine( 2338):  get link layer stats 0
05-28 13:38:55.415 D/WifiStateMachine( 2338): fetchRssiLinkSpeedAndFrequencyNative rssi=-42 linkspeed=72 freq=2437
05-28 13:38:55.415 V/WifiConfigManager 2018.2.28( 2338): Updating scan detail cache freq=2437 BSSID=30:fc:68:8f:64:58 RSSI=-42 for "TP-LINK_6458"WPA_PSK
05-28 13:38:55.447 D/XiriAccessibilityService( 3250): [2] onAccessibilityEvent
05-28 13:38:56.533 W/vf_audio_hw( 2366): ctrl chan socket @/data/misc/bluedroid/.voice_ctrl connect errno=[111], err=[Connection refused]
05-28 13:38:56.606 W/vf_audio_hw( 2366): data chan socket @/data/misc/bluedroid/.voice_data connect errno=[111], err=[Connection refused]
05-28 13:38:56.978 W/bmaudio_hw_default( 2366): data chan socket /data/misc/bluedroid/.le_data connect errno=[111], err=[Connection refused]
05-28 13:38:57.626 D/XiriAccessibilityService( 3250): [2] onAccessibilityEvent
05-28 13:38:57.882 I/chatty  ( 3250): uid=10029(u0_a29) com.iflytek.xiri identical 7 lines
05-28 13:38:57.952 D/XiriAccessibilityService( 3250): [2] onAccessibilityEvent
05-28 13:38:57.969 V/IPP3.4  ( 1806): ########### Client Info #########
05-28 13:38:57.969 V/IPP3.4  ( 1806): Device list:
05-28 13:38:57.969 V/IPP3.4  ( 1806):   1:socket = 86, SN = MY2w3DRvmacaT17070300236
05-28 13:38:57.969 V/IPP3.4  ( 1806):   1:SN = 0D6F000DBCAC6300
05-28 13:38:57.969 V/IPP3.4  ( 1806):   2:SN = 0D6F000DBCAD2200
05-28 13:38:57.969 V/IPP3.4  ( 1806):   2:socket = 80, SN = TV_GW_6023A4C3648A
05-28 13:38:57.969 V/IPP3.4  ( 1806): Client sock list:
05-28 13:38:57.969 V/IPP3.4  ( 1806):   self fd:75
05-28 13:38:57.969 V/IPP3.4  ( 1806):   fd:86
05-28 13:38:57.969 V/IPP3.4  ( 1806):   fd:80
05-28 13:38:57.969 V/IPP3.4  ( 1806): ########### Server Info #########
05-28 13:38:57.988 D/XiriAccessibilityService( 3250): [2] onAccessibilityEvent
05-28 13:38:57.993 D/XiriAccessibilityService( 3250): [2] onAccessibilityEvent
05-28 13:38:58.038 D/vf_audio_hw( 2366): heart beat sended to xiri
05-28 13:38:58.038 D/LocalSocketTransmitVoice( 3250): [91] read string=heart_beat
05-28 13:38:58.069 D/XiriAccessibilityService( 3250): [2] onAccessibilityEvent
05-28 13:38:58.330 I/chatty  ( 3250): uid=10029(u0_a29) com.iflytek.xiri identical 7 lines
05-28 13:38:58.335 D/XiriAccessibilityService( 3250): [2] onAccessibilityEvent
05-28 13:38:58.377 D/XiriTopActivityManager( 3250): [2] setTopActivityClsName = com.smart.changhong.smartipptv.MainActivity
05-28 13:38:58.395 D/XiriAccessibilityService( 3250): [2] onAccessibilityEvent
05-28 13:38:58.418 D/WifiStateMachine( 2338):  ConnectedState !CMD_RSSI_POLL rt=111055924/111055924 18 0 "TP-LINK_6458" 30:fc:68:8f:64:58 rssi=-42 f=2437 sc=60 link=72 tx=38.6, 0.0, 0.0  rx=22.6 bcn=0 [on:0 tx:0 rx:0 period:3002] from screen [on:0 period:1506438898] score=60
05-28 13:38:58.418 D/WifiStateMachine( 2338):  L2ConnectedState !CMD_RSSI_POLL rt=111055924/111055924 18 0 "TP-LINK_6458" 30:fc:68:8f:64:58 rssi=-42 f=2437 sc=60 link=72 tx=38.6, 0.0, 0.0  rx=22.6 bcn=0 [on:0 tx:0 rx:0 period:0] from screen [on:0 period:1506438898] score=60
05-28 13:38:58.418 D/WifiStateMachine( 2338):  get link layer stats 0
05-28 13:38:58.419 D/WifiStateMachine( 2338): fetchRssiLinkSpeedAndFrequencyNative rssi=-42 linkspeed=72 freq=2437
05-28 13:38:58.419 V/WifiConfigManager 2018.2.28( 2338): Updating scan detail cache freq=2437 BSSID=30:fc:68:8f:64:58 RSSI=-42 for "TP-LINK_6458"WPA_PSK
05-28 13:38:58.430 D/XiriAccessibilityService( 3250): [2] onAccessibilityEvent
05-28 13:38:58.445 D/XiriAccessibilityService( 3250): [2] onAccessibilityEvent
05-28 13:38:58.533 W/vf_audio_hw( 2366): ctrl chan socket @/data/misc/bluedroid/.voice_ctrl connect errno=[111], err=[Connection refused]
