05-28 13:38:58.607 W/vf_audio_hw( 2366): data chan socket @/data/misc/bluedroid/.voice_data connect errno=[111], err=[Connection refused]
05-28 13:38:58.978 W/bmaudio_hw_default( 2366): data chan socket /data/misc/bluedroid/.le_data connect errno=[111], err=[Connection refused]
05-28 13:38:59.685 V/IPP3.4  ( 1806): Client:recv 12 from 192.168.1.187:17702
05-28 13:39:00.533 W/vf_audio_hw( 2366): ctrl chan socket @/data/misc/bluedroid/.voice_ctrl connect errno=[111], err=[Connection refused]
05-28 13:39:00.607 W/vf_audio_hw( 2366): data chan socket @/data/misc/bluedroid/.voice_data connect errno=[111], err=[Connection refused]
05-28 13:39:00.632 D/XiriAccessibilityService( 3250): [2] onAccessibilityEvent
05-28 13:39:00.893 I/chatty  ( 3250): uid=10029(u0_a29) com.iflytek.xiri identical 7 lines
05-28 13:39:00.966 D/XiriAccessibilityService( 3250): [2] onAccessibilityEvent
05-28 13:39:00.978 W/bmaudio_hw_default( 2366): data chan socket /data/misc/bluedroid/.le_data connect errno=[111], err=[Connection refused]
05-28 13:39:01.002 D/XiriAccessibilityService( 3250): [2] onAccessibilityEvent
05-28 13:39:01.384 I/chatty  ( 3250): uid=10029(u0_a29) com.iflytek.xiri identical 12 lines
05-28 13:39:01.384 D/XiriAccessibilityService( 3250): [2] onAccessibilityEvent
05-28 13:39:01.422 D/WifiStateMachine( 2338):  ConnectedState !CMD_RSSI_POLL rt=111058928/111058928 18 0 "TP-LINK_6458" 30:fc:68:8f:64:58 rssi=-42 f=2437 sc=60 link=72 tx=39.8, 0.0, 0.0  rx=22.8 bcn=0 [on:0 tx:0 rx:0 period:3002] from screen [on:0 period:1506441902] score=60
05-28 13:39:01.423 D/WifiStateMachine( 2338):  L2ConnectedState !CMD_RSSI_POLL rt=111058929/111058929 18 0 "TP-LINK_6458" 30:fc:68:8f:64:58 rssi=-42 f=2437 sc=60 link=72 tx=39.8, 0.0, 0.0  rx=22.8 bcn=0 [on:0 tx:0 rx:0 period:1] from screen [on:0 period:1506441903] score=60
05-28 13:39:01.423 D/WifiStateMachine( 2338):  get link layer stats 0
05-28 13:39:01.424 D/WifiStateMachine( 2338): fetchRssiLinkSpeedAndFrequencyNative rssi=-42 linkspeed=72 freq=2437
05-28 13:39:01.424 V/WifiConfigManager 2018.2.28( 2338): Updating scan detail cache freq=2437 BSSID=30:fc:68:8f:64:58 RSSI=-42 for "TP-LINK_6458"WPA_PSK
05-28 13:39:01.445 D/XiriAccessibilityService( 3250): [2] onAccessibilityEvent
05-28 13:39:01.481 I/chatty  ( 3250): uid=10029(u0_a29) com.iflytek.xiri identical 1 line
05-28 13:39:01.511 D/XiriAccessibilityService( 3250): [2] onAccessibilityEvent
05-28 13:39:02.435 D/ControlCenterWorkThread( 7269): refreshDevices...
05-28 13:39:02.436 D/ControlCenterWorkThread( 7269): Mcontroller controlCenterWorkThread MCstartSearch
05-28 13:39:02.533 W/vf_audio_hw( 2366): ctrl chan socket @/data/misc/bluedroid/.voice_ctrl connect errno=[111], err=[Connection refused]
05-28 13:39:02.607 W/vf_audio_hw( 2366): data chan socket @/data/misc/bluedroid/.voice_data connect errno=[111], err=[Connection refused]
05-28 13:39:02.978 W/bmaudio_hw_default( 2366): data chan socket /data/misc/bluedroid/.le_data connect errno=[111], err=[Connection refused]
05-28 13:39:03.003 E/MediaPlayerService( 2377): onvif_get_addaddr time out to find camera
05-28 13:39:03.004 E/CameraService( 2367): func:waitForOnvifEvent line:209 url= ch_ipcamera_num=0 mNumberOfCameras=0 g_sleep_time=9 g_camera_url=
05-28 13:39:03.043 D/vf_audio_hw( 2366): heart beat sended to xiri
05-28 13:39:03.043 D/LocalSocketTransmitVoice( 3250): [91] read string=heart_beat
05-28 13:39:03.391 D/XiriTopActivityManager( 3250): [2] setTopActivityClsName = com.smart.changhong.smartipptv.MainActivity
05-28 13:39:03.640 D/XiriAccessibilityService( 3250): [2] onAccessibilityEvent
05-28 13:39:04.397 I/chatty  ( 3250): uid=10029(u0_a29) com.iflytek.xiri identical 21 lines
05-28 13:39:04.398 D/XiriAccessibilityService( 3250): [2] onAccessibilityEvent
05-28 13:39:04.427 D/WifiStateMachine( 2338):  ConnectedState !CMD_RSSI_POLL rt=111061932/111061932 18 0 "TP-LINK_6458" 30:fc:68:8f:64:58 rssi=-42 f=2437 sc=60 link=72 tx=116.4, 0.0, 0.0  rx=106.9 bcn=0 [on:0 tx:0 rx:0 period:3002] from screen [on:0 period:1506444907] score=60
05-28 13:39:04.430 D/WifiStateMachine( 2338):  L2ConnectedState !CMD_RSSI_POLL rt=111061934/111061934 18 0 "TP-LINK_6458" 30:fc:68:8f:64:58 rssi=-42 f=2437 sc=60 link=72 tx=116.4, 0.0, 0.0  rx=106.9 bcn=0 [on:0 tx:0 rx:0 period:3] from screen [on:0 period:1506444910] score=60
05-28 13:39:04.431 D/WifiStateMachine( 2338):  get link layer stats 0
05-28 13:39:04.432 D/WifiStateMachine( 2338): fetchRssiLinkSpeedAndFrequencyNative rssi=-42 linkspeed=72 freq=2437
05-28 13:39:04.433 V/WifiConfigManager 2018.2.28( 2338): Updating scan detail cache freq=2437 BSSID=30:fc:68:8f:64:58 RSSI=-42 for "TP-LINK_6458"WPA_PSK
05-28 13:39:04.445 D/XiriAccessibilityService( 3250): [2] onAccessibilityEvent
05-28 13:39:04.464 I/chatty  ( 3250): uid=10029(u0_a29) com.iflytek.xiri identical 1 line
05-28 13:39:04.497 D/XiriAccessibilityService( 3250): [2] onAccessibilityEvent
05-28 13:39:04.533 W/vf_audio_hw( 2366): ctrl chan socket @/data/misc/bluedroid/.voice_ctrl connect errno=[111], err=[Connection refused]
05-28 13:39:04.607 W/vf_audio_hw( 2366): data chan socket @/data/misc/bluedroid/.voice_data connect errno=[111], err=[Connection refused]
05-28 13:39:04.981 W/bmaudio_hw_default( 2366): data chan socket /data/misc/bluedroid/.le_data connect errno=[111], err=[Connection refused]
05-28 13:39:05.179 I/hpplay-java( 8440): [main]:LelinkCastWrapper:getOption  option: OPTION_SERVERINFO
05-28 13:39:05.179 I/hpplay-java( 8440): [main]:LelinkCastImpl:getOption option: OPTION_SERVERINFO
05-28 13:39:05.182 I/hpplay-java( 8440): [main]:LelinkCastWrapper:getOption  option: OPTION_SERVERINFO
05-28 13:39:05.183 I/hpplay-java( 8440): [main]:LelinkCastImpl:getOption option: OPTION_SERVERINFO
05-28 13:39:06.534 W/vf_audio_hw( 2366): ctrl chan socket @/data/misc/bluedroid/.voice_ctrl connect errno=[111], err=[Connection refused]
05-28 13:39:06.607 W/vf_audio_hw( 2366): data chan socket @/data/misc/bluedroid/.voice_data connect errno=[111], err=[Connection refused]
05-28 13:39:06.648 D/XiriAccessibilityService( 3250): [2] onAccessibilityEvent
05-28 13:39:06.903 I/chatty  ( 3250): uid=10029(u0_a29) com.iflytek.xiri identical 7 lines
05-28 13:39:06.977 D/XiriAccessibilityService( 3250): [2] onAccessibilityEvent
05-28 13:39:06.982 W/bmaudio_hw_default( 2366): data chan socket /data/misc/bluedroid/.le_data connect errno=[111], err=[Connection refused]
05-28 13:39:07.010 D/XiriAccessibilityService( 3250): [2] onAccessibilityEvent
05-28 13:39:07.402 I/chatty  ( 3250): uid=10029(u0_a29) com.iflytek.xiri identical 13 lines
05-28 13:39:07.403 D/XiriAccessibilityService( 3250): [2] onAccessibilityEvent
05-28 13:39:07.435 D/WifiStateMachine( 2338):  ConnectedState !CMD_RSSI_POLL rt=111064941/111064941 18 0 "TP-LINK_6458" 30:fc:68:8f:64:58 rssi=-42 f=2437 sc=60 link=72 tx=172.2, 0.0, 0.0  rx=162.4 bcn=0 [on:0 tx:0 rx:0 period:2999] from screen [on:0 period:1506447915] score=60
05-28 13:39:07.435 D/WifiStateMachine( 2338):  L2ConnectedState !CMD_RSSI_POLL rt=111064942/111064942 18 0 "TP-LINK_6458" 30:fc:68:8f:64:58 rssi=-42 f=2437 sc=60 link=72 tx=172.2, 0.0, 0.0  rx=162.4 bcn=0 [on:0 tx:0 rx:0 period:0] from screen [on:0 period:1506447915] score=60
05-28 13:39:07.435 D/WifiStateMachine( 2338):  get link layer stats 0
05-28 13:39:07.436 D/WifiStateMachine( 2338): fetchRssiLinkSpeedAndFrequencyNative rssi=-42 linkspeed=72 freq=2437
05-28 13:39:07.436 V/WifiConfigManager 2018.2.28( 2338): Updating scan detail cache freq=2437 BSSID=30:fc:68:8f:64:58 RSSI=-42 for "TP-LINK_6458"WPA_PSK
05-28 13:39:07.451 D/XiriAccessibilityService( 3250): [2] onAccessibilityEvent
05-28 13:39:07.485 I/chatty  ( 3250): uid=10029(u0_a29) com.iflytek.xiri identical 1 line
05-28 13:39:07.504 D/XiriAccessibilityService( 3250): [2] onAccessibilityEvent
05-28 13:39:08.051 D/vf_audio_hw( 2366): heart beat sended to xiri
05-28 13:39:08.052 D/LocalSocketTransmitVoice( 3250): [91] read string=heart_beat
05-28 13:39:08.407 D/XiriTopActivityManager( 3250): [2] setTopActivityClsName = com.smart.changhong.smartipptv.MainActivity
05-28 13:39:08.534 W/vf_audio_hw( 2366): ctrl chan socket @/data/misc/bluedroid/.voice_ctrl connect errno=[111], err=[Connection refused]
05-28 13:39:08.608 W/vf_audio_hw( 2366): data chan socket @/data/misc/bluedroid/.voice_data connect errno=[111], err=[Connection refused]
05-28 13:39:08.982 W/bmaudio_hw_default( 2366): data chan socket /data/misc/bluedroid/.le_data connect errno=[111], err=[Connection refused]
05-28 13:39:09.656 D/XiriAccessibilityService( 3250): [2] onAccessibilityEvent
05-28 13:39:10.399 I/chatty  ( 3250): uid=10029(u0_a29) com.iflytek.xiri identical 23 lines
05-28 13:39:10.400 D/XiriAccessibilityService( 3250): [2] onAccessibilityEvent
05-28 13:39:10.438 D/WifiStateMachine( 2338):  ConnectedState !CMD_RSSI_POLL rt=111067944/111067944 18 0 "TP-LINK_6458" 30:fc:68:8f:64:58 rssi=-42 f=2437 sc=60 link=72 tx=109.1, 0.0, 0.0  rx=93.7 bcn=0 [on:0 tx:0 rx:0 period:3000] from screen [on:0 period:1506450918] score=60
05-28 13:39:10.438 D/WifiStateMachine( 2338):  L2ConnectedState !CMD_RSSI_POLL rt=111067944/111067944 18 0 "TP-LINK_6458" 30:fc:68:8f:64:58 rssi=-42 f=2437 sc=60 link=72 tx=109.1, 0.0, 0.0  rx=93.7 bcn=0 [on:0 tx:0 rx:0 period:0] from screen [on:0 period:1506450918] score=60
05-28 13:39:10.438 D/WifiStateMachine( 2338):  get link layer stats 0
05-28 13:39:10.439 D/WifiStateMachine( 2338): fetchRssiLinkSpeedAndFrequencyNative rssi=-42 linkspeed=72 freq=2437
05-28 13:39:10.439 V/WifiConfigManager 2018.2.28( 2338): Updating scan detail cache freq=2437 BSSID=30:fc:68:8f:64:58 RSSI=-42 for "TP-LINK_6458"WPA_PSK
05-28 13:39:10.461 D/XiriAccessibilityService( 3250): [2] onAccessibilityEvent
05-28 13:39:10.479 I/chatty  ( 3250): uid=10029(u0_a29) com.iflytek.xiri identical 1 line
05-28 13:39:10.498 D/XiriAccessibilityService( 3250): [2] onAccessibilityEvent
05-28 13:39:10.534 W/vf_audio_hw( 2366): ctrl chan socket @/data/misc/bluedroid/.voice_ctrl connect errno=[111], err=[Connection refused]
05-28 13:39:10.608 W/vf_audio_hw( 2366): data chan socket @/data/misc/bluedroid/.voice_data connect errno=[111], err=[Connection refused]
05-28 13:39:10.695 V/IPP3.4  ( 1806): Client:recv 12 from 192.168.1.165:17958
05-28 13:39:10.983 W/bmaudio_hw_default( 2366): data chan socket /data/misc/bluedroid/.le_data connect errno=[111], err=[Connection refused]
05-28 13:39:12.476 D/ControlCenterWorkThread( 7269): refreshDevices...
05-28 13:39:12.477 D/ControlCenterWorkThread( 7269): Mcontroller controlCenterWorkThread MCstartSearch
05-28 13:39:12.534 W/vf_audio_hw( 2366): ctrl chan socket @/data/misc/bluedroid/.voice_ctrl connect errno=[111], err=[Connection refused]
05-28 13:39:12.608 W/vf_audio_hw( 2366): data chan socket @/data/misc/bluedroid/.voice_data connect errno=[111], err=[Connection refused]
05-28 13:39:12.670 D/XiriAccessibilityService( 3250): [2] onAccessibilityEvent
05-28 13:39:12.673 D/XiriAccessibilityService( 3250): [2] onAccessibilityEvent
05-28 13:39:12.727 V/IPP3.4  ( 1806): Client:recv 12 from 192.168.1.187:17702
05-28 13:39:12.777 D/XiriAccessibilityService( 3250): [2] onAccessibilityEvent
05-28 13:39:12.879 I/chatty  ( 3250): uid=10029(u0_a29) com.iflytek.xiri identical 3 lines
05-28 13:39:12.918 D/XiriAccessibilityService( 3250): [2] onAccessibilityEvent
05-28 13:39:12.920 D/UTAnalytics:UploadTask(12639): pid:12639 Upload,
05-28 13:39:12.924 D/UTAnalytics:LogStoreMgr(12639): pid:12639 [store],
05-28 13:39:12.949 D/XiriAccessibilityService( 3250): [2] onAccessibilityEvent
05-28 13:39:12.953 D/UTAnalytics:UTSqliteLogStore(12639): pid:12639 sql:SELECT * FROM log ORDER BY time ASC  LIMIT 99,
05-28 13:39:12.958 D/UTAnalytics:LogStoreMgr(12639): pid:12639 [get],[],
05-28 13:39:12.966 D/UTAnalytics:UploadEngine(12639): pid:12639 UTDC.bBackground:false,AppInfoUtil.isForeground(UTDC.getContext()) ,true,
05-28 13:39:12.969 D/UTAnalytics:UploadTask(12639): pid:12639 mPeriod:30000,
05-28 13:39:12.983 W/bmaudio_hw_default( 2366): data chan socket /data/misc/bluedroid/.le_data connect errno=[111], err=[Connection refused]
05-28 13:39:12.984 D/XiriAccessibilityService( 3250): [2] onAccessibilityEvent
05-28 13:39:13.050 D/XiriAccessibilityService( 3250): [2] onAccessibilityEvent
05-28 13:39:13.055 D/vf_audio_hw( 2366): heart beat sended to xiri
05-28 13:39:13.055 D/LocalSocketTransmitVoice( 3250): [91] read string=heart_beat
05-28 13:39:13.060 D/XiriAccessibilityService( 3250): [2] onAccessibilityEvent
05-28 13:39:13.385 I/chatty  ( 3250): uid=10029(u0_a29) com.iflytek.xiri identical 8 lines
05-28 13:39:13.397 D/XiriAccessibilityService( 3250): [2] onAccessibilityEvent
05-28 13:39:13.421 D/XiriTopActivityManager( 3250): [2] setTopActivityClsName = com.smart.changhong.smartipptv.MainActivity
05-28 13:39:13.428 D/XiriAccessibilityService( 3250): [2] onAccessibilityEvent
05-28 13:39:13.429 I/chatty  ( 3250): uid=10029(u0_a29) com.iflytek.xiri identical 1 line
05-28 13:39:13.432 D/XiriAccessibilityService( 3250): [2] onAccessibilityEvent
05-28 13:39:13.443 D/WifiStateMachine( 2338):  ConnectedState !CMD_RSSI_POLL rt=111070949/111070949 18 0 "TP-LINK_6458" 30:fc:68:8f:64:58 rssi=-42 f=2437 sc=60 link=72 tx=73.6, 0.0, 0.0  rx=58.9 bcn=0 [on:0 tx:0 rx:0 period:3002] from screen [on:0 period:1506453923] score=60
05-28 13:39:13.443 D/WifiStateMachine( 2338):  L2ConnectedState !CMD_RSSI_POLL rt=111070949/111070949 18 0 "TP-LINK_6458" 30:fc:68:8f:64:58 rssi=-42 f=2437 sc=60 link=72 tx=73.6, 0.0, 0.0  rx=58.9 bcn=0 [on:0 tx:0 rx:0 period:0] from screen [on:0 period:1506453923] score=60
05-28 13:39:13.444 D/WifiStateMachine( 2338):  get link layer stats 0
05-28 13:39:13.445 D/WifiStateMachine( 2338): fetchRssiLinkSpeedAndFrequencyNative rssi=-43 linkspeed=72 freq=2437
05-28 13:39:13.445 V/WifiConfigManager 2018.2.28( 2338): Updating scan detail cache freq=2437 BSSID=30:fc:68:8f:64:58 RSSI=-42 for "TP-LINK_6458"WPA_PSK
05-28 13:39:13.481 D/XiriAccessibilityService( 3250): [2] onAccessibilityEvent
05-28 13:39:13.529 I/chatty  ( 3250): uid=10029(u0_a29) com.iflytek.xiri identical 1 line
05-28 13:39:13.545 D/XiriAccessibilityService( 3250): [2] onAccessibilityEvent
05-28 13:39:14.534 W/vf_audio_hw( 2366): ctrl chan socket @/data/misc/bluedroid/.voice_ctrl connect errno=[111], err=[Connection refused]
05-28 13:39:14.608 W/vf_audio_hw( 2366): data chan socket @/data/misc/bluedroid/.voice_data connect errno=[111], err=[Connection refused]
05-28 13:39:14.983 W/bmaudio_hw_default( 2366): data chan socket /data/misc/bluedroid/.le_data connect errno=[111], err=[Connection refused]
05-28 13:39:15.686 D/XiriAccessibilityService( 3250): [2] onAccessibilityEvent
05-28 13:39:16.398 I/chatty  ( 3250): uid=10029(u0_a29) com.iflytek.xiri identical 22 lines
05-28 13:39:16.430 D/XiriAccessibilityService( 3250): [2] onAccessibilityEvent
05-28 13:39:16.449 D/WifiStateMachine( 2338):  ConnectedState !CMD_RSSI_POLL rt=111073955/111073955 18 0 "TP-LINK_6458" 30:fc:68:8f:64:58 rssi=-43 f=2437 sc=60 link=72 tx=111.8, 0.0, 0.0  rx=98.4 bcn=0 [on:0 tx:0 rx:0 period:3002] from screen [on:0 period:1506456929] score=60
05-28 13:39:16.450 D/WifiStateMachine( 2338):  L2ConnectedState !CMD_RSSI_POLL rt=111073956/111073956 18 0 "TP-LINK_6458" 30:fc:68:8f:64:58 rssi=-43 f=2437 sc=60 link=72 tx=111.8, 0.0, 0.0  rx=98.4 bcn=0 [on:0 tx:0 rx:0 period:1] from screen [on:0 period:1506456930] score=60
05-28 13:39:16.450 D/WifiStateMachine( 2338):  get link layer stats 0
05-28 13:39:16.450 D/WifiStateMachine( 2338): fetchRssiLinkSpeedAndFrequencyNative rssi=-42 linkspeed=72 freq=2437
05-28 13:39:16.450 V/WifiConfigManager 2018.2.28( 2338): Updating scan detail cache freq=2437 BSSID=30:fc:68:8f:64:58 RSSI=-42 for "TP-LINK_6458"WPA_PSK
05-28 13:39:16.455 D/XiriAccessibilityService( 3250): [2] onAccessibilityEvent
05-28 13:39:16.458 I/chatty  ( 3250): uid=10029(u0_a29) com.iflytek.xiri identical 2 lines
05-28 13:39:16.497 D/XiriAccessibilityService( 3250): [2] onAccessibilityEvent
05-28 13:39:16.535 W/vf_audio_hw( 2366): ctrl chan socket @/data/misc/bluedroid/.voice_ctrl connect errno=[111], err=[Connection refused]
05-28 13:39:16.553 D/XiriAccessibilityService( 3250): [2] onAccessibilityEvent
05-28 13:39:16.562 D/XiriAccessibilityService( 3250): [2] onAccessibilityEvent
05-28 13:39:16.608 W/vf_audio_hw( 2366): data chan socket @/data/misc/bluedroid/.voice_data connect errno=[111], err=[Connection refused]
05-28 13:39:16.983 W/bmaudio_hw_default( 2366): data chan socket /data/misc/bluedroid/.le_data connect errno=[111], err=[Connection refused]
05-28 13:39:17.905 D/UTAnalytics:CommitTask(12639): pid:12639 check&commit event:65501,
05-28 13:39:17.905 D/UTAnalytics:CommitTask(12639): pid:12639 check&commit event:65502,
05-28 13:39:17.905 D/UTAnalytics:CommitTask(12639): pid:12639 next:65501,
05-28 13:39:17.905 D/UTAnalytics:CommitTask(12639): pid:12639 next:65502,
05-28 13:39:17.905 D/UTAnalytics:CommitTask(12639): pid:12639 check&commit event:65503,
05-28 13:39:17.905 D/UTAnalytics:CommitTask(12639): pid:12639 next:65503,
05-28 13:39:18.067 D/vf_audio_hw( 2366): heart beat sended to xiri
05-28 13:39:18.067 D/LocalSocketTransmitVoice( 3250): [91] read string=heart_beat
05-28 13:39:18.121 D/UTAnalytics:CommitTask(12639): pid:12639 check&commit event:65133,
05-28 13:39:18.121 D/UTAnalytics:CommitTask(12639): pid:12639 next:65133,
05-28 13:39:18.441 D/XiriTopActivityManager( 3250): [2] setTopActivityClsName = com.smart.changhong.smartipptv.MainActivity
05-28 13:39:18.535 W/vf_audio_hw( 2366): ctrl chan socket @/data/misc/bluedroid/.voice_ctrl connect errno=[111], err=[Connection refused]
05-28 13:39:18.609 W/vf_audio_hw( 2366): data chan socket @/data/misc/bluedroid/.voice_data connect errno=[111], err=[Connection refused]
05-28 13:39:18.694 D/XiriAccessibilityService( 3250): [2] onAccessibilityEvent
05-28 13:39:18.931 I/chatty  ( 3250): uid=10029(u0_a29) com.iflytek.xiri identical 6 lines
05-28 13:39:18.968 D/XiriAccessibilityService( 3250): [2] onAccessibilityEvent
05-28 13:39:18.983 W/bmaudio_hw_default( 2366): data chan socket /data/misc/bluedroid/.le_data connect errno=[111], err=[Connection refused]
05-28 13:39:19.039 D/XiriAccessibilityService( 3250): [2] onAccessibilityEvent
05-28 13:39:19.368 I/chatty  ( 3250): uid=10029(u0_a29) com.iflytek.xiri identical 9 lines
05-28 13:39:19.391 D/XiriAccessibilityService( 3250): [2] onAccessibilityEvent
05-28 13:39:19.454 D/WifiStateMachine( 2338):  ConnectedState !CMD_RSSI_POLL rt=111076960/111076960 18 0 "TP-LINK_6458" 30:fc:68:8f:64:58 rssi=-42 f=2437 sc=60 link=72 tx=85.9, 0.0, 0.0  rx=69.7 bcn=0 [on:0 tx:0 rx:0 period:2999] from screen [on:0 period:1506459934] score=60
05-28 13:39:19.454 D/WifiStateMachine( 2338):  L2ConnectedState !CMD_RSSI_POLL rt=111076961/111076961 18 0 "TP-LINK_6458" 30:fc:68:8f:64:58 rssi=-42 f=2437 sc=60 link=72 tx=85.9, 0.0, 0.0  rx=69.7 bcn=0 [on:0 tx:0 rx:0 period:0] from screen [on:0 period:1506459934] score=60
05-28 13:39:19.454 D/WifiStateMachine( 2338):  get link layer stats 0
05-28 13:39:19.455 D/WifiStateMachine( 2338): fetchRssiLinkSpeedAndFrequencyNative rssi=-42 linkspeed=72 freq=2437
05-28 13:39:19.455 V/WifiConfigManager 2018.2.28( 2338): Updating scan detail cache freq=2437 BSSID=30:fc:68:8f:64:58 RSSI=-42 for "TP-LINK_6458"WPA_PSK
05-28 13:39:19.463 D/XiriAccessibilityService( 3250): [2] onAccessibilityEvent
05-28 13:39:19.467 I/chatty  ( 3250): uid=10029(u0_a29) com.iflytek.xiri identical 1 line
05-28 13:39:19.480 D/XiriAccessibilityService( 3250): [2] onAccessibilityEvent
05-28 13:39:20.535 W/vf_audio_hw( 2366): ctrl chan socket @/data/misc/bluedroid/.voice_ctrl connect errno=[111], err=[Connection refused]
05-28 13:39:20.609 W/vf_audio_hw( 2366): data chan socket @/data/misc/bluedroid/.voice_data connect errno=[111], err=[Connection refused]
05-28 13:39:20.984 W/bmaudio_hw_default( 2366): data chan socket /data/misc/bluedroid/.le_data connect errno=[111], err=[Connection refused]
05-28 13:39:21.013 E/MediaPlayerService( 2377): onvif_get_addaddr time out to find camera
05-28 13:39:21.013 E/CameraService( 2367): func:waitForOnvifEvent line:209 url= ch_ipcamera_num=0 mNumberOfCameras=0 g_sleep_time=1 g_camera_url=
05-28 13:39:21.702 D/XiriAccessibilityService( 3250): [2] onAccessibilityEvent
05-28 13:39:22.457 I/chatty  ( 3250): uid=10029(u0_a29) com.iflytek.xiri identical 21 lines
05-28 13:39:22.459 D/XiriAccessibilityService( 3250): [2] onAccessibilityEvent
05-28 13:39:22.460 D/WifiStateMachine( 2338):  ConnectedState !CMD_RSSI_POLL rt=111079965/111079965 18 0 "TP-LINK_6458" 30:fc:68:8f:64:58 rssi=-42 f=2437 sc=60 link=72 tx=56.9, 0.0, 0.0  rx=44.9 bcn=0 [on:0 tx:0 rx:0 period:3001] from screen [on:0 period:1506462940] score=60
05-28 13:39:22.465 D/WifiStateMachine( 2338):  L2ConnectedState !CMD_RSSI_POLL rt=111079967/111079967 18 0 "TP-LINK_6458" 30:fc:68:8f:64:58 rssi=-42 f=2437 sc=60 link=72 tx=56.9, 0.0, 0.0  rx=44.9 bcn=0 [on:0 tx:0 rx:0 period:4] from screen [on:0 period:1506462944] score=60
05-28 13:39:22.465 D/WifiStateMachine( 2338):  get link layer stats 0
05-28 13:39:22.466 D/WifiStateMachine( 2338): fetchRssiLinkSpeedAndFrequencyNative rssi=-42 linkspeed=72 freq=2437
05-28 13:39:22.466 V/WifiConfigManager 2018.2.28( 2338): Updating scan detail cache freq=2437 BSSID=30:fc:68:8f:64:58 RSSI=-42 for "TP-LINK_6458"WPA_PSK
05-28 13:39:22.495 D/XiriAccessibilityService( 3250): [2] onAccessibilityEvent
05-28 13:39:22.506 D/ControlCenterWorkThread( 7269): refreshDevices...
05-28 13:39:22.508 D/ControlCenterWorkThread( 7269): Mcontroller controlCenterWorkThread MCstartSearch
05-28 13:39:22.535 W/vf_audio_hw( 2366): ctrl chan socket @/data/misc/bluedroid/.voice_ctrl connect errno=[111], err=[Connection refused]
05-28 13:39:22.559 D/XiriAccessibilityService( 3250): [2] onAccessibilityEvent
05-28 13:39:22.578 D/XiriAccessibilityService( 3250): [2] onAccessibilityEvent
05-28 13:39:22.609 W/vf_audio_hw( 2366): data chan socket @/data/misc/bluedroid/.voice_data connect errno=[111], err=[Connection refused]
05-28 13:39:22.984 W/bmaudio_hw_default( 2366): data chan socket /data/misc/bluedroid/.le_data connect errno=[111], err=[Connection refused]
05-28 13:39:23.071 D/vf_audio_hw( 2366): heart beat sended to xiri
05-28 13:39:23.071 D/LocalSocketTransmitVoice( 3250): [91] read string=heart_beat
05-28 13:39:23.456 D/XiriTopActivityManager( 3250): [2] setTopActivityClsName = com.smart.changhong.smartipptv.MainActivity
05-28 13:39:24.536 W/vf_audio_hw( 2366): ctrl chan socket @/data/misc/bluedroid/.voice_ctrl connect errno=[111], err=[Connection refused]
05-28 13:39:24.609 W/vf_audio_hw( 2366): data chan socket @/data/misc/bluedroid/.voice_data connect errno=[111], err=[Connection refused]
05-28 13:39:24.710 D/XiriAccessibilityService( 3250): [2] onAccessibilityEvent
05-28 13:39:24.941 I/chatty  ( 3250): uid=10029(u0_a29) com.iflytek.xiri identical 6 lines
05-28 13:39:24.981 D/XiriAccessibilityService( 3250): [2] onAccessibilityEvent
05-28 13:39:24.984 W/bmaudio_hw_default( 2366): data chan socket /data/misc/bluedroid/.le_data connect errno=[111], err=[Connection refused]
05-28 13:39:25.050 D/XiriAccessibilityService( 3250): [2] onAccessibilityEvent
05-28 13:39:25.466 I/chatty  ( 3250): uid=10029(u0_a29) com.iflytek.xiri identical 12 lines
05-28 13:39:25.469 D/XiriAccessibilityService( 3250): [2] onAccessibilityEvent
05-28 13:39:25.469 D/WifiStateMachine( 2338):  ConnectedState !CMD_RSSI_POLL rt=111082975/111082975 18 0 "TP-LINK_6458" 30:fc:68:8f:64:58 rssi=-42 f=2437 sc=60 link=72 tx=64.0, 0.0, 0.0  rx=52.4 bcn=0 [on:0 tx:0 rx:0 period:3000] from screen [on:0 period:1506465949] score=60
05-28 13:39:25.469 D/WifiStateMachine( 2338):  L2ConnectedState !CMD_RSSI_POLL rt=111082976/111082976 18 0 "TP-LINK_6458" 30:fc:68:8f:64:58 rssi=-42 f=2437 sc=60 link=72 tx=64.0, 0.0, 0.0  rx=52.4 bcn=0 [on:0 tx:0 rx:0 period:0] from screen [on:0 period:1506465949] score=60
05-28 13:39:25.470 D/WifiStateMachine( 2338):  get link layer stats 0
05-28 13:39:25.471 D/WifiStateMachine( 2338): fetchRssiLinkSpeedAndFrequencyNative rssi=-42 linkspeed=72 freq=2437
05-28 13:39:25.471 V/WifiConfigManager 2018.2.28( 2338): Updating scan detail cache freq=2437 BSSID=30:fc:68:8f:64:58 RSSI=-42 for "TP-LINK_6458"WPA_PSK
05-28 13:39:25.472 D/XiriAccessibilityService( 3250): [2] onAccessibilityEvent
05-28 13:39:25.571 I/chatty  ( 3250): uid=10029(u0_a29) com.iflytek.xiri identical 2 lines
05-28 13:39:25.578 D/XiriAccessibilityService( 3250): [2] onAccessibilityEvent
05-28 13:39:25.740 V/IPP3.4  ( 1806): Client:recv 12 from 192.168.1.165:17958
05-28 13:39:26.536 W/vf_audio_hw( 2366): ctrl chan socket @/data/misc/bluedroid/.voice_ctrl connect errno=[111], err=[Connection refused]
05-28 13:39:26.609 W/vf_audio_hw( 2366): data chan socket @/data/misc/bluedroid/.voice_data connect errno=[111], err=[Connection refused]
05-28 13:39:26.984 W/bmaudio_hw_default( 2366): data chan socket /data/misc/bluedroid/.le_data connect errno=[111], err=[Connection refused]
05-28 13:39:27.727 D/XiriAccessibilityService( 3250): [2] onAccessibilityEvent
05-28 13:39:27.979 I/chatty  ( 3250): uid=10029(u0_a29) com.iflytek.xiri identical 7 lines
05-28 13:39:28.047 D/XiriAccessibilityService( 3250): [2] onAccessibilityEvent
05-28 13:39:28.075 D/vf_audio_hw( 2366): heart beat sended to xiri
05-28 13:39:28.075 D/LocalSocketTransmitVoice( 3250): [91] read string=heart_beat
05-28 13:39:28.092 D/XiriAccessibilityService( 3250): [2] onAccessibilityEvent
05-28 13:39:28.379 I/chatty  ( 3250): uid=10029(u0_a29) com.iflytek.xiri identical 8 lines
05-28 13:39:28.433 D/XiriAccessibilityService( 3250): [2] onAccessibilityEvent
05-28 13:39:28.470 D/XiriTopActivityManager( 3250): [2] setTopActivityClsName = com.smart.changhong.smartipptv.MainActivity
05-28 13:39:28.473 D/WifiStateMachine( 2338):  ConnectedState !CMD_RSSI_POLL rt=111085980/111085980 18 0 "TP-LINK_6458" 30:fc:68:8f:64:58 rssi=-42 f=2437 sc=60 link=72 tx=63.0, 0.0, 0.0  rx=49.2 bcn=0 [on:0 tx:0 rx:0 period:3001] from screen [on:0 period:1506468953] score=60
05-28 13:39:28.474 D/WifiStateMachine( 2338):  L2ConnectedState !CMD_RSSI_POLL rt=111085980/111085980 18 0 "TP-LINK_6458" 30:fc:68:8f:64:58 rssi=-42 f=2437 sc=60 link=72 tx=63.0, 0.0, 0.0  rx=49.2 bcn=0 [on:0 tx:0 rx:0 period:1] from screen [on:0 period:1506468954] score=60
05-28 13:39:28.474 D/WifiStateMachine( 2338):  get link layer stats 0
05-28 13:39:28.475 D/WifiStateMachine( 2338): fetchRssiLinkSpeedAndFrequencyNative rssi=-43 linkspeed=72 freq=2437
05-28 13:39:28.475 V/WifiConfigManager 2018.2.28( 2338): Updating scan detail cache freq=2437 BSSID=30:fc:68:8f:64:58 RSSI=-42 for "TP-LINK_6458"WPA_PSK
05-28 13:39:28.478 D/XiriAccessibilityService( 3250): [2] onAccessibilityEvent
05-28 13:39:28.479 I/chatty  ( 3250): uid=10029(u0_a29) com.iflytek.xiri identical 2 lines
05-28 13:39:28.530 D/XiriAccessibilityService( 3250): [2] onAccessibilityEvent
05-28 13:39:28.536 W/vf_audio_hw( 2366): ctrl chan socket @/data/misc/bluedroid/.voice_ctrl connect errno=[111], err=[Connection refused]
05-28 13:39:28.543 V/IPP3.4  ( 1806): Client:recv 12 from 192.168.1.187:17702
05-28 13:39:28.549 D/XiriAccessibilityService( 3250): [2] onAccessibilityEvent
05-28 13:39:28.580 D/XiriAccessibilityService( 3250): [2] onAccessibilityEvent
05-28 13:39:28.609 W/vf_audio_hw( 2366): data chan socket @/data/misc/bluedroid/.voice_data connect errno=[111], err=[Connection refused]
05-28 13:39:28.985 W/bmaudio_hw_default( 2366): data chan socket /data/misc/bluedroid/.le_data connect errno=[111], err=[Connection refused]
05-28 13:39:30.536 W/vf_audio_hw( 2366): ctrl chan socket @/data/misc/bluedroid/.voice_ctrl connect errno=[111], err=[Connection refused]
05-28 13:39:30.610 W/vf_audio_hw( 2366): data chan socket @/data/misc/bluedroid/.voice_data connect errno=[111], err=[Connection refused]
05-28 13:39:30.739 D/XiriAccessibilityService( 3250): [2] onAccessibilityEvent
05-28 13:39:30.865 I/chatty  ( 3250): uid=10029(u0_a29) com.iflytek.xiri identical 4 lines
05-28 13:39:30.949 D/XiriAccessibilityService( 3250): [2] onAccessibilityEvent
05-28 13:39:30.985 W/bmaudio_hw_default( 2366): data chan socket /data/misc/bluedroid/.le_data connect errno=[111], err=[Connection refused]
05-28 13:39:30.994 D/XiriAccessibilityService( 3250): [2] onAccessibilityEvent
05-28 13:39:30.995 D/XiriAccessibilityService( 3250): [2] onAccessibilityEvent
05-28 13:39:31.022 E/MediaPlayerService( 2377): onvif_get_addaddr time out to find camera
05-28 13:39:31.022 E/CameraService( 2367): func:waitForOnvifEvent line:209 url= ch_ipcamera_num=0 mNumberOfCameras=0 g_sleep_time=9 g_camera_url=
05-28 13:39:31.061 D/XiriAccessibilityService( 3250): [2] onAccessibilityEvent
05-28 13:39:31.400 I/chatty  ( 3250): uid=10029(u0_a29) com.iflytek.xiri identical 9 lines
05-28 13:39:31.453 D/XiriAccessibilityService( 3250): [2] onAccessibilityEvent
05-28 13:39:31.479 D/WifiStateMachine( 2338):  ConnectedState !CMD_RSSI_POLL rt=111088985/111088985 18 0 "TP-LINK_6458" 30:fc:68:8f:64:58 rssi=-43 f=2437 sc=60 link=72 tx=53.5, 0.0, 0.0  rx=49.1 bcn=0 [on:0 tx:0 rx:0 period:3003] from screen [on:0 period:1506471959] score=60
05-28 13:39:31.481 D/WifiStateMachine( 2338):  L2ConnectedState !CMD_RSSI_POLL rt=111088986/111088986 18 0 "TP-LINK_6458" 30:fc:68:8f:64:58 rssi=-43 f=2437 sc=60 link=72 tx=53.5, 0.0, 0.0  rx=49.1 bcn=0 [on:0 tx:0 rx:0 period:2] from screen [on:0 period:1506471961] score=60
05-28 13:39:31.481 D/WifiStateMachine( 2338):  get link layer stats 0
05-28 13:39:31.482 D/WifiStateMachine( 2338): fetchRssiLinkSpeedAndFrequencyNative rssi=-43 linkspeed=72 freq=2437
05-28 13:39:31.483 V/WifiConfigManager 2018.2.28( 2338): Updating scan detail cache freq=2437 BSSID=30:fc:68:8f:64:58 RSSI=-42 for "TP-LINK_6458"WPA_PSK
05-28 13:39:31.489 D/XiriAccessibilityService( 3250): [2] onAccessibilityEvent
05-28 13:39:31.594 I/chatty  ( 3250): uid=10029(u0_a29) com.iflytek.xiri identical 5 lines
05-28 13:39:31.611 D/XiriAccessibilityService( 3250): [2] onAccessibilityEvent
05-28 13:39:32.537 W/vf_audio_hw( 2366): ctrl chan socket @/data/misc/bluedroid/.voice_ctrl connect errno=[111], err=[Connection refused]
05-28 13:39:32.547 D/ControlCenterWorkThread( 7269): refreshDevices...
05-28 13:39:32.548 D/ControlCenterWorkThread( 7269): Mcontroller controlCenterWorkThread MCstartSearch
05-28 13:39:32.610 W/vf_audio_hw( 2366): data chan socket @/data/misc/bluedroid/.voice_data connect errno=[111], err=[Connection refused]
05-28 13:39:32.985 W/bmaudio_hw_default( 2366): data chan socket /data/misc/bluedroid/.le_data connect errno=[111], err=[Connection refused]
05-28 13:39:33.080 D/vf_audio_hw( 2366): heart beat sended to xiri
05-28 13:39:33.080 D/LocalSocketTransmitVoice( 3250): [91] read string=heart_beat
05-28 13:39:33.488 D/XiriTopActivityManager( 3250): [2] setTopActivityClsName = com.smart.changhong.smartipptv.MainActivity
05-28 13:39:33.744 D/XiriAccessibilityService( 3250): [2] onAccessibilityEvent
05-28 13:39:34.485 I/chatty  ( 3250): uid=10029(u0_a29) com.iflytek.xiri identical 22 lines
05-28 13:39:34.487 D/XiriAccessibilityService( 3250): [2] onAccessibilityEvent
05-28 13:39:34.487 D/WifiStateMachine( 2338):  ConnectedState !CMD_RSSI_POLL rt=111091994/111091994 18 0 "TP-LINK_6458" 30:fc:68:8f:64:58 rssi=-43 f=2437 sc=60 link=72 tx=49.7, 0.0, 0.0  rx=42.1 bcn=0 [on:0 tx:0 rx:0 period:3003] from screen [on:0 period:1506474967] score=60
05-28 13:39:34.488 D/WifiStateMachine( 2338):  L2ConnectedState !CMD_RSSI_POLL rt=111091994/111091994 18 0 "TP-LINK_6458" 30:fc:68:8f:64:58 rssi=-43 f=2437 sc=60 link=72 tx=49.7, 0.0, 0.0  rx=42.1 bcn=0 [on:0 tx:0 rx:0 period:1] from screen [on:0 period:1506474968] score=60
05-28 13:39:34.488 D/WifiStateMachine( 2338):  get link layer stats 0
05-28 13:39:34.489 D/WifiStateMachine( 2338): fetchRssiLinkSpeedAndFrequencyNative rssi=-42 linkspeed=72 freq=2437
05-28 13:39:34.489 V/WifiConfigManager 2018.2.28( 2338): Updating scan detail cache freq=2437 BSSID=30:fc:68:8f:64:58 RSSI=-42 for "TP-LINK_6458"WPA_PSK
05-28 13:39:34.537 W/vf_audio_hw( 2366): ctrl chan socket @/data/misc/bluedroid/.voice_ctrl connect errno=[111], err=[Connection refused]
05-28 13:39:34.547 D/XiriAccessibilityService( 3250): [2] onAccessibilityEvent
05-28 13:39:34.582 D/XiriAccessibilityService( 3250): [2] onAccessibilityEvent
05-28 13:39:34.610 W/vf_audio_hw( 2366): data chan socket @/data/misc/bluedroid/.voice_data connect errno=[111], err=[Connection refused]
05-28 13:39:34.610 D/XiriAccessibilityService( 3250): [2] onAccessibilityEvent
05-28 13:39:34.985 W/bmaudio_hw_default( 2366): data chan socket /data/misc/bluedroid/.le_data connect errno=[111], err=[Connection refused]
05-28 13:39:35.222 I/hpplay-java( 8440): [main]:LelinkCastWrapper:getOption  option: OPTION_SERVERINFO
05-28 13:39:35.223 I/hpplay-java( 8440): [main]:LelinkCastImpl:getOption option: OPTION_SERVERINFO
05-28 13:39:35.225 I/hpplay-java( 8440): [main]:LelinkCastWrapper:getOption  option: OPTION_SERVERINFO
05-28 13:39:35.226 I/hpplay-java( 8440): [main]:LelinkCastImpl:getOption option: OPTION_SERVERINFO
05-28 13:39:36.537 W/vf_audio_hw( 2366): ctrl chan socket @/data/misc/bluedroid/.voice_ctrl connect errno=[111], err=[Connection refused]
05-28 13:39:36.610 W/vf_audio_hw( 2366): data chan socket @/data/misc/bluedroid/.voice_data connect errno=[111], err=[Connection refused]
05-28 13:39:36.750 D/XiriAccessibilityService( 3250): [2] onAccessibilityEvent
05-28 13:39:36.879 I/chatty  ( 3250): uid=10029(u0_a29) com.iflytek.xiri identical 4 lines
05-28 13:39:36.964 D/XiriAccessibilityService( 3250): [2] onAccessibilityEvent
05-28 13:39:36.985 W/bmaudio_hw_default( 2366): data chan socket /data/misc/bluedroid/.le_data connect errno=[111], err=[Connection refused]
05-28 13:39:37.002 D/XiriAccessibilityService( 3250): [2] onAccessibilityEvent
05-28 13:39:37.499 I/chatty  ( 3250): uid=10029(u0_a29) com.iflytek.xiri identical 15 lines
05-28 13:39:37.499 D/XiriAccessibilityService( 3250): [2] onAccessibilityEvent
05-28 13:39:37.500 D/WifiStateMachine( 2338):  ConnectedState !CMD_RSSI_POLL rt=111095000/111095000 18 0 "TP-LINK_6458" 30:fc:68:8f:64:58 rssi=-42 f=2437 sc=60 link=72 tx=54.9, 0.0, 0.0  rx=44.0 bcn=0 [on:0 tx:0 rx:0 period:2997] from screen [on:0 period:1506477975] score=60
05-28 13:39:37.500 D/WifiStateMachine( 2338):  L2ConnectedState !CMD_RSSI_POLL rt=111095007/111095007 18 0 "TP-LINK_6458" 30:fc:68:8f:64:58 rssi=-42 f=2437 sc=60 link=72 tx=54.9, 0.0, 0.0  rx=44.0 bcn=0 [on:0 tx:0 rx:0 period:5] from screen [on:0 period:1506477980] score=60
05-28 13:39:37.501 D/WifiStateMachine( 2338):  get link layer stats 0
05-28 13:39:37.501 D/WifiStateMachine( 2338): fetchRssiLinkSpeedAndFrequencyNative rssi=-42 linkspeed=72 freq=2437
05-28 13:39:37.502 V/WifiConfigManager 2018.2.28( 2338): Updating scan detail cache freq=2437 BSSID=30:fc:68:8f:64:58 RSSI=-42 for "TP-LINK_6458"WPA_PSK
05-28 13:39:37.547 D/XiriAccessibilityService( 3250): [2] onAccessibilityEvent
05-28 13:39:37.580 I/chatty  ( 3250): uid=10029(u0_a29) com.iflytek.xiri identical 1 line
05-28 13:39:37.602 D/XiriAccessibilityService( 3250): [2] onAccessibilityEvent
05-28 13:39:38.087 D/vf_audio_hw( 2366): heart beat sended to xiri
05-28 13:39:38.087 D/LocalSocketTransmitVoice( 3250): [91] read string=heart_beat
05-28 13:39:38.510 D/XiriTopActivityManager( 3250): [2] setTopActivityClsName = com.smart.changhong.smartipptv.MainActivity
05-28 13:39:38.538 W/vf_audio_hw( 2366): ctrl chan socket @/data/misc/bluedroid/.voice_ctrl connect errno=[111], err=[Connection refused]
05-28 13:39:38.590 V/silence/SilenceManager( 8319): before Polling---appdistDevicefreqDay---1times
05-28 13:39:38.591 V/silence/SilenceManager( 8319): before Polling---ToDay requested 0times
05-28 13:39:38.610 V/silence/SilenceManager( 8319): In the Polling---DistActiveWL--check fail-go next
05-28 13:39:38.610 W/vf_audio_hw( 2366): data chan socket @/data/misc/bluedroid/.voice_data connect errno=[111], err=[Connection refused]
05-28 13:39:38.986 W/bmaudio_hw_default( 2366): data chan socket /data/misc/bluedroid/.le_data connect errno=[111], err=[Connection refused]
05-28 13:39:39.757 D/XiriAccessibilityService( 3250): [2] onAccessibilityEvent
05-28 13:39:40.500 I/chatty  ( 3250): uid=10029(u0_a29) com.iflytek.xiri identical 22 lines
05-28 13:39:40.500 D/XiriAccessibilityService( 3250): [2] onAccessibilityEvent
05-28 13:39:40.506 D/WifiStateMachine( 2338):  ConnectedState !CMD_RSSI_POLL rt=111098012/111098012 18 0 "TP-LINK_6458" 30:fc:68:8f:64:58 rssi=-42 f=2437 sc=60 link=72 tx=71.9, 0.0, 0.0  rx=59.5 bcn=0 [on:0 tx:0 rx:0 period:3003] from screen [on:0 period:1506480986] score=60
05-28 13:39:40.507 D/WifiStateMachine( 2338):  L2ConnectedState !CMD_RSSI_POLL rt=111098013/111098013 18 0 "TP-LINK_6458" 30:fc:68:8f:64:58 rssi=-42 f=2437 sc=60 link=72 tx=71.9, 0.0, 0.0  rx=59.5 bcn=0 [on:0 tx:0 rx:0 period:0] from screen [on:0 period:1506480986] score=60
05-28 13:39:40.507 D/WifiStateMachine( 2338):  get link layer stats 0
05-28 13:39:40.507 D/WifiStateMachine( 2338): fetchRssiLinkSpeedAndFrequencyNative rssi=-42 linkspeed=72 freq=2437
05-28 13:39:40.507 V/WifiConfigManager 2018.2.28( 2338): Updating scan detail cache freq=2437 BSSID=30:fc:68:8f:64:58 RSSI=-42 for "TP-LINK_6458"WPA_PSK
05-28 13:39:40.538 W/vf_audio_hw( 2366): ctrl chan socket @/data/misc/bluedroid/.voice_ctrl connect errno=[111], err=[Connection refused]
05-28 13:39:40.547 D/XiriAccessibilityService( 3250): [2] onAccessibilityEvent
05-28 13:39:40.595 D/XiriAccessibilityService( 3250): [2] onAccessibilityEvent
05-28 13:39:40.610 W/vf_audio_hw( 2366): data chan socket @/data/misc/bluedroid/.voice_data connect errno=[111], err=[Connection refused]
05-28 13:39:40.629 D/XiriAccessibilityService( 3250): [2] onAccessibilityEvent
05-28 13:39:40.986 W/bmaudio_hw_default( 2366): data chan socket /data/misc/bluedroid/.le_data connect errno=[111], err=[Connection refused]
05-28 13:39:41.555 V/IPP3.4  ( 1806): Client:recv 12 from 192.168.1.165:17958
05-28 13:39:42.539 W/vf_audio_hw( 2366): ctrl chan socket @/data/misc/bluedroid/.voice_ctrl connect errno=[111], err=[Connection refused]
05-28 13:39:42.588 D/ControlCenterWorkThread( 7269): refreshDevices...
05-28 13:39:42.589 D/ControlCenterWorkThread( 7269): Mcontroller controlCenterWorkThread MCstartSearch
05-28 13:39:42.611 W/vf_audio_hw( 2366): data chan socket @/data/misc/bluedroid/.voice_data connect errno=[111], err=[Connection refused]
05-28 13:39:42.761 D/XiriAccessibilityService( 3250): [2] onAccessibilityEvent
05-28 13:39:42.865 I/chatty  ( 3250): uid=10029(u0_a29) com.iflytek.xiri identical 3 lines
05-28 13:39:42.895 D/XiriAccessibilityService( 3250): [2] onAccessibilityEvent
05-28 13:39:42.931 D/UTAnalytics:CommitTask(12639): pid:12639 check&commit event:65502,
05-28 13:39:42.932 D/UTAnalytics:CommitTask(12639): pid:12639 next:65502,
05-28 13:39:42.932 D/UTAnalytics:CommitTask(12639): pid:12639 check&commit event:65501,
05-28 13:39:42.932 D/UTAnalytics:CommitTask(12639): pid:12639 check&commit event:65503,
05-28 13:39:42.932 D/UTAnalytics:CommitTask(12639): pid:12639 next:65501,
05-28 13:39:42.932 D/UTAnalytics:CommitTask(12639): pid:12639 next:65503,
05-28 13:39:42.971 D/UTAnalytics:UploadTask(12639): pid:12639 Upload,
05-28 13:39:42.973 D/UTAnalytics:LogStoreMgr(12639): pid:12639 [store],
05-28 13:39:42.977 D/XiriAccessibilityService( 3250): [2] onAccessibilityEvent
05-28 13:39:42.981 D/UTAnalytics:UTSqliteLogStore(12639): pid:12639 sql:SELECT * FROM log ORDER BY time ASC  LIMIT 99,
05-28 13:39:42.985 D/UTAnalytics:LogStoreMgr(12639): pid:12639 [get],[],
05-28 13:39:42.986 W/bmaudio_hw_default( 2366): data chan socket /data/misc/bluedroid/.le_data connect errno=[111], err=[Connection refused]
05-28 13:39:42.987 D/XiriAccessibilityService( 3250): [2] onAccessibilityEvent
05-28 13:39:42.990 D/UTAnalytics:UploadEngine(12639): pid:12639 UTDC.bBackground:false,AppInfoUtil.isForeground(UTDC.getContext()) ,true,
05-28 13:39:42.992 D/UTAnalytics:UploadTask(12639): pid:12639 mPeriod:30000,
05-28 13:39:43.019 D/XiriAccessibilityService( 3250): [2] onAccessibilityEvent
05-28 13:39:43.090 I/chatty  ( 3250): uid=10029(u0_a29) com.iflytek.xiri identical 1 line
05-28 13:39:43.091 D/XiriAccessibilityService( 3250): [2] onAccessibilityEvent
05-28 13:39:43.093 D/vf_audio_hw( 2366): heart beat sended to xiri
05-28 13:39:43.094 D/LocalSocketTransmitVoice( 3250): [91] read string=heart_beat
05-28 13:39:43.123 D/UTAnalytics:CommitTask(12639): pid:12639 check&commit event:65133,
05-28 13:39:43.123 D/UTAnalytics:CommitTask(12639): pid:12639 next:65133,
05-28 13:39:43.156 D/XiriAccessibilityService( 3250): [2] onAccessibilityEvent
05-28 13:39:43.433 I/chatty  ( 3250): uid=10029(u0_a29) com.iflytek.xiri identical 8 lines
05-28 13:39:43.500 D/XiriAccessibilityService( 3250): [2] onAccessibilityEvent
05-28 13:39:43.513 D/WifiStateMachine( 2338):  ConnectedState !CMD_RSSI_POLL rt=111101017/111101017 18 0 "TP-LINK_6458" 30:fc:68:8f:64:58 rssi=-42 f=2437 sc=60 link=72 tx=63.5, 0.0, 0.0  rx=48.3 bcn=0 [on:0 tx:0 rx:0 period:3003] from screen [on:0 period:1506483992] score=60
05-28 13:39:43.518 D/WifiStateMachine( 2338):  L2ConnectedState !CMD_RSSI_POLL rt=111101020/111101020 18 0 "TP-LINK_6458" 30:fc:68:8f:64:58 rssi=-42 f=2437 sc=60 link=72 tx=63.5, 0.0, 0.0  rx=48.3 bcn=0 [on:0 tx:0 rx:0 period:6] from screen [on:0 period:1506483998] score=60
05-28 13:39:43.518 D/WifiStateMachine( 2338):  get link layer stats 0
05-28 13:39:43.520 D/WifiStateMachine( 2338): fetchRssiLinkSpeedAndFrequencyNative rssi=-42 linkspeed=72 freq=2437
05-28 13:39:43.520 V/WifiConfigManager 2018.2.28( 2338): Updating scan detail cache freq=2437 BSSID=30:fc:68:8f:64:58 RSSI=-42 for "TP-LINK_6458"WPA_PSK
05-28 13:39:43.528 D/XiriAccessibilityService( 3250): [2] onAccessibilityEvent
05-28 13:39:43.532 D/XiriTopActivityManager( 3250): [2] setTopActivityClsName = com.smart.changhong.smartipptv.MainActivity
05-28 13:39:43.551 D/XiriAccessibilityService( 3250): [2] onAccessibilityEvent
05-28 13:39:43.629 D/XiriAccessibilityService( 3250): [2] onAccessibilityEvent
05-28 13:39:44.539 W/vf_audio_hw( 2366): ctrl chan socket @/data/misc/bluedroid/.voice_ctrl connect errno=[111], err=[Connection refused]
05-28 13:39:44.611 W/vf_audio_hw( 2366): data chan socket @/data/misc/bluedroid/.voice_data connect errno=[111], err=[Connection refused]
05-28 13:39:44.818 V/IPP3.4  ( 1806): Client:recv 12 from 192.168.1.187:17702
05-28 13:39:44.986 W/bmaudio_hw_default( 2366): data chan socket /data/misc/bluedroid/.le_data connect errno=[111], err=[Connection refused]
05-28 13:39:45.771 D/XiriAccessibilityService( 3250): [2] onAccessibilityEvent
05-28 13:39:46.506 I/chatty  ( 3250): uid=10029(u0_a29) com.iflytek.xiri identical 19 lines
05-28 13:39:46.506 D/XiriAccessibilityService( 3250): [2] onAccessibilityEvent
05-28 13:39:46.525 D/WifiStateMachine( 2338):  ConnectedState !CMD_RSSI_POLL rt=111104031/111104031 18 0 "TP-LINK_6458" 30:fc:68:8f:64:58 rssi=-42 f=2437 sc=60 link=72 tx=52.7, 0.0, 0.0  rx=40.1 bcn=0 [on:0 tx:0 rx:0 period:2999] from screen [on:0 period:1506487005] score=60
05-28 13:39:46.526 D/WifiStateMachine( 2338):  L2ConnectedState !CMD_RSSI_POLL rt=111104032/111104032 18 0 "TP-LINK_6458" 30:fc:68:8f:64:58 rssi=-42 f=2437 sc=60 link=72 tx=52.7, 0.0, 0.0  rx=40.1 bcn=0 [on:0 tx:0 rx:0 period:1] from screen [on:0 period:1506487006] score=60
05-28 13:39:46.526 D/WifiStateMachine( 2338):  get link layer stats 0
05-28 13:39:46.527 D/WifiStateMachine( 2338): fetchRssiLinkSpeedAndFrequencyNative rssi=-42 linkspeed=72 freq=2437
05-28 13:39:46.527 V/WifiConfigManager 2018.2.28( 2338): Updating scan detail cache freq=2437 BSSID=30:fc:68:8f:64:58 RSSI=-42 for "TP-LINK_6458"WPA_PSK
05-28 13:39:46.539 W/vf_audio_hw( 2366): ctrl chan socket @/data/misc/bluedroid/.voice_ctrl connect errno=[111], err=[Connection refused]
05-28 13:39:46.584 D/XiriAccessibilityService( 3250): [2] onAccessibilityEvent
05-28 13:39:46.606 D/XiriAccessibilityService( 3250): [2] onAccessibilityEvent
05-28 13:39:46.611 W/vf_audio_hw( 2366): data chan socket @/data/misc/bluedroid/.voice_data connect errno=[111], err=[Connection refused]
05-28 13:39:46.987 W/bmaudio_hw_default( 2366): data chan socket /data/misc/bluedroid/.le_data connect errno=[111], err=[Connection refused]
05-28 13:39:48.097 D/vf_audio_hw( 2366): heart beat sended to xiri
05-28 13:39:48.098 D/LocalSocketTransmitVoice( 3250): [91] read string=heart_beat
05-28 13:39:48.496 V/Logger-CHUserCenter( 4335): TaskMonitorService, mQueryCplTask PERIOD==300000
05-28 13:39:48.496 V/Logger-CHUserCenter( 4335): TaskMonitorService, deal with task data!!!
05-28 13:39:48.496 V/Logger-CHUserCenter( 4335): TaskMonitorService, dealWithUsagestats
05-28 13:39:48.539 W/vf_audio_hw( 2366): ctrl chan socket @/data/misc/bluedroid/.voice_ctrl connect errno=[111], err=[Connection refused]
05-28 13:39:48.553 D/XiriTopActivityManager( 3250): [2] setTopActivityClsName = com.smart.changhong.smartipptv.MainActivity
05-28 13:39:48.611 W/vf_audio_hw( 2366): data chan socket @/data/misc/bluedroid/.voice_data connect errno=[111], err=[Connection refused]
05-28 13:39:48.774 D/XiriAccessibilityService( 3250): [2] onAccessibilityEvent
05-28 13:39:48.898 I/chatty  ( 3250): uid=10029(u0_a29) com.iflytek.xiri identical 4 lines
05-28 13:39:48.983 D/XiriAccessibilityService( 3250): [2] onAccessibilityEvent
05-28 13:39:48.987 W/bmaudio_hw_default( 2366): data chan socket /data/misc/bluedroid/.le_data connect errno=[111], err=[Connection refused]
05-28 13:39:49.017 D/XiriAccessibilityService( 3250): [2] onAccessibilityEvent
05-28 13:39:49.018 D/XiriAccessibilityService( 3250): [2] onAccessibilityEvent
05-28 13:39:49.032 E/MediaPlayerService( 2377): onvif_get_addaddr time out to find camera
05-28 13:39:49.033 E/CameraService( 2367): func:waitForOnvifEvent line:209 url= ch_ipcamera_num=0 mNumberOfCameras=0 g_sleep_time=9 g_camera_url=
05-28 13:39:49.083 D/XiriAccessibilityService( 3250): [2] onAccessibilityEvent
05-28 13:39:49.496 I/chatty  ( 3250): uid=10029(u0_a29) com.iflytek.xiri identical 11 lines
05-28 13:39:49.500 D/XiriAccessibilityService( 3250): [2] onAccessibilityEvent
05-28 13:39:49.529 D/WifiStateMachine( 2338):  ConnectedState !CMD_RSSI_POLL rt=111107035/111107035 18 0 "TP-LINK_6458" 30:fc:68:8f:64:58 rssi=-42 f=2437 sc=60 link=72 tx=68.4, 0.0, 0.0  rx=59.1 bcn=0 [on:0 tx:0 rx:0 period:2999] from screen [on:0 period:1506490009] score=60
05-28 13:39:49.529 D/WifiStateMachine( 2338):  L2ConnectedState !CMD_RSSI_POLL rt=111107036/111107036 18 0 "TP-LINK_6458" 30:fc:68:8f:64:58 rssi=-42 f=2437 sc=60 link=72 tx=68.4, 0.0, 0.0  rx=59.1 bcn=0 [on:0 tx:0 rx:0 period:0] from screen [on:0 period:1506490009] score=60
05-28 13:39:49.529 D/WifiStateMachine( 2338):  get link layer stats 0
05-28 13:39:49.530 D/WifiStateMachine( 2338): fetchRssiLinkSpeedAndFrequencyNative rssi=-42 linkspeed=72 freq=2437
05-28 13:39:49.530 V/WifiConfigManager 2018.2.28( 2338): Updating scan detail cache freq=2437 BSSID=30:fc:68:8f:64:58 RSSI=-42 for "TP-LINK_6458"WPA_PSK
05-28 13:39:49.564 D/XiriAccessibilityService( 3250): [2] onAccessibilityEvent
05-28 13:39:49.595 I/chatty  ( 3250): uid=10029(u0_a29) com.iflytek.xiri identical 1 line
05-28 13:39:49.644 D/XiriAccessibilityService( 3250): [2] onAccessibilityEvent
05-28 13:39:50.540 W/vf_audio_hw( 2366): ctrl chan socket @/data/misc/bluedroid/.voice_ctrl connect errno=[111], err=[Connection refused]
05-28 13:39:50.612 W/vf_audio_hw( 2366): data chan socket @/data/misc/bluedroid/.voice_data connect errno=[111], err=[Connection refused]
05-28 13:39:50.947 I/hpplay-java( 8440): [AsyncTask #7]:IM_AbstractBlockingClient:restart
05-28 13:39:50.948 I/hpplay-java( 8440): [AsyncTask #7]:IM_AbstractBlockingClient:stopHeartBeat com.hpplay.common2.asyncmanager.AsyncManager$2@4267c36
05-28 13:39:50.948 I/hpplay-java( 8440): [main]:IM_IMEntrance:disconnect
05-28 13:39:50.949 I/hpplay-java( 8440): [main]:IM_PublicCastClient:onConnectFailed
05-28 13:39:50.949 I/hpplay-java( 8440): [main]:AuthSDK:getIMRoot
05-28 13:39:50.952 W/hpplay-java( 8440): [AsyncTask #15]:IM_AbstractBlockingClient:HeartbeatTask Exception java.lang.InterruptedException
05-28 13:39:50.952 W/hpplay-java( 8440): [AsyncTask #15]:IM_AbstractBlockingClient:heartBeatWrite end
05-28 13:39:50.954 I/hpplay-java( 8440): [AsyncTask #183]:HttpRequest:http://imdns.hpplay.cn/Author/GetImServer?uid=248751428822782475&v=1.0&appid=10305&token=27242d35cf5de8fc1590643198&fe=10000000  path 
05-28 13:39:50.987 W/bmaudio_hw_default( 2366): data chan socket /data/misc/bluedroid/.le_data connect errno=[111], err=[Connection refused]
05-28 13:39:51.169 I/hpplay-java( 8440): [AsyncTask #183]:HttpRequest:doGet responseCode:200  0
05-28 13:39:51.172 I/hpplay-java( 8440): [main]:AsyncHttpJob:onPostExecute object: HttpResult{resultType=0, responseCode=200}
05-28 13:39:51.186 I/hpplay-java( 8440): [main]:CloudAPI:updateDynamicUrls
05-28 13:39:51.187 I/hpplay-java( 8440): [main]:AuthSDK:getIMRoot connect
05-28 13:39:51.187 I/hpplay-java( 8440): [main]:IM_PublicCastClient:connect 
05-28 13:39:51.187 I/hpplay-java( 8440): [main]:IM_PublicCastClient:checkSwitch switch: true 
05-28 13:39:51.193 I/hpplay-java( 8440): [main]:IM_IMEntrance:connect imUrl: http://120.78.236.58
05-28 13:39:51.195 I/hpplay-java( 8440): [main]:IM_PublicCastClient:connect ACTION_PUSH: 33554943  ACTION_MIRROR: 33555199  ACTION_PLAY_CONTROL: 33555711
05-28 13:39:51.197 I/hpplay-java( 8440): [AsyncTask #184]:IM_AbstractBlockingClient:run
05-28 13:39:51.270 I/hpplay-java( 8440): [AsyncTask #184]:IM_AbstractBlockingClient:run socket:Socket[address=/120.78.236.58,port=8080,localPort=59628]
05-28 13:39:51.367 I/hpplay-java( 8440): [AsyncTask #184]:IM_MessageClient:authSuccess
05-28 13:39:51.367 I/hpplay-java( 8440): [AsyncTask #184]:IM_AbstractBlockingClient:stopHeartBeat null
05-28 13:39:51.367 I/hpplay-java( 8440): [AsyncTask #184]:IM_AbstractBlockingClient:heartBeat after 50000
05-28 13:39:51.782 D/XiriAccessibilityService( 3250): [2] onAccessibilityEvent
